Archive member included to satisfy reference by file (symbol)

C:/ST/STM32CubeIDE_1.11.2/STM32CubeIDE/plugins/com.st.stm32cube.ide.mcu.externaltools.gnu-tools-for-stm32.11.3.rel1.win32_1.1.1.202309131626/tools/bin/../lib/gcc/arm-none-eabi/11.3.1/../../../../arm-none-eabi/lib/thumb/v7e-m+fp/hard\libc_nano.a(libc_a-exit.o)
                              C:/ST/STM32CubeIDE_1.11.2/STM32CubeIDE/plugins/com.st.stm32cube.ide.mcu.externaltools.gnu-tools-for-stm32.11.3.rel1.win32_1.1.1.202309131626/tools/bin/../lib/gcc/arm-none-eabi/11.3.1/../../../../arm-none-eabi/lib/thumb/v7e-m+fp/hard/crt0.o (exit)
C:/ST/STM32CubeIDE_1.11.2/STM32CubeIDE/plugins/com.st.stm32cube.ide.mcu.externaltools.gnu-tools-for-stm32.11.3.rel1.win32_1.1.1.202309131626/tools/bin/../lib/gcc/arm-none-eabi/11.3.1/../../../../arm-none-eabi/lib/thumb/v7e-m+fp/hard\libc_nano.a(libc_a-findfp.o)
                              C:/ST/STM32CubeIDE_1.11.2/STM32CubeIDE/plugins/com.st.stm32cube.ide.mcu.externaltools.gnu-tools-for-stm32.11.3.rel1.win32_1.1.1.202309131626/tools/bin/../lib/gcc/arm-none-eabi/11.3.1/../../../../arm-none-eabi/lib/thumb/v7e-m+fp/hard\libc_nano.a(libc_a-exit.o) (__stdio_exit_handler)
C:/ST/STM32CubeIDE_1.11.2/STM32CubeIDE/plugins/com.st.stm32cube.ide.mcu.externaltools.gnu-tools-for-stm32.11.3.rel1.win32_1.1.1.202309131626/tools/bin/../lib/gcc/arm-none-eabi/11.3.1/../../../../arm-none-eabi/lib/thumb/v7e-m+fp/hard\libc_nano.a(libc_a-fwalk.o)
                              C:/ST/STM32CubeIDE_1.11.2/STM32CubeIDE/plugins/com.st.stm32cube.ide.mcu.externaltools.gnu-tools-for-stm32.11.3.rel1.win32_1.1.1.202309131626/tools/bin/../lib/gcc/arm-none-eabi/11.3.1/../../../../arm-none-eabi/lib/thumb/v7e-m+fp/hard\libc_nano.a(libc_a-findfp.o) (_fwalk_sglue)
C:/ST/STM32CubeIDE_1.11.2/STM32CubeIDE/plugins/com.st.stm32cube.ide.mcu.externaltools.gnu-tools-for-stm32.11.3.rel1.win32_1.1.1.202309131626/tools/bin/../lib/gcc/arm-none-eabi/11.3.1/../../../../arm-none-eabi/lib/thumb/v7e-m+fp/hard\libc_nano.a(libc_a-stdio.o)
                              C:/ST/STM32CubeIDE_1.11.2/STM32CubeIDE/plugins/com.st.stm32cube.ide.mcu.externaltools.gnu-tools-for-stm32.11.3.rel1.win32_1.1.1.202309131626/tools/bin/../lib/gcc/arm-none-eabi/11.3.1/../../../../arm-none-eabi/lib/thumb/v7e-m+fp/hard\libc_nano.a(libc_a-findfp.o) (__sread)
C:/ST/STM32CubeIDE_1.11.2/STM32CubeIDE/plugins/com.st.stm32cube.ide.mcu.externaltools.gnu-tools-for-stm32.11.3.rel1.win32_1.1.1.202309131626/tools/bin/../lib/gcc/arm-none-eabi/11.3.1/../../../../arm-none-eabi/lib/thumb/v7e-m+fp/hard\libc_nano.a(libc_a-memset.o)
                              C:/ST/STM32CubeIDE_1.11.2/STM32CubeIDE/plugins/com.st.stm32cube.ide.mcu.externaltools.gnu-tools-for-stm32.11.3.rel1.win32_1.1.1.202309131626/tools/bin/../lib/gcc/arm-none-eabi/11.3.1/../../../../arm-none-eabi/lib/thumb/v7e-m+fp/hard/crt0.o (memset)
C:/ST/STM32CubeIDE_1.11.2/STM32CubeIDE/plugins/com.st.stm32cube.ide.mcu.externaltools.gnu-tools-for-stm32.11.3.rel1.win32_1.1.1.202309131626/tools/bin/../lib/gcc/arm-none-eabi/11.3.1/../../../../arm-none-eabi/lib/thumb/v7e-m+fp/hard\libc_nano.a(libc_a-closer.o)
                              C:/ST/STM32CubeIDE_1.11.2/STM32CubeIDE/plugins/com.st.stm32cube.ide.mcu.externaltools.gnu-tools-for-stm32.11.3.rel1.win32_1.1.1.202309131626/tools/bin/../lib/gcc/arm-none-eabi/11.3.1/../../../../arm-none-eabi/lib/thumb/v7e-m+fp/hard\libc_nano.a(libc_a-stdio.o) (_close_r)
C:/ST/STM32CubeIDE_1.11.2/STM32CubeIDE/plugins/com.st.stm32cube.ide.mcu.externaltools.gnu-tools-for-stm32.11.3.rel1.win32_1.1.1.202309131626/tools/bin/../lib/gcc/arm-none-eabi/11.3.1/../../../../arm-none-eabi/lib/thumb/v7e-m+fp/hard\libc_nano.a(libc_a-reent.o)
                              C:/ST/STM32CubeIDE_1.11.2/STM32CubeIDE/plugins/com.st.stm32cube.ide.mcu.externaltools.gnu-tools-for-stm32.11.3.rel1.win32_1.1.1.202309131626/tools/bin/../lib/gcc/arm-none-eabi/11.3.1/../../../../arm-none-eabi/lib/thumb/v7e-m+fp/hard\libc_nano.a(libc_a-closer.o) (errno)
C:/ST/STM32CubeIDE_1.11.2/STM32CubeIDE/plugins/com.st.stm32cube.ide.mcu.externaltools.gnu-tools-for-stm32.11.3.rel1.win32_1.1.1.202309131626/tools/bin/../lib/gcc/arm-none-eabi/11.3.1/../../../../arm-none-eabi/lib/thumb/v7e-m+fp/hard\libc_nano.a(libc_a-impure.o)
                              C:/ST/STM32CubeIDE_1.11.2/STM32CubeIDE/plugins/com.st.stm32cube.ide.mcu.externaltools.gnu-tools-for-stm32.11.3.rel1.win32_1.1.1.202309131626/tools/bin/../lib/gcc/arm-none-eabi/11.3.1/../../../../arm-none-eabi/lib/thumb/v7e-m+fp/hard\libc_nano.a(libc_a-reent.o) (_impure_ptr)
C:/ST/STM32CubeIDE_1.11.2/STM32CubeIDE/plugins/com.st.stm32cube.ide.mcu.externaltools.gnu-tools-for-stm32.11.3.rel1.win32_1.1.1.202309131626/tools/bin/../lib/gcc/arm-none-eabi/11.3.1/../../../../arm-none-eabi/lib/thumb/v7e-m+fp/hard\libc_nano.a(libc_a-lseekr.o)
[...]
Memory Configuration

Name             Origin             Length             Attributes
CCMRAM           0x0000000010000000 0x0000000000010000 xrw
RAM              0x0000000020000000 0x0000000000020000 xrw
FLASH            0x0000000008000000 0x0000000000100000 xr
*default*        0x0000000000000000 0xffffffffffffffff

Linker script and memory map

LOAD C:/ST/STM32CubeIDE_1.11.2/STM32CubeIDE/plugins/com.st.stm32cube.ide.mcu.externaltools.gnu-tools-for-stm32.11.3.rel1.win32_1.1.1.202309131626/tools/bin/../lib/gcc/arm-none-eabi/11.3.1/thumb/v7e-m+fp/hard/crti.o
LOAD C:/ST/STM32CubeIDE_1.11.2/STM32CubeIDE/plugins/com.st.stm32cube.ide.mcu.externaltools.gnu-tools-for-stm32.11.3.rel1.win32_1.1.1.202309131626/tools/bin/../lib/gcc/arm-none-eabi/11.3.1/thumb/v7e-m+fp/hard/crtbegin.o
LOAD C:/ST/STM32CubeIDE_1.11.2/STM32CubeIDE/plugins/com.st.stm32cube.ide.mcu.externaltools.gnu-tools-for-stm32.11.3.rel1.win32_1.1.1.202309131626/tools/bin/../lib/gcc/arm-none-eabi/11.3.1/../../../../arm-none-eabi/lib/thumb/v7e-m+fp/hard/crt0.o
LOAD ./Core/Src/main.o
LOAD ./Core/Src/stm32f4xx_hal_msp.o
LOAD ./Core/Src/stm32f4xx_it.o
LOAD ./Core/Src/syscalls.o
LOAD ./Core/Src/sysmem.o
LOAD ./Core/Src/system_stm32f4xx.o
LOAD ./Core/Startup/startup_stm32f407vgtx.o
LOAD ./Drivers/STM32F4xx_HAL_Driver/Src/stm32f4xx_hal.o
LOAD ./Drivers/STM32F4xx_HAL_Driver/Src/stm32f4xx_hal_can.o
LOAD ./Drivers/STM32F4xx_HAL_Driver/Src/stm32f4xx_hal_cortex.o
LOAD ./Drivers/STM32F4xx_HAL_Driver/Src/stm32f4xx_hal_dma.o
LOAD ./Drivers/STM32F4xx_HAL_Driver/Src/stm32f4xx_hal_dma_ex.o
LOAD ./Drivers/STM32F4xx_HAL_Driver/Src/stm32f4xx_hal_exti.o
LOAD ./Drivers/STM32F4xx_HAL_Driver/Src/stm32f4xx_hal_flash.o
LOAD ./Drivers/STM32F4xx_HAL_Driver/Src/stm32f4xx_hal_flash_ex.o
LOAD ./Drivers/STM32F4xx_HAL_Driver/Src/stm32f4xx_hal_flash_ramfunc.o
LOAD ./Drivers/STM32F4xx_HAL_Driver/Src/stm32f4xx_hal_gpio.o
LOAD ./Drivers/STM32F4xx_HAL_Driver/Src/stm32f4xx_hal_pwr.o
LOAD ./Drivers/STM32F4xx_HAL_Driver/Src/stm32f4xx_hal_pwr_ex.o
LOAD ./Drivers/STM32F4xx_HAL_Driver/Src/stm32f4xx_hal_rcc.o
LOAD ./Drivers/STM32F4xx_HAL_Driver/Src/stm32f4xx_hal_rcc_ex.o
LOAD ./Drivers/STM32F4xx_HAL_Driver/Src/stm32f4xx_hal_tim.o
LOAD ./Drivers/STM32F4xx_HAL_Driver/Src/stm32f4xx_hal_tim_ex.o
START GROUP
LOAD C:/ST/STM32CubeIDE_1.11.2/STM32CubeIDE/plugins/com.st.stm32cube.ide.mcu.externaltools.gnu-tools-for-stm32.11.3.rel1.win32_1.1.1.202309131626/tools/bin/../lib/gcc/arm-none-eabi/11.3.1/../../../../arm-none-eabi/lib/thumb/v7e-m+fp/hard\libc_nano.a
LOAD C:/ST/STM32CubeIDE_1.11.2/STM32CubeIDE/plugins/com.st.stm32cube.ide.mcu.externaltools.gnu-tools-for-stm32.11.3.rel1.win32_1.1.1.202309131626/tools/bin/../lib/gcc/arm-none-eabi/11.3.1/../../../../arm-none-eabi/lib/thumb/v7e-m+fp/hard\libm.a
END GROUP
START GROUP
LOAD C:/ST/STM32CubeIDE_1.11.2/STM32CubeIDE/plugins/com.st.stm32cube.ide.mcu.externaltools.gnu-tools-for-stm32.11.3.rel1.win32_1.1.1.202309131626/tools/bin/../lib/gcc/arm-none-eabi/11.3.1/thumb/v7e-m+fp/hard\libgcc.a
LOAD C:/ST/STM32CubeIDE_1.11.2/STM32CubeIDE/plugins/com.st.stm32cube.ide.mcu.externaltools.gnu-tools-for-stm32.11.3.rel1.win32_1.1.1.202309131626/tools/bin/../lib/gcc/arm-none-eabi/11.3.1/../../../../arm-none-eabi/lib/thumb/v7e-m+fp/hard\libc_nano.a
END GROUP
START GROUP
LOAD C:/ST/STM32CubeIDE_1.11.2/STM32CubeIDE/plugins/com.st.stm32cube.ide.mcu.externaltools.gnu-tools-for-stm32.11.3.rel1.win32_1.1.1.202309131626/tools/bin/../lib/gcc/arm-none-eabi/11.3.1/thumb/v7e-m+fp/hard\libgcc.a
LOAD C:/ST/STM32CubeIDE_1.11.2/STM32CubeIDE/plugins/com.st.stm32cube.ide.mcu.externaltools.gnu-tools-for-stm32.11.3.rel1.win32_1.1.1.202309131626/tools/bin/../lib/gcc/arm-none-eabi/11.3.1/../../../../arm-none-eabi/lib/thumb/v7e-m+fp/hard\libc_nano.a
LOAD C:/ST/STM32CubeIDE_1.11.2/STM32CubeIDE/plugins/com.st.stm32cube.ide.mcu.externaltools.gnu-tools-for-stm32.11.3.rel1.win32_1.1.1.202309131626/tools/bin/../lib/gcc/arm-none-eabi/11.3.1/../../../../arm-none-eabi/lib/thumb/v7e-m+fp/hard\libnosys.a
END GROUP
START GROUP
LOAD C:/ST/STM32CubeIDE_1.11.2/STM32CubeIDE/plugins/com.st.stm32cube.ide.mcu.externaltools.gnu-tools-for-stm32.11.3.rel1.win32_1.1.1.202309131626/tools/bin/../lib/gcc/arm-none-eabi/11.3.1/thumb/v7e-m+fp/hard\libgcc.a
LOAD C:/ST/STM32CubeIDE_1.11.2/STM32CubeIDE/plugins/com.st.stm32cube.ide.mcu.externaltools.gnu-tools-for-stm32.11.3.rel1.win32_1.1.1.202309131626/tools/bin/../lib/gcc/arm-none-eabi/11.3.1/../../../../arm-none-eabi/lib/thumb/v7e-m+fp/hard\libc_nano.a
LOAD C:/ST/STM32CubeIDE_1.11.2/STM32CubeIDE/plugins/com.st.stm32cube.ide.mcu.externaltools.gnu-tools-for-stm32.11.3.rel1.win32_1.1.1.202309131626/tools/bin/../lib/gcc/arm-none-eabi/11.3.1/../../../../arm-none-eabi/lib/thumb/v7e-m+fp/hard\libnosys.a
END GROUP
LOAD C:/ST/STM32CubeIDE_1.11.2/STM32CubeIDE/plugins/com.st.stm32cube.ide.mcu.externaltools.gnu-tools-for-stm32.11.3.rel1.win32_1.1.1.202309131626/tools/bin/../lib/gcc/arm-none-eabi/11.3.1/thumb/v7e-m+fp/hard/crtend.o
LOAD C:/ST/STM32CubeIDE_1.11.2/STM32CubeIDE/plugins/com.st.stm32cube.ide.mcu.externaltools.gnu-tools-for-stm32.11.3.rel1.win32_1.1.1.202309131626/tools/bin/../lib/gcc/arm-none-eabi/11.3.1/thumb/v7e-m+fp/hard/crtn.o
                0x0000000020020000                _estack = (ORIGIN (RAM) + LENGTH (RAM))
                0x0000000000000200                _Min_Heap_Size = 0x200
                0x0000000000000400                _Min_Stack_Size = 0x400

.isr_vector     0x0000000008000000      0x188
                0x0000000008000000                . = ALIGN (0x4)
 *(.isr_vector)
 .isr_vector    0x0000000008000000      0x188 ./Core/Startup/startup_stm32f407vgtx.o
                0x0000000008000000                g_pfnVectors
                0x0000000008000188                . = ALIGN (0x4)

.text           0x0000000008000188     0x6a08
                0x0000000008000188                . = ALIGN (0x4)
 *(.text)
 .text          0x0000000008000188       0x40 C:/ST/STM32CubeIDE_1.11.2/STM32CubeIDE/plugins/com.st.stm32cube.ide.mcu.externaltools.gnu-tools-for-stm32.11.3.rel1.win32_1.1.1.202309131626/tools/bin/../lib/gcc/arm-none-eabi/11.3.1/thumb/v7e-m+fp/hard/crtbegin.o
 .text          0x00000000080001c8      0x378 C:/ST/STM32CubeIDE_1.11.2/STM32CubeIDE/plugins/com.st.stm32cube.ide.mcu.externaltools.gnu-tools-for-stm32.11.3.rel1.win32_1.1.1.202309131626/tools/bin/../lib/gcc/arm-none-eabi/11.3.1/thumb/v7e-m+fp/hard\libgcc.a(_arm_addsubdf3.o)
                0x00000000080001c8                __aeabi_drsub
                0x00000000080001d0                __aeabi_dsub
                0x00000000080001d0                __subdf3
                0x00000000080001d4                __aeabi_dadd
                0x00000000080001d4                __adddf3
                0x000000000800044c                __floatunsidf
                0x000000000800044c                __aeabi_ui2d
                0x000000000800046c                __floatsidf
                0x000000000800046c                __aeabi_i2d
                0x0000000008000490                __aeabi_f2d
                0x0000000008000490                __extendsfdf2
                0x00000000080004d4                __floatundidf
                0x00000000080004d4                __aeabi_ul2d
                0x00000000080004e4                __floatdidf
                0x00000000080004e4                __aeabi_l2d
 .text          0x0000000008000540      0x424 C:/ST/STM32CubeIDE_1.11.2/STM32CubeIDE/plugins/com.st.stm32cube.ide.mcu.externaltools.gnu-tools-for-stm32.11.3.rel1.win32_1.1.1.202309131626/tools/bin/../lib/gcc/arm-none-eabi/11.3.1/thumb/v7e-m+fp/hard\libgcc.a(_arm_muldivdf3.o)
                0x0000000008000540                __aeabi_dmul
                0x0000000008000540                __muldf3
                0x0000000008000794                __divdf3
                0x0000000008000794                __aeabi_ddiv
 .text          0x0000000008000964      0x110 C:/ST/STM32CubeIDE_1.11.2/STM32CubeIDE/plugins/com.st.stm32cube.ide.mcu.externaltools.gnu-tools-for-stm32.11.3.rel1.win32_1.1.1.202309131626/tools/bin/../lib/gcc/arm-none-eabi/11.3.1/thumb/v7e-m+fp/hard\libgcc.a(_arm_cmpdf2.o)
                0x0000000008000964                __gtdf2
                0x0000000008000964                __gedf2
                0x000000000800096c                __ltdf2
                0x000000000800096c                __ledf2
                0x0000000008000974                __nedf2
                0x0000000008000974                __eqdf2
                0x0000000008000974                __cmpdf2
                0x00000000080009f0                __aeabi_cdrcmple
                0x0000000008000a00                __aeabi_cdcmpeq
                0x0000000008000a00                __aeabi_cdcmple
                0x0000000008000a10                __aeabi_dcmpeq
                0x0000000008000a24                __aeabi_dcmplt
                0x0000000008000a38                __aeabi_dcmple
                0x0000000008000a4c                __aeabi_dcmpge
                0x0000000008000a60                __aeabi_dcmpgt
 .text          0x0000000008000a74       0x2c C:/ST/STM32CubeIDE_1.11.2/STM32CubeIDE/plugins/com.st.stm32cube.ide.mcu.externaltools.gnu-tools-for-stm32.11.3.rel1.win32_1.1.1.202309131626/tools/bin/../lib/gcc/arm-none-eabi/11.3.1/thumb/v7e-m+fp/hard\libgcc.a(_arm_unorddf2.o)
                0x0000000008000a74                __unorddf2
                0x0000000008000a74                __aeabi_dcmpun
 .text          0x0000000008000aa0       0xa0 C:/ST/STM32CubeIDE_1.11.2/STM32CubeIDE/plugins/com.st.stm32cube.ide.mcu.externaltools.gnu-tools-for-stm32.11.3.rel1.win32_1.1.1.202309131626/tools/bin/../lib/gcc/arm-none-eabi/11.3.1/thumb/v7e-m+fp/hard\libgcc.a(_arm_truncdfsf2.o)
                0x0000000008000aa0                __truncdfsf2
                0x0000000008000aa0                __aeabi_d2f
 .text          0x0000000008000b40       0x30 C:/ST/STM32CubeIDE_1.11.2/STM32CubeIDE/plugins/com.st.stm32cube.ide.mcu.externaltools.gnu-tools-for-stm32.11.3.rel1.win32_1.1.1.202309131626/tools/bin/../lib/gcc/arm-none-eabi/11.3.1/thumb/v7e-m+fp/hard\libgcc.a(_aeabi_uldivmod.o)
                0x0000000008000b40                __aeabi_uldivmod
 .text          0x0000000008000b70      0x2c8 C:/ST/STM32CubeIDE_1.11.2/STM32CubeIDE/plugins/com.st.stm32cube.ide.mcu.externaltools.gnu-tools-for-stm32.11.3.rel1.win32_1.1.1.202309131626/tools/bin/../lib/gcc/arm-none-eabi/11.3.1/thumb/v7e-m+fp/hard\libgcc.a(_udivmoddi4.o)
                0x0000000008000b70                __udivmoddi4
 .text          0x0000000008000e38        0x4 C:/ST/STM32CubeIDE_1.11.2/STM32CubeIDE/plugins/com.st.stm32cube.ide.mcu.externaltools.gnu-tools-for-stm32.11.3.rel1.win32_1.1.1.202309131626/tools/bin/../lib/gcc/arm-none-eabi/11.3.1/thumb/v7e-m+fp/hard\libgcc.a(_dvmd_tls.o)
                0x0000000008000e38                __aeabi_idiv0
                0x0000000008000e38                __aeabi_ldiv0
 *(.text*)
 .text.__NVIC_SystemReset
                0x0000000008000e3c       0x2c ./Core/Src/main.o
 .text.main     0x0000000008000e68       0x60 ./Core/Src/main.o
                0x0000000008000e68                main
 .text.SystemClock_Config
                0x0000000008000ec8       0xd4 ./Core/Src/main.o
                0x0000000008000ec8                SystemClock_Config
 .text.MX_CAN1_Init
                0x0000000008000f9c       0xa4 ./Core/Src/main.o
 .text.MX_TIM2_Init
                0x0000000008001040       0xa8 ./Core/Src/main.o
 .text.MX_TIM3_Init
                0x00000000080010e8       0xfc ./Core/Src/main.o
 .text.MX_TIM4_Init
                0x00000000080011e4       0xec ./Core/Src/main.o
 .text.MX_TIM9_Init
                0x00000000080012d0       0x8c ./Core/Src/main.o
 .text.MX_TIM10_Init
                0x000000000800135c       0xa8 ./Core/Src/main.o
 .text.MX_TIM11_Init
                0x0000000008001404       0xa8 ./Core/Src/main.o
 .text.MX_TIM12_Init
                0x00000000080014ac       0x88 ./Core/Src/main.o
 .text.MX_TIM13_Init
                0x0000000008001534       0x94 ./Core/Src/main.o
 .text.MX_GPIO_Init
                0x00000000080015c8      0x1b8 ./Core/Src/main.o
 .text.start_first_move
                0x0000000008001780       0x74 ./Core/Src/main.o
 .text.setup    0x00000000080017f4       0xb0 ./Core/Src/main.o
 .text.check_command
                0x00000000080018a4      0x2c0 ./Core/Src/main.o
 .text.move_axis
                0x0000000008001b64      0x328 ./Core/Src/main.o
 .text.start_program
                0x0000000008001e8c       0x5c ./Core/Src/main.o
 .text.go_to_home_position
                0x0000000008001ee8       0x9c ./Core/Src/main.o
 .text.homing_cycle
                0x0000000008001f84       0xcc ./Core/Src/main.o
 .text.measure_tool
                0x0000000008002050       0xa8 ./Core/Src/main.o
 .text.send_position_message
                0x00000000080020f8       0xa8 ./Core/Src/main.o
                0x00000000080020f8                send_position_message
 .text.get_mailbox
                0x00000000080021a0       0x28 ./Core/Src/main.o
 .text.is_mailbox_empty
                0x00000000080021c8       0x30 ./Core/Src/main.o
 .text.Error_Handler
                0x00000000080021f8        0xa ./Core/Src/main.o
                0x00000000080021f8                Error_Handler
 *fill*         0x0000000008002202        0x2 
 .text.HAL_MspInit
                0x0000000008002204       0x50 ./Core/Src/stm32f4xx_hal_msp.o
                0x0000000008002204                HAL_MspInit
 .text.HAL_CAN_MspInit
                0x0000000008002254       0xa0 ./Core/Src/stm32f4xx_hal_msp.o
                0x0000000008002254                HAL_CAN_MspInit
 .text.HAL_TIM_Encoder_MspInit
                0x00000000080022f4       0x8c ./Core/Src/stm32f4xx_hal_msp.o
                0x00000000080022f4                HAL_TIM_Encoder_MspInit
 .text.HAL_TIM_Base_MspInit
                0x0000000008002380      0x140 ./Core/Src/stm32f4xx_hal_msp.o
                0x0000000008002380                HAL_TIM_Base_MspInit
 .text.HAL_TIM_OC_MspInit
                0x00000000080024c0       0x8c ./Core/Src/stm32f4xx_hal_msp.o
                0x00000000080024c0                HAL_TIM_OC_MspInit
 .text.HAL_TIM_MspPostInit
                0x000000000800254c      0x1b0 ./Core/Src/stm32f4xx_hal_msp.o
                0x000000000800254c                HAL_TIM_MspPostInit
 .text.NMI_Handler
                0x00000000080026fc        0x6 ./Core/Src/stm32f4xx_it.o
                0x00000000080026fc                NMI_Handler
 .text.HardFault_Handler
                0x0000000008002702        0x6 ./Core/Src/stm32f4xx_it.o
                0x0000000008002702                HardFault_Handler
 .text.MemManage_Handler
                0x0000000008002708        0x6 ./Core/Src/stm32f4xx_it.o
                0x0000000008002708                MemManage_Handler
 .text.BusFault_Handler
                0x000000000800270e        0x6 ./Core/Src/stm32f4xx_it.o
                0x000000000800270e                BusFault_Handler
 .text.UsageFault_Handler
                0x0000000008002714        0x6 ./Core/Src/stm32f4xx_it.o
                0x0000000008002714                UsageFault_Handler
 .text.SVC_Handler
                0x000000000800271a        0xe ./Core/Src/stm32f4xx_it.o
                0x000000000800271a                SVC_Handler
 .text.DebugMon_Handler
                0x0000000008002728        0xe ./Core/Src/stm32f4xx_it.o
                0x0000000008002728                DebugMon_Handler
 .text.PendSV_Handler
                0x0000000008002736        0xe ./Core/Src/stm32f4xx_it.o
                0x0000000008002736                PendSV_Handler
 .text.SysTick_Handler
                0x0000000008002744        0xc ./Core/Src/stm32f4xx_it.o
                0x0000000008002744                SysTick_Handler
 .text.CAN1_RX0_IRQHandler
                0x0000000008002750       0x28 ./Core/Src/stm32f4xx_it.o
                0x0000000008002750                CAN1_RX0_IRQHandler
 .text.TIM1_BRK_TIM9_IRQHandler
                0x0000000008002778       0x1c ./Core/Src/stm32f4xx_it.o
                0x0000000008002778                TIM1_BRK_TIM9_IRQHandler
 .text.TIM1_UP_TIM10_IRQHandler
                0x0000000008002794       0x1c ./Core/Src/stm32f4xx_it.o
                0x0000000008002794                TIM1_UP_TIM10_IRQHandler
 .text.TIM1_TRG_COM_TIM11_IRQHandler
                0x00000000080027b0       0x1c ./Core/Src/stm32f4xx_it.o
                0x00000000080027b0                TIM1_TRG_COM_TIM11_IRQHandler
 .text.TIM3_IRQHandler
                0x00000000080027cc       0x1c ./Core/Src/stm32f4xx_it.o
                0x00000000080027cc                TIM3_IRQHandler
 .text.TIM4_IRQHandler
                0x00000000080027e8       0x1c ./Core/Src/stm32f4xx_it.o
                0x00000000080027e8                TIM4_IRQHandler
 .text.TIM8_BRK_TIM12_IRQHandler
                0x0000000008002804       0x48 ./Core/Src/stm32f4xx_it.o
                0x0000000008002804                TIM8_BRK_TIM12_IRQHandler
 .text.TIM8_UP_TIM13_IRQHandler
                0x000000000800284c       0x18 ./Core/Src/stm32f4xx_it.o
                0x000000000800284c                TIM8_UP_TIM13_IRQHandler
 .text.get_data
                0x0000000008002864      0x464 ./Core/Src/stm32f4xx_it.o
 .text.handle_mc_data_part_1
                0x0000000008002cc8       0x50 ./Core/Src/stm32f4xx_it.o
 .text.handle_mc_data_part_2
                0x0000000008002d18       0x54 ./Core/Src/stm32f4xx_it.o
 .text.handle_mc_data_part_3
                0x0000000008002d6c       0x50 ./Core/Src/stm32f4xx_it.o
 .text.handle_mc_data_part_4
                0x0000000008002dbc       0xd8 ./Core/Src/stm32f4xx_it.o
 .text.store_data
                0x0000000008002e94       0x88 ./Core/Src/stm32f4xx_it.o
 .text.send_data
                0x0000000008002f1c       0xc4 ./Core/Src/stm32f4xx_it.o
 .text.request_receiving_data
                0x0000000008002fe0       0x3c ./Core/Src/stm32f4xx_it.o
                0x0000000008002fe0                request_receiving_data
 .text.update_standpoint_x
                0x000000000800301c       0x34 ./Core/Src/stm32f4xx_it.o
 .text.check_target_reached_x
                0x0000000008003050       0x44 ./Core/Src/stm32f4xx_it.o
 .text.update_standpoint_y
                0x0000000008003094       0x34 ./Core/Src/stm32f4xx_it.o
 .text.check_target_reached_y
                0x00000000080030c8       0x44 ./Core/Src/stm32f4xx_it.o
 .text.update_standpoint_z
                0x000000000800310c       0x34 ./Core/Src/stm32f4xx_it.o
 .text.check_target_reached_z
                0x0000000008003140       0x44 ./Core/Src/stm32f4xx_it.o
 .text.update_standpoint_b
                0x0000000008003184       0x34 ./Core/Src/stm32f4xx_it.o
 .text.check_target_reached_b
                0x00000000080031b8       0x44 ./Core/Src/stm32f4xx_it.o
 .text.update_standpoint_c
                0x00000000080031fc       0x34 ./Core/Src/stm32f4xx_it.o
 .text.check_target_reached_c
                0x0000000008003230       0x44 ./Core/Src/stm32f4xx_it.o
 .text.prepare_next_move
                0x0000000008003274      0x120 ./Core/Src/stm32f4xx_it.o
 .text.set_timer_speeds
                0x0000000008003394      0x4ac ./Core/Src/stm32f4xx_it.o
 .text.set_targets
                0x0000000008003840       0x98 ./Core/Src/stm32f4xx_it.o
 .text.calc_prescaler
                0x00000000080038d8       0xb8 ./Core/Src/stm32f4xx_it.o
 .text.start_motors
                0x0000000008003990       0x94 ./Core/Src/stm32f4xx_it.o
 .text.x_axis_start
                0x0000000008003a24       0x28 ./Core/Src/stm32f4xx_it.o
 .text.y_axis_start
                0x0000000008003a4c       0x28 ./Core/Src/stm32f4xx_it.o
 .text.z_axis_start
                0x0000000008003a74       0x28 ./Core/Src/stm32f4xx_it.o
 .text.xy_axis_start
                0x0000000008003a9c       0x38 ./Core/Src/stm32f4xx_it.o
 .text.xz_axis_start
                0x0000000008003ad4       0x38 ./Core/Src/stm32f4xx_it.o
 .text.yz_axis_start
                0x0000000008003b0c       0x38 ./Core/Src/stm32f4xx_it.o
 .text.xyz_axis_start
                0x0000000008003b44       0x48 ./Core/Src/stm32f4xx_it.o
 .text.b_axis_start
                0x0000000008003b8c       0x28 ./Core/Src/stm32f4xx_it.o
 .text.c_axis_start
                0x0000000008003bb4       0x28 ./Core/Src/stm32f4xx_it.o
 .text.save_targets
                0x0000000008003bdc       0x60 ./Core/Src/stm32f4xx_it.o
 .text.manual_motor_controll
                0x0000000008003c3c       0x64 ./Core/Src/stm32f4xx_it.o
 .text.toggle_pin_x_axis
                0x0000000008003ca0       0xd8 ./Core/Src/stm32f4xx_it.o
 .text.toggle_pin_y_axis
                0x0000000008003d78       0xd4 ./Core/Src/stm32f4xx_it.o
 .text.toggle_pin_z_axis
                0x0000000008003e4c      0x138 ./Core/Src/stm32f4xx_it.o
 .text.toggle_pin_b_axis
                0x0000000008003f84       0x80 ./Core/Src/stm32f4xx_it.o
 .text.toggle_pin_c_axis
                0x0000000008004004       0x88 ./Core/Src/stm32f4xx_it.o
 .text.wait     0x000000000800408c       0x26 ./Core/Src/stm32f4xx_it.o
 *fill*         0x00000000080040b2        0x2 
 .text.SystemInit
                0x00000000080040b4       0x24 ./Core/Src/system_stm32f4xx.o
                0x00000000080040b4                SystemInit
 .text.Reset_Handler
                0x00000000080040d8       0x50 ./Core/Startup/startup_stm32f407vgtx.o
                0x00000000080040d8                Reset_Handler
 .text.Default_Handler
                0x0000000008004128        0x2 ./Core/Startup/startup_stm32f407vgtx.o
                0x0000000008004128                RTC_Alarm_IRQHandler
                0x0000000008004128                HASH_RNG_IRQHandler
                0x0000000008004128                EXTI2_IRQHandler
                0x0000000008004128                TIM8_CC_IRQHandler
                0x0000000008004128                TIM1_CC_IRQHandler
                0x0000000008004128                DMA2_Stream5_IRQHandler
                0x0000000008004128                DMA1_Stream5_IRQHandler
                0x0000000008004128                PVD_IRQHandler
                0x0000000008004128                SDIO_IRQHandler
                0x0000000008004128                TAMP_STAMP_IRQHandler
                0x0000000008004128                CAN2_RX1_IRQHandler
                0x0000000008004128                EXTI3_IRQHandler
                0x0000000008004128                TIM8_TRG_COM_TIM14_IRQHandler
                0x0000000008004128                I2C3_ER_IRQHandler
                0x0000000008004128                EXTI0_IRQHandler
                0x0000000008004128                I2C2_EV_IRQHandler
                0x0000000008004128                DMA1_Stream2_IRQHandler
                0x0000000008004128                FPU_IRQHandler
                0x0000000008004128                OTG_HS_WKUP_IRQHandler
                0x0000000008004128                CAN2_SCE_IRQHandler
                0x0000000008004128                DMA2_Stream2_IRQHandler
                0x0000000008004128                SPI1_IRQHandler
                0x0000000008004128                TIM6_DAC_IRQHandler
                0x0000000008004128                DCMI_IRQHandler
                0x0000000008004128                CAN2_RX0_IRQHandler
                0x0000000008004128                DMA2_Stream3_IRQHandler
                0x0000000008004128                USART6_IRQHandler
                0x0000000008004128                USART3_IRQHandler
                0x0000000008004128                CAN1_RX1_IRQHandler
                0x0000000008004128                UART5_IRQHandler
                0x0000000008004128                DMA2_Stream0_IRQHandler
                0x0000000008004128                I2C1_EV_IRQHandler
                0x0000000008004128                DMA1_Stream6_IRQHandler
                0x0000000008004128                DMA1_Stream1_IRQHandler
                0x0000000008004128                UART4_IRQHandler
                0x0000000008004128                RCC_IRQHandler
                0x0000000008004128                Default_Handler
                0x0000000008004128                EXTI15_10_IRQHandler
                0x0000000008004128                ADC_IRQHandler
                0x0000000008004128                DMA1_Stream7_IRQHandler
                0x0000000008004128                TIM7_IRQHandler
                0x0000000008004128                CAN2_TX_IRQHandler
                0x0000000008004128                TIM5_IRQHandler
                0x0000000008004128                DMA2_Stream7_IRQHandler
                0x0000000008004128                I2C3_EV_IRQHandler
                0x0000000008004128                EXTI9_5_IRQHandler
                0x0000000008004128                RTC_WKUP_IRQHandler
                0x0000000008004128                ETH_WKUP_IRQHandler
                0x0000000008004128                SPI2_IRQHandler
                0x0000000008004128                OTG_HS_EP1_IN_IRQHandler
                0x0000000008004128                DMA1_Stream0_IRQHandler
                0x0000000008004128                CAN1_TX_IRQHandler
                0x0000000008004128                EXTI4_IRQHandler
                0x0000000008004128                FSMC_IRQHandler
                0x0000000008004128                ETH_IRQHandler
                0x0000000008004128                OTG_HS_EP1_OUT_IRQHandler
                0x0000000008004128                WWDG_IRQHandler
                0x0000000008004128                TIM2_IRQHandler
                0x0000000008004128                OTG_FS_WKUP_IRQHandler
                0x0000000008004128                OTG_HS_IRQHandler
                0x0000000008004128                EXTI1_IRQHandler
                0x0000000008004128                USART2_IRQHandler
                0x0000000008004128                I2C2_ER_IRQHandler
                0x0000000008004128                DMA2_Stream1_IRQHandler
                0x0000000008004128                CAN1_SCE_IRQHandler
                0x0000000008004128                FLASH_IRQHandler
                0x0000000008004128                DMA2_Stream4_IRQHandler
                0x0000000008004128                USART1_IRQHandler
                0x0000000008004128                OTG_FS_IRQHandler
                0x0000000008004128                SPI3_IRQHandler
                0x0000000008004128                DMA1_Stream4_IRQHandler
                0x0000000008004128                I2C1_ER_IRQHandler
                0x0000000008004128                DMA2_Stream6_IRQHandler
                0x0000000008004128                DMA1_Stream3_IRQHandler
 *fill*         0x000000000800412a        0x2 
 .text.HAL_Init
                0x000000000800412c       0x44 ./Drivers/STM32F4xx_HAL_Driver/Src/stm32f4xx_hal.o
                0x000000000800412c                HAL_Init
 .text.HAL_InitTick
                0x0000000008004170       0x60 ./Drivers/STM32F4xx_HAL_Driver/Src/stm32f4xx_hal.o
                0x0000000008004170                HAL_InitTick
 .text.HAL_IncTick
                0x00000000080041d0       0x28 ./Drivers/STM32F4xx_HAL_Driver/Src/stm32f4xx_hal.o
                0x00000000080041d0                HAL_IncTick
 .text.HAL_GetTick
                0x00000000080041f8       0x18 ./Drivers/STM32F4xx_HAL_Driver/Src/stm32f4xx_hal.o
                0x00000000080041f8                HAL_GetTick
 .text.HAL_CAN_Init
                0x0000000008004210      0x1f6 ./Drivers/STM32F4xx_HAL_Driver/Src/stm32f4xx_hal_can.o
                0x0000000008004210                HAL_CAN_Init
 *fill*         0x0000000008004406        0x2 
 .text.HAL_CAN_ConfigFilter
                0x0000000008004408      0x1c0 ./Drivers/STM32F4xx_HAL_Driver/Src/stm32f4xx_hal_can.o
                0x0000000008004408                HAL_CAN_ConfigFilter
 .text.HAL_CAN_Start
                0x00000000080045c8       0x88 ./Drivers/STM32F4xx_HAL_Driver/Src/stm32f4xx_hal_can.o
                0x00000000080045c8                HAL_CAN_Start
 .text.HAL_CAN_ActivateNotification
                0x0000000008004650       0x4c ./Drivers/STM32F4xx_HAL_Driver/Src/stm32f4xx_hal_can.o
                0x0000000008004650                HAL_CAN_ActivateNotification
 .text.HAL_CAN_IRQHandler
                0x000000000800469c      0x36e ./Drivers/STM32F4xx_HAL_Driver/Src/stm32f4xx_hal_can.o
                0x000000000800469c                HAL_CAN_IRQHandler
 .text.HAL_CAN_TxMailbox0CompleteCallback
                0x0000000008004a0a       0x14 ./Drivers/STM32F4xx_HAL_Driver/Src/stm32f4xx_hal_can.o
                0x0000000008004a0a                HAL_CAN_TxMailbox0CompleteCallback
 .text.HAL_CAN_TxMailbox1CompleteCallback
                0x0000000008004a1e       0x14 ./Drivers/STM32F4xx_HAL_Driver/Src/stm32f4xx_hal_can.o
                0x0000000008004a1e                HAL_CAN_TxMailbox1CompleteCallback
 .text.HAL_CAN_TxMailbox2CompleteCallback
                0x0000000008004a32       0x14 ./Drivers/STM32F4xx_HAL_Driver/Src/stm32f4xx_hal_can.o
                0x0000000008004a32                HAL_CAN_TxMailbox2CompleteCallback
 .text.HAL_CAN_TxMailbox0AbortCallback
                0x0000000008004a46       0x14 ./Drivers/STM32F4xx_HAL_Driver/Src/stm32f4xx_hal_can.o
                0x0000000008004a46                HAL_CAN_TxMailbox0AbortCallback
 .text.HAL_CAN_TxMailbox1AbortCallback
                0x0000000008004a5a       0x14 ./Drivers/STM32F4xx_HAL_Driver/Src/stm32f4xx_hal_can.o
                0x0000000008004a5a                HAL_CAN_TxMailbox1AbortCallback
 .text.HAL_CAN_TxMailbox2AbortCallback
                0x0000000008004a6e       0x14 ./Drivers/STM32F4xx_HAL_Driver/Src/stm32f4xx_hal_can.o
                0x0000000008004a6e                HAL_CAN_TxMailbox2AbortCallback
 .text.HAL_CAN_RxFifo0MsgPendingCallback
                0x0000000008004a82       0x14 ./Drivers/STM32F4xx_HAL_Driver/Src/stm32f4xx_hal_can.o
                0x0000000008004a82                HAL_CAN_RxFifo0MsgPendingCallback
 .text.HAL_CAN_RxFifo0FullCallback
                0x0000000008004a96       0x14 ./Drivers/STM32F4xx_HAL_Driver/Src/stm32f4xx_hal_can.o
                0x0000000008004a96                HAL_CAN_RxFifo0FullCallback
 .text.HAL_CAN_RxFifo1MsgPendingCallback
                0x0000000008004aaa       0x14 ./Drivers/STM32F4xx_HAL_Driver/Src/stm32f4xx_hal_can.o
                0x0000000008004aaa                HAL_CAN_RxFifo1MsgPendingCallback
 .text.HAL_CAN_RxFifo1FullCallback
                0x0000000008004abe       0x14 ./Drivers/STM32F4xx_HAL_Driver/Src/stm32f4xx_hal_can.o
                0x0000000008004abe                HAL_CAN_RxFifo1FullCallback
 .text.HAL_CAN_SleepCallback
                0x0000000008004ad2       0x14 ./Drivers/STM32F4xx_HAL_Driver/Src/stm32f4xx_hal_can.o
                0x0000000008004ad2                HAL_CAN_SleepCallback
 .text.HAL_CAN_WakeUpFromRxMsgCallback
                0x0000000008004ae6       0x14 ./Drivers/STM32F4xx_HAL_Driver/Src/stm32f4xx_hal_can.o
                0x0000000008004ae6                HAL_CAN_WakeUpFromRxMsgCallback
 .text.HAL_CAN_ErrorCallback
                0x0000000008004afa       0x14 ./Drivers/STM32F4xx_HAL_Driver/Src/stm32f4xx_hal_can.o
                0x0000000008004afa                HAL_CAN_ErrorCallback
 *fill*         0x0000000008004b0e        0x2 
 .text.__NVIC_SetPriorityGrouping
                0x0000000008004b10       0x48 ./Drivers/STM32F4xx_HAL_Driver/Src/stm32f4xx_hal_cortex.o
 .text.__NVIC_GetPriorityGrouping
                0x0000000008004b58       0x1c ./Drivers/STM32F4xx_HAL_Driver/Src/stm32f4xx_hal_cortex.o
 .text.__NVIC_EnableIRQ
                0x0000000008004b74       0x3c ./Drivers/STM32F4xx_HAL_Driver/Src/stm32f4xx_hal_cortex.o
 .text.__NVIC_SetPriority
                0x0000000008004bb0       0x54 ./Drivers/STM32F4xx_HAL_Driver/Src/stm32f4xx_hal_cortex.o
 .text.NVIC_EncodePriority
                0x0000000008004c04       0x66 ./Drivers/STM32F4xx_HAL_Driver/Src/stm32f4xx_hal_cortex.o
 *fill*         0x0000000008004c6a        0x2 
 .text.SysTick_Config
                0x0000000008004c6c       0x44 ./Drivers/STM32F4xx_HAL_Driver/Src/stm32f4xx_hal_cortex.o
 .text.HAL_NVIC_SetPriorityGrouping
                0x0000000008004cb0       0x16 ./Drivers/STM32F4xx_HAL_Driver/Src/stm32f4xx_hal_cortex.o
                0x0000000008004cb0                HAL_NVIC_SetPriorityGrouping
 .text.HAL_NVIC_SetPriority
                0x0000000008004cc6       0x38 ./Drivers/STM32F4xx_HAL_Driver/Src/stm32f4xx_hal_cortex.o
                0x0000000008004cc6                HAL_NVIC_SetPriority
 .text.HAL_NVIC_EnableIRQ
                0x0000000008004cfe       0x1c ./Drivers/STM32F4xx_HAL_Driver/Src/stm32f4xx_hal_cortex.o
                0x0000000008004cfe                HAL_NVIC_EnableIRQ
 .text.HAL_SYSTICK_Config
                0x0000000008004d1a       0x18 ./Drivers/STM32F4xx_HAL_Driver/Src/stm32f4xx_hal_cortex.o
                0x0000000008004d1a                HAL_SYSTICK_Config
 *fill*         0x0000000008004d32        0x2 
 .text.HAL_GPIO_Init
                0x0000000008004d34      0x338 ./Drivers/STM32F4xx_HAL_Driver/Src/stm32f4xx_hal_gpio.o
                0x0000000008004d34                HAL_GPIO_Init
 .text.HAL_GPIO_WritePin
                0x000000000800506c       0x32 ./Drivers/STM32F4xx_HAL_Driver/Src/stm32f4xx_hal_gpio.o
                0x000000000800506c                HAL_GPIO_WritePin
 *fill*         0x000000000800509e        0x2 
 .text.HAL_RCC_OscConfig
                0x00000000080050a0      0x4f0 ./Drivers/STM32F4xx_HAL_Driver/Src/stm32f4xx_hal_rcc.o
                0x00000000080050a0                HAL_RCC_OscConfig
 .text.HAL_RCC_ClockConfig
                0x0000000008005590      0x1cc ./Drivers/STM32F4xx_HAL_Driver/Src/stm32f4xx_hal_rcc.o
                0x0000000008005590                HAL_RCC_ClockConfig
 .text.HAL_RCC_GetSysClockFreq
                0x000000000800575c      0x20c ./Drivers/STM32F4xx_HAL_Driver/Src/stm32f4xx_hal_rcc.o
                0x000000000800575c                HAL_RCC_GetSysClockFreq
 .text.HAL_TIM_Base_Init
                0x0000000008005968       0x9e ./Drivers/STM32F4xx_HAL_Driver/Src/stm32f4xx_hal_tim.o
                0x0000000008005968                HAL_TIM_Base_Init
 .text.HAL_TIM_OC_Init
                0x0000000008005a06       0x9e ./Drivers/STM32F4xx_HAL_Driver/Src/stm32f4xx_hal_tim.o
                0x0000000008005a06                HAL_TIM_OC_Init
 .text.HAL_TIM_Encoder_Init
                0x0000000008005aa4      0x14c ./Drivers/STM32F4xx_HAL_Driver/Src/stm32f4xx_hal_tim.o
                0x0000000008005aa4                HAL_TIM_Encoder_Init
 .text.HAL_TIM_Encoder_Start
                0x0000000008005bf0      0x11c ./Drivers/STM32F4xx_HAL_Driver/Src/stm32f4xx_hal_tim.o
                0x0000000008005bf0                HAL_TIM_Encoder_Start
 .text.HAL_TIM_IRQHandler
                0x0000000008005d0c      0x210 ./Drivers/STM32F4xx_HAL_Driver/Src/stm32f4xx_hal_tim.o
                0x0000000008005d0c                HAL_TIM_IRQHandler
 .text.HAL_TIM_OC_ConfigChannel
                0x0000000008005f1c       0xb8 ./Drivers/STM32F4xx_HAL_Driver/Src/stm32f4xx_hal_tim.o
                0x0000000008005f1c                HAL_TIM_OC_ConfigChannel
 .text.HAL_TIM_ConfigClockSource
                0x0000000008005fd4      0x18e ./Drivers/STM32F4xx_HAL_Driver/Src/stm32f4xx_hal_tim.o
                0x0000000008005fd4                HAL_TIM_ConfigClockSource
 .text.HAL_TIM_PeriodElapsedCallback
                0x0000000008006162       0x14 ./Drivers/STM32F4xx_HAL_Driver/Src/stm32f4xx_hal_tim.o
                0x0000000008006162                HAL_TIM_PeriodElapsedCallback
 .text.HAL_TIM_OC_DelayElapsedCallback
                0x0000000008006176       0x14 ./Drivers/STM32F4xx_HAL_Driver/Src/stm32f4xx_hal_tim.o
                0x0000000008006176                HAL_TIM_OC_DelayElapsedCallback
 .text.HAL_TIM_IC_CaptureCallback
                0x000000000800618a       0x14 ./Drivers/STM32F4xx_HAL_Driver/Src/stm32f4xx_hal_tim.o
                0x000000000800618a                HAL_TIM_IC_CaptureCallback
 .text.HAL_TIM_PWM_PulseFinishedCallback
                0x000000000800619e       0x14 ./Drivers/STM32F4xx_HAL_Driver/Src/stm32f4xx_hal_tim.o
                0x000000000800619e                HAL_TIM_PWM_PulseFinishedCallback
 .text.HAL_TIM_TriggerCallback
                0x00000000080061b2       0x14 ./Drivers/STM32F4xx_HAL_Driver/Src/stm32f4xx_hal_tim.o
                0x00000000080061b2                HAL_TIM_TriggerCallback
 *fill*         0x00000000080061c6        0x2 
 .text.TIM_Base_SetConfig
                0x00000000080061c8      0x140 ./Drivers/STM32F4xx_HAL_Driver/Src/stm32f4xx_hal_tim.o
                0x00000000080061c8                TIM_Base_SetConfig
 .text.TIM_OC1_SetConfig
                0x0000000008006308       0xe0 ./Drivers/STM32F4xx_HAL_Driver/Src/stm32f4xx_hal_tim.o
 .text.TIM_OC2_SetConfig
                0x00000000080063e8       0xec ./Drivers/STM32F4xx_HAL_Driver/Src/stm32f4xx_hal_tim.o
                0x00000000080063e8                TIM_OC2_SetConfig
 .text.TIM_OC3_SetConfig
                0x00000000080064d4       0xe8 ./Drivers/STM32F4xx_HAL_Driver/Src/stm32f4xx_hal_tim.o
 .text.TIM_OC4_SetConfig
                0x00000000080065bc       0xac ./Drivers/STM32F4xx_HAL_Driver/Src/stm32f4xx_hal_tim.o
 .text.TIM_TI1_ConfigInputStage
                0x0000000008006668       0x5e ./Drivers/STM32F4xx_HAL_Driver/Src/stm32f4xx_hal_tim.o
 .text.TIM_TI2_ConfigInputStage
                0x00000000080066c6       0x60 ./Drivers/STM32F4xx_HAL_Driver/Src/stm32f4xx_hal_tim.o
 .text.TIM_ITRx_SetConfig
                0x0000000008006726       0x36 ./Drivers/STM32F4xx_HAL_Driver/Src/stm32f4xx_hal_tim.o
 .text.TIM_ETR_SetConfig
                0x000000000800675c       0x40 ./Drivers/STM32F4xx_HAL_Driver/Src/stm32f4xx_hal_tim.o
                0x000000000800675c                TIM_ETR_SetConfig
 .text.TIM_CCxChannelCmd
                0x000000000800679c       0x4a ./Drivers/STM32F4xx_HAL_Driver/Src/stm32f4xx_hal_tim.o
                0x000000000800679c                TIM_CCxChannelCmd
 *fill*         0x00000000080067e6        0x2 
 .text.HAL_TIMEx_MasterConfigSynchronization
                0x00000000080067e8       0xf8 ./Drivers/STM32F4xx_HAL_Driver/Src/stm32f4xx_hal_tim_ex.o
                0x00000000080067e8                HAL_TIMEx_MasterConfigSynchronization
 .text.HAL_TIMEx_CommutCallback
                0x00000000080068e0       0x14 ./Drivers/STM32F4xx_HAL_Driver/Src/stm32f4xx_hal_tim_ex.o
                0x00000000080068e0                HAL_TIMEx_CommutCallback
 .text.HAL_TIMEx_BreakCallback
                0x00000000080068f4       0x14 ./Drivers/STM32F4xx_HAL_Driver/Src/stm32f4xx_hal_tim_ex.o
                0x00000000080068f4                HAL_TIMEx_BreakCallback
 .text.memset   0x0000000008006908       0x10 C:/ST/STM32CubeIDE_1.11.2/STM32CubeIDE/plugins/com.st.stm32cube.ide.mcu.externaltools.gnu-tools-for-stm32.11.3.rel1.win32_1.1.1.202309131626/tools/bin/../lib/gcc/arm-none-eabi/11.3.1/../../../../arm-none-eabi/lib/thumb/v7e-m+fp/hard\libc_nano.a(libc_a-memset.o)
                0x0000000008006908                memset
 .text.__errno  0x0000000008006918        0xc C:/ST/STM32CubeIDE_1.11.2/STM32CubeIDE/plugins/com.st.stm32cube.ide.mcu.externaltools.gnu-tools-for-stm32.11.3.rel1.win32_1.1.1.202309131626/tools/bin/../lib/gcc/arm-none-eabi/11.3.1/../../../../arm-none-eabi/lib/thumb/v7e-m+fp/hard\libc_nano.a(libc_a-errno.o)
                0x0000000008006918                __errno
 .text.__libc_init_array
                0x0000000008006924       0x48 C:/ST/STM32CubeIDE_1.11.2/STM32CubeIDE/plugins/com.st.stm32cube.ide.mcu.externaltools.gnu-tools-for-stm32.11.3.rel1.win32_1.1.1.202309131626/tools/bin/../lib/gcc/arm-none-eabi/11.3.1/../../../../arm-none-eabi/lib/thumb/v7e-m+fp/hard\libc_nano.a(libc_a-init.o)
                0x0000000008006924                __libc_init_array
 .text.sqrt     0x000000000800696c       0x58 C:/ST/STM32CubeIDE_1.11.2/STM32CubeIDE/plugins/com.st.stm32cube.ide.mcu.externaltools.gnu-tools-for-stm32.11.3.rel1.win32_1.1.1.202309131626/tools/bin/../lib/gcc/arm-none-eabi/11.3.1/../../../../arm-none-eabi/lib/thumb/v7e-m+fp/hard\libm.a(libm_a-w_sqrt.o)
                0x000000000800696c                sqrt
 .text.__ieee754_sqrt
                0x00000000080069c4      0x1b4 C:/ST/STM32CubeIDE_1.11.2/STM32CubeIDE/plugins/com.st.stm32cube.ide.mcu.externaltools.gnu-tools-for-stm32.11.3.rel1.win32_1.1.1.202309131626/tools/bin/../lib/gcc/arm-none-eabi/11.3.1/../../../../arm-none-eabi/lib/thumb/v7e-m+fp/hard\libm.a(libm_a-e_sqrt.o)
                0x00000000080069c4                __ieee754_sqrt
 *(.glue_7)
 .glue_7        0x0000000008006b78        0x0 linker stubs
 *(.glue_7t)
 .glue_7t       0x0000000008006b78        0x0 linker stubs
 *(.eh_frame)
 .eh_frame      0x0000000008006b78        0x0 C:/ST/STM32CubeIDE_1.11.2/STM32CubeIDE/plugins/com.st.stm32cube.ide.mcu.externaltools.gnu-tools-for-stm32.11.3.rel1.win32_1.1.1.202309131626/tools/bin/../lib/gcc/arm-none-eabi/11.3.1/thumb/v7e-m+fp/hard/crtbegin.o
 *(.init)
 .init          0x0000000008006b78        0x4 C:/ST/STM32CubeIDE_1.11.2/STM32CubeIDE/plugins/com.st.stm32cube.ide.mcu.externaltools.gnu-tools-for-stm32.11.3.rel1.win32_1.1.1.202309131626/tools/bin/../lib/gcc/arm-none-eabi/11.3.1/thumb/v7e-m+fp/hard/crti.o
                0x0000000008006b78                _init
 .init          0x0000000008006b7c        0x8 C:/ST/STM32CubeIDE_1.11.2/STM32CubeIDE/plugins/com.st.stm32cube.ide.mcu.externaltools.gnu-tools-for-stm32.11.3.rel1.win32_1.1.1.202309131626/tools/bin/../lib/gcc/arm-none-eabi/11.3.1/thumb/v7e-m+fp/hard/crtn.o
 *(.fini)
 .fini          0x0000000008006b84        0x4 C:/ST/STM32CubeIDE_1.11.2/STM32CubeIDE/plugins/com.st.stm32cube.ide.mcu.externaltools.gnu-tools-for-stm32.11.3.rel1.win32_1.1.1.202309131626/tools/bin/../lib/gcc/arm-none-eabi/11.3.1/thumb/v7e-m+fp/hard/crti.o
                0x0000000008006b84                _fini
 .fini          0x0000000008006b88        0x8 C:/ST/STM32CubeIDE_1.11.2/STM32CubeIDE/plugins/com.st.stm32cube.ide.mcu.externaltools.gnu-tools-for-stm32.11.3.rel1.win32_1.1.1.202309131626/tools/bin/../lib/gcc/arm-none-eabi/11.3.1/thumb/v7e-m+fp/hard/crtn.o
                0x0000000008006b90                . = ALIGN (0x4)
                0x0000000008006b90                _etext = .

.vfp11_veneer   0x0000000008006b90        0x0
 .vfp11_veneer  0x0000000008006b90        0x0 linker stubs

.v4_bx          0x0000000008006b90        0x0
 .v4_bx         0x0000000008006b90        0x0 linker stubs

.iplt           0x0000000008006b90        0x0
 .iplt          0x0000000008006b90        0x0 C:/ST/STM32CubeIDE_1.11.2/STM32CubeIDE/plugins/com.st.stm32cube.ide.mcu.externaltools.gnu-tools-for-stm32.11.3.rel1.win32_1.1.1.202309131626/tools/bin/../lib/gcc/arm-none-eabi/11.3.1/thumb/v7e-m+fp/hard/crtbegin.o

.rodata         0x0000000008006b90       0x10
                0x0000000008006b90                . = ALIGN (0x4)
 *(.rodata)
 *(.rodata*)
 .rodata.AHBPrescTable
                0x0000000008006b90       0x10 ./Core/Src/system_stm32f4xx.o
                0x0000000008006b90                AHBPrescTable
                0x0000000008006ba0                . = ALIGN (0x4)

.ARM.extab      0x0000000008006ba0        0x0
                0x0000000008006ba0                . = ALIGN (0x4)
 *(.ARM.extab* .gnu.linkonce.armextab.*)
                0x0000000008006ba0                . = ALIGN (0x4)

.ARM            0x0000000008006ba0        0x8
                0x0000000008006ba0                . = ALIGN (0x4)
                0x0000000008006ba0                __exidx_start = .
 *(.ARM.exidx*)
 .ARM.exidx     0x0000000008006ba0        0x8 C:/ST/STM32CubeIDE_1.11.2/STM32CubeIDE/plugins/com.st.stm32cube.ide.mcu.externaltools.gnu-tools-for-stm32.11.3.rel1.win32_1.1.1.202309131626/tools/bin/../lib/gcc/arm-none-eabi/11.3.1/thumb/v7e-m+fp/hard\libgcc.a(_udivmoddi4.o)
                0x0000000008006ba8                __exidx_end = .
                0x0000000008006ba8                . = ALIGN (0x4)

.rel.dyn        0x0000000008006ba8        0x0
 .rel.iplt      0x0000000008006ba8        0x0 C:/ST/STM32CubeIDE_1.11.2/STM32CubeIDE/plugins/com.st.stm32cube.ide.mcu.externaltools.gnu-tools-for-stm32.11.3.rel1.win32_1.1.1.202309131626/tools/bin/../lib/gcc/arm-none-eabi/11.3.1/thumb/v7e-m+fp/hard/crtbegin.o

.preinit_array  0x0000000008006ba8        0x0
                0x0000000008006ba8                . = ALIGN (0x4)
                0x0000000008006ba8                PROVIDE (__preinit_array_start = .)
 *(.preinit_array*)
                0x0000000008006ba8                PROVIDE (__preinit_array_end = .)
                0x0000000008006ba8                . = ALIGN (0x4)

.init_array     0x0000000008006ba8        0x4
                0x0000000008006ba8                . = ALIGN (0x4)
                0x0000000008006ba8                PROVIDE (__init_array_start = .)
 *(SORT_BY_NAME(.init_array.*))
 *(.init_array*)
 .init_array    0x0000000008006ba8        0x4 C:/ST/STM32CubeIDE_1.11.2/STM32CubeIDE/plugins/com.st.stm32cube.ide.mcu.externaltools.gnu-tools-for-stm32.11.3.rel1.win32_1.1.1.202309131626/tools/bin/../lib/gcc/arm-none-eabi/11.3.1/thumb/v7e-m+fp/hard/crtbegin.o
                0x0000000008006bac                PROVIDE (__init_array_end = .)
                0x0000000008006bac                . = ALIGN (0x4)

.fini_array     0x0000000008006bac        0x4
                0x0000000008006bac                . = ALIGN (0x4)
                [!provide]                        PROVIDE (__fini_array_start = .)
 *(SORT_BY_NAME(.fini_array.*))
 *(.fini_array*)
 .fini_array    0x0000000008006bac        0x4 C:/ST/STM32CubeIDE_1.11.2/STM32CubeIDE/plugins/com.st.stm32cube.ide.mcu.externaltools.gnu-tools-for-stm32.11.3.rel1.win32_1.1.1.202309131626/tools/bin/../lib/gcc/arm-none-eabi/11.3.1/thumb/v7e-m+fp/hard/crtbegin.o
                [!provide]                        PROVIDE (__fini_array_end = .)
                0x0000000008006bb0                . = ALIGN (0x4)
                0x0000000008006bb0                _sidata = LOADADDR (.data)

.data           0x0000000020000000       0x78 load address 0x0000000008006bb0
                0x0000000020000000                . = ALIGN (0x4)
                0x0000000020000000                _sdata = .
 *(.data)
 *(.data*)
 .data.fifo_read_ctr
                0x0000000020000000        0x4 ./Core/Src/main.o
                0x0000000020000000                fifo_read_ctr
 .data.timer_speed
                0x0000000020000004        0x2 ./Core/Src/main.o
                0x0000000020000004                timer_speed
 *fill*         0x0000000020000006        0x2 
 .data.increment
                0x0000000020000008        0x4 ./Core/Src/main.o
                0x0000000020000008                increment
 .data.SystemCoreClock
                0x000000002000000c        0x4 ./Core/Src/system_stm32f4xx.o
                0x000000002000000c                SystemCoreClock
 .data.uwTickPrio
                0x0000000020000010        0x4 ./Drivers/STM32F4xx_HAL_Driver/Src/stm32f4xx_hal.o
                0x0000000020000010                uwTickPrio
 .data.uwTickFreq
                0x0000000020000014        0x1 ./Drivers/STM32F4xx_HAL_Driver/Src/stm32f4xx_hal.o
                0x0000000020000014                uwTickFreq
 *fill*         0x0000000020000015        0x3 
 .data._impure_data
                0x0000000020000018       0x4c C:/ST/STM32CubeIDE_1.11.2/STM32CubeIDE/plugins/com.st.stm32cube.ide.mcu.externaltools.gnu-tools-for-stm32.11.3.rel1.win32_1.1.1.202309131626/tools/bin/../lib/gcc/arm-none-eabi/11.3.1/../../../../arm-none-eabi/lib/thumb/v7e-m+fp/hard\libc_nano.a(libc_a-impure.o)
                0x0000000020000018                _impure_data
 .data._impure_ptr
                0x0000000020000064        0x4 C:/ST/STM32CubeIDE_1.11.2/STM32CubeIDE/plugins/com.st.stm32cube.ide.mcu.externaltools.gnu-tools-for-stm32.11.3.rel1.win32_1.1.1.202309131626/tools/bin/../lib/gcc/arm-none-eabi/11.3.1/../../../../arm-none-eabi/lib/thumb/v7e-m+fp/hard\libc_nano.a(libc_a-impure.o)
                0x0000000020000064                _impure_ptr
 .data.one      0x0000000020000068        0x8 C:/ST/STM32CubeIDE_1.11.2/STM32CubeIDE/plugins/com.st.stm32cube.ide.mcu.externaltools.gnu-tools-for-stm32.11.3.rel1.win32_1.1.1.202309131626/tools/bin/../lib/gcc/arm-none-eabi/11.3.1/../../../../arm-none-eabi/lib/thumb/v7e-m+fp/hard\libm.a(libm_a-e_sqrt.o)
 .data.tiny     0x0000000020000070        0x8 C:/ST/STM32CubeIDE_1.11.2/STM32CubeIDE/plugins/com.st.stm32cube.ide.mcu.externaltools.gnu-tools-for-stm32.11.3.rel1.win32_1.1.1.202309131626/tools/bin/../lib/gcc/arm-none-eabi/11.3.1/../../../../arm-none-eabi/lib/thumb/v7e-m+fp/hard\libm.a(libm_a-e_sqrt.o)
 *(.RamFunc)
 *(.RamFunc*)
                0x0000000020000078                . = ALIGN (0x4)
                0x0000000020000078                _edata = .
                0x0000000008006c28                _siccmram = LOADADDR (.ccmram)

.igot.plt       0x0000000020000078        0x0 load address 0x0000000008006c28
 .igot.plt      0x0000000020000078        0x0 C:/ST/STM32CubeIDE_1.11.2/STM32CubeIDE/plugins/com.st.stm32cube.ide.mcu.externaltools.gnu-tools-for-stm32.11.3.rel1.win32_1.1.1.202309131626/tools/bin/../lib/gcc/arm-none-eabi/11.3.1/thumb/v7e-m+fp/hard/crtbegin.o

.ccmram         0x0000000010000000        0x0 load address 0x0000000008006c28
                0x0000000010000000                . = ALIGN (0x4)
                0x0000000010000000                _sccmram = .
 *(.ccmram)
 *(.ccmram*)
                0x0000000010000000                . = ALIGN (0x4)
                0x0000000010000000                _eccmram = .
                0x0000000010000000                . = ALIGN (0x4)

.bss            0x0000000020000078    0x17b74
                0x0000000020000078                _sbss = .
                0x0000000020000078                __bss_start__ = _sbss
 *(.bss)
 .bss           0x0000000020000078       0x1c C:/ST/STM32CubeIDE_1.11.2/STM32CubeIDE/plugins/com.st.stm32cube.ide.mcu.externaltools.gnu-tools-for-stm32.11.3.rel1.win32_1.1.1.202309131626/tools/bin/../lib/gcc/arm-none-eabi/11.3.1/thumb/v7e-m+fp/hard/crtbegin.o
 *(.bss*)
 .bss.hcan1     0x0000000020000094       0x28 ./Core/Src/main.o
                0x0000000020000094                hcan1
 .bss.htim2     0x00000000200000bc       0x48 ./Core/Src/main.o
                0x00000000200000bc                htim2
 .bss.htim3     0x0000000020000104       0x48 ./Core/Src/main.o
                0x0000000020000104                htim3
 .bss.htim4     0x000000002000014c       0x48 ./Core/Src/main.o
                0x000000002000014c                htim4
 .bss.htim9     0x0000000020000194       0x48 ./Core/Src/main.o
                0x0000000020000194                htim9
 .bss.htim10    0x00000000200001dc       0x48 ./Core/Src/main.o
                0x00000000200001dc                htim10
 .bss.htim11    0x0000000020000224       0x48 ./Core/Src/main.o
                0x0000000020000224                htim11
 .bss.htim12    0x000000002000026c       0x48 ./Core/Src/main.o
                0x000000002000026c                htim12
 .bss.htim13    0x00000000200002b4       0x48 ./Core/Src/main.o
                0x00000000200002b4                htim13
 .bss.tx_header
                0x00000000200002fc       0x18 ./Core/Src/main.o
                0x00000000200002fc                tx_header
 .bss.fifo_buffer
                0x0000000020000314    0x17700 ./Core/Src/main.o
                0x0000000020000314                fifo_buffer
 .bss.fifo_write_ctr
                0x0000000020017a14        0x4 ./Core/Src/main.o
                0x0000000020017a14                fifo_write_ctr
 .bss.x_data    0x0000000020017a18        0x8 ./Core/Src/main.o
                0x0000000020017a18                x_data
 .bss.y_data    0x0000000020017a20        0x8 ./Core/Src/main.o
                0x0000000020017a20                y_data
 .bss.z_data    0x0000000020017a28        0x8 ./Core/Src/main.o
                0x0000000020017a28                z_data
 .bss.b_data    0x0000000020017a30        0x8 ./Core/Src/main.o
                0x0000000020017a30                b_data
 .bss.c_data    0x0000000020017a38        0x8 ./Core/Src/main.o
                0x0000000020017a38                c_data
 .bss.n_line_data
                0x0000000020017a40        0x4 ./Core/Src/main.o
                0x0000000020017a40                n_line_data
 .bss.flags_global_mc
                0x0000000020017a44        0x4 ./Core/Src/main.o
                0x0000000020017a44                flags_global_mc
 .bss.commands  0x0000000020017a48        0x4 ./Core/Src/main.o
                0x0000000020017a48                commands
 .bss.motor_start_status
                0x0000000020017a4c        0x4 ./Core/Src/main.o
                0x0000000020017a4c                motor_start_status
 .bss.motor_x_direction
                0x0000000020017a50        0x4 ./Core/Src/main.o
                0x0000000020017a50                motor_x_direction
 .bss.motor_y_direction
                0x0000000020017a54        0x4 ./Core/Src/main.o
                0x0000000020017a54                motor_y_direction
 .bss.motor_z_direction
                0x0000000020017a58        0x4 ./Core/Src/main.o
                0x0000000020017a58                motor_z_direction
 .bss.motor_b_direction
                0x0000000020017a5c        0x4 ./Core/Src/main.o
                0x0000000020017a5c                motor_b_direction
 .bss.motor_c_direction
                0x0000000020017a60        0x4 ./Core/Src/main.o
                0x0000000020017a60                motor_c_direction
 .bss.x_target  0x0000000020017a64        0x4 ./Core/Src/main.o
                0x0000000020017a64                x_target
 .bss.y_target  0x0000000020017a68        0x4 ./Core/Src/main.o
                0x0000000020017a68                y_target
 .bss.z_target  0x0000000020017a6c        0x4 ./Core/Src/main.o
                0x0000000020017a6c                z_target
 .bss.b_target  0x0000000020017a70        0x4 ./Core/Src/main.o
                0x0000000020017a70                b_target
 .bss.c_target  0x0000000020017a74        0x4 ./Core/Src/main.o
                0x0000000020017a74                c_target
 .bss.x_standpoint
                0x0000000020017a78        0x4 ./Core/Src/main.o
                0x0000000020017a78                x_standpoint
 .bss.y_standpoint
                0x0000000020017a7c        0x4 ./Core/Src/main.o
                0x0000000020017a7c                y_standpoint
 .bss.z_standpoint
                0x0000000020017a80        0x4 ./Core/Src/main.o
                0x0000000020017a80                z_standpoint
 .bss.b_standpoint
                0x0000000020017a84        0x4 ./Core/Src/main.o
                0x0000000020017a84                b_standpoint
 .bss.c_standpoint
                0x0000000020017a88        0x4 ./Core/Src/main.o
                0x0000000020017a88                c_standpoint
 .bss.gcode_line_number
                0x0000000020017a8c        0x4 ./Core/Src/main.o
                0x0000000020017a8c                gcode_line_number
 .bss.x_standpoint_previous
                0x0000000020017a90        0x4 ./Core/Src/main.o
                0x0000000020017a90                x_standpoint_previous
 .bss.y_standpoint_previous
                0x0000000020017a94        0x4 ./Core/Src/main.o
                0x0000000020017a94                y_standpoint_previous
 .bss.z_standpoint_previous
                0x0000000020017a98        0x4 ./Core/Src/main.o
                0x0000000020017a98                z_standpoint_previous
 .bss.b_standpoint_previous
                0x0000000020017a9c        0x4 ./Core/Src/main.o
                0x0000000020017a9c                b_standpoint_previous
 .bss.c_standpoint_previous
                0x0000000020017aa0        0x4 ./Core/Src/main.o
                0x0000000020017aa0                c_standpoint_previous
 .bss.motor_start
                0x0000000020017aa4        0x4 ./Core/Src/stm32f4xx_it.o
 .bss.debug_ctr
                0x0000000020017aa8        0x4 ./Core/Src/stm32f4xx_it.o
 .bss.delay_ctr.1
                0x0000000020017aac        0x1 ./Core/Src/stm32f4xx_it.o
 .bss.counter.0
                0x0000000020017aad        0x1 ./Core/Src/stm32f4xx_it.o
 *fill*         0x0000000020017aae        0x2 
 .bss.uwTick    0x0000000020017ab0        0x4 ./Drivers/STM32F4xx_HAL_Driver/Src/stm32f4xx_hal.o
                0x0000000020017ab0                uwTick
 .bss.__sf      0x0000000020017ab4      0x138 C:/ST/STM32CubeIDE_1.11.2/STM32CubeIDE/plugins/com.st.stm32cube.ide.mcu.externaltools.gnu-tools-for-stm32.11.3.rel1.win32_1.1.1.202309131626/tools/bin/../lib/gcc/arm-none-eabi/11.3.1/../../../../arm-none-eabi/lib/thumb/v7e-m+fp/hard\libc_nano.a(libc_a-findfp.o)
                0x0000000020017ab4                __sf
 *(COMMON)
                0x0000000020017bec                . = ALIGN (0x4)
                0x0000000020017bec                _ebss = .
                0x0000000020017bec                __bss_end__ = _ebss

._user_heap_stack
                0x0000000020017bec      0x604
                0x0000000020017bf0                . = ALIGN (0x8)
 *fill*         0x0000000020017bec        0x4 
                [!provide]                        PROVIDE (end = .)
                0x0000000020017bf0                PROVIDE (_end = .)
                0x0000000020017df0                . = (. + _Min_Heap_Size)
 *fill*         0x0000000020017bf0      0x200 
                0x00000000200181f0                . = (. + _Min_Stack_Size)
 *fill*         0x0000000020017df0      0x400 
                0x00000000200181f0                . = ALIGN (0x8)

/DISCARD/
 libc.a(*)
 libm.a(*)
 libgcc.a(*)

.ARM.attributes
                0x0000000000000000       0x30
 *(.ARM.attributes)
 .ARM.attributes
                0x0000000000000000       0x1e C:/ST/STM32CubeIDE_1.11.2/STM32CubeIDE/plugins/com.st.stm32cube.ide.mcu.externaltools.gnu-tools-for-stm32.11.3.rel1.win32_1.1.1.202309131626/tools/bin/../lib/gcc/arm-none-eabi/11.3.1/thumb/v7e-m+fp/hard/crti.o
 .ARM.attributes
                0x000000000000001e       0x34 C:/ST/STM32CubeIDE_1.11.2/STM32CubeIDE/plugins/com.st.stm32cube.ide.mcu.externaltools.gnu-tools-for-stm32.11.3.rel1.win32_1.1.1.202309131626/tools/bin/../lib/gcc/arm-none-eabi/11.3.1/thumb/v7e-m+fp/hard/crtbegin.o
 .ARM.attributes
                0x0000000000000052       0x34 ./Core/Src/main.o
 .ARM.attributes
                0x0000000000000086       0x34 ./Core/Src/stm32f4xx_hal_msp.o
 .ARM.attributes
                0x00000000000000ba       0x34 ./Core/Src/stm32f4xx_it.o
 .ARM.attributes
                0x00000000000000ee       0x34 ./Core/Src/system_stm32f4xx.o
 .ARM.attributes
                0x0000000000000122       0x21 ./Core/Startup/startup_stm32f407vgtx.o
 .ARM.attributes
                0x0000000000000143       0x34 ./Drivers/STM32F4xx_HAL_Driver/Src/stm32f4xx_hal.o
 .ARM.attributes
                0x0000000000000177       0x34 ./Drivers/STM32F4xx_HAL_Driver/Src/stm32f4xx_hal_can.o
 .ARM.attributes
                0x00000000000001ab       0x34 ./Drivers/STM32F4xx_HAL_Driver/Src/stm32f4xx_hal_cortex.o
 .ARM.attributes
                0x00000000000001df       0x34 ./Drivers/STM32F4xx_HAL_Driver/Src/stm32f4xx_hal_gpio.o
 .ARM.attributes
                0x0000000000000213       0x34 ./Drivers/STM32F4xx_HAL_Driver/Src/stm32f4xx_hal_rcc.o
 .ARM.attributes
                0x0000000000000247       0x34 ./Drivers/STM32F4xx_HAL_Driver/Src/stm32f4xx_hal_tim.o
 .ARM.attributes
                0x000000000000027b       0x34 ./Drivers/STM32F4xx_HAL_Driver/Src/stm32f4xx_hal_tim_ex.o
 .ARM.attributes
                0x00000000000002af       0x34 C:/ST/STM32CubeIDE_1.11.2/STM32CubeIDE/plugins/com.st.stm32cube.ide.mcu.externaltools.gnu-tools-for-stm32.11.3.rel1.win32_1.1.1.202309131626/tools/bin/../lib/gcc/arm-none-eabi/11.3.1/../../../../arm-none-eabi/lib/thumb/v7e-m+fp/hard\libc_nano.a(libc_a-findfp.o)
 .ARM.attributes
                0x00000000000002e3       0x34 C:/ST/STM32CubeIDE_1.11.2/STM32CubeIDE/plugins/com.st.stm32cube.ide.mcu.externaltools.gnu-tools-for-stm32.11.3.rel1.win32_1.1.1.202309131626/tools/bin/../lib/gcc/arm-none-eabi/11.3.1/../../../../arm-none-eabi/lib/thumb/v7e-m+fp/hard\libc_nano.a(libc_a-memset.o)
 .ARM.attributes
                0x0000000000000317       0x34 C:/ST/STM32CubeIDE_1.11.2/STM32CubeIDE/plugins/com.st.stm32cube.ide.mcu.externaltools.gnu-tools-for-stm32.11.3.rel1.win32_1.1.1.202309131626/tools/bin/../lib/gcc/arm-none-eabi/11.3.1/../../../../arm-none-eabi/lib/thumb/v7e-m+fp/hard\libc_nano.a(libc_a-impure.o)
 .ARM.attributes
                0x000000000000034b       0x34 C:/ST/STM32CubeIDE_1.11.2/STM32CubeIDE/plugins/com.st.stm32cube.ide.mcu.externaltools.gnu-tools-for-stm32.11.3.rel1.win32_1.1.1.202309131626/tools/bin/../lib/gcc/arm-none-eabi/11.3.1/../../../../arm-none-eabi/lib/thumb/v7e-m+fp/hard\libc_nano.a(libc_a-errno.o)
 .ARM.attributes
                0x000000000000037f       0x34 C:/ST/STM32CubeIDE_1.11.2/STM32CubeIDE/plugins/com.st.stm32cube.ide.mcu.externaltools.gnu-tools-for-stm32.11.3.rel1.win32_1.1.1.202309131626/tools/bin/../lib/gcc/arm-none-eabi/11.3.1/../../../../arm-none-eabi/lib/thumb/v7e-m+fp/hard\libc_nano.a(libc_a-init.o)
 .ARM.attributes
                0x00000000000003b3       0x34 C:/ST/STM32CubeIDE_1.11.2/STM32CubeIDE/plugins/com.st.stm32cube.ide.mcu.externaltools.gnu-tools-for-stm32.11.3.rel1.win32_1.1.1.202309131626/tools/bin/../lib/gcc/arm-none-eabi/11.3.1/../../../../arm-none-eabi/lib/thumb/v7e-m+fp/hard\libm.a(libm_a-w_sqrt.o)
 .ARM.attributes
                0x00000000000003e7       0x34 C:/ST/STM32CubeIDE_1.11.2/STM32CubeIDE/plugins/com.st.stm32cube.ide.mcu.externaltools.gnu-tools-for-stm32.11.3.rel1.win32_1.1.1.202309131626/tools/bin/../lib/gcc/arm-none-eabi/11.3.1/../../../../arm-none-eabi/lib/thumb/v7e-m+fp/hard\libm.a(libm_a-e_sqrt.o)
 .ARM.attributes
                0x000000000000041b       0x1e C:/ST/STM32CubeIDE_1.11.2/STM32CubeIDE/plugins/com.st.stm32cube.ide.mcu.externaltools.gnu-tools-for-stm32.11.3.rel1.win32_1.1.1.202309131626/tools/bin/../lib/gcc/arm-none-eabi/11.3.1/thumb/v7e-m+fp/hard\libgcc.a(_arm_addsubdf3.o)
 .ARM.attributes
                0x0000000000000439       0x1e C:/ST/STM32CubeIDE_1.11.2/STM32CubeIDE/plugins/com.st.stm32cube.ide.mcu.externaltools.gnu-tools-for-stm32.11.3.rel1.win32_1.1.1.202309131626/tools/bin/../lib/gcc/arm-none-eabi/11.3.1/thumb/v7e-m+fp/hard\libgcc.a(_arm_muldivdf3.o)
 .ARM.attributes
                0x0000000000000457       0x1e C:/ST/STM32CubeIDE_1.11.2/STM32CubeIDE/plugins/com.st.stm32cube.ide.mcu.externaltools.gnu-tools-for-stm32.11.3.rel1.win32_1.1.1.202309131626/tools/bin/../lib/gcc/arm-none-eabi/11.3.1/thumb/v7e-m+fp/hard\libgcc.a(_arm_cmpdf2.o)
 .ARM.attributes
                0x0000000000000475       0x1e C:/ST/STM32CubeIDE_1.11.2/STM32CubeIDE/plugins/com.st.stm32cube.ide.mcu.externaltools.gnu-tools-for-stm32.11.3.rel1.win32_1.1.1.202309131626/tools/bin/../lib/gcc/arm-none-eabi/11.3.1/thumb/v7e-m+fp/hard\libgcc.a(_arm_unorddf2.o)
 .ARM.attributes
                0x0000000000000493       0x1e C:/ST/STM32CubeIDE_1.11.2/STM32CubeIDE/plugins/com.st.stm32cube.ide.mcu.externaltools.gnu-tools-for-stm32.11.3.rel1.win32_1.1.1.202309131626/tools/bin/../lib/gcc/arm-none-eabi/11.3.1/thumb/v7e-m+fp/hard\libgcc.a(_arm_truncdfsf2.o)
 .ARM.attributes
                0x00000000000004b1       0x1e C:/ST/STM32CubeIDE_1.11.2/STM32CubeIDE/plugins/com.st.stm32cube.ide.mcu.externaltools.gnu-tools-for-stm32.11.3.rel1.win32_1.1.1.202309131626/tools/bin/../lib/gcc/arm-none-eabi/11.3.1/thumb/v7e-m+fp/hard\libgcc.a(_aeabi_uldivmod.o)
 .ARM.attributes
                0x00000000000004cf       0x34 C:/ST/STM32CubeIDE_1.11.2/STM32CubeIDE/plugins/com.st.stm32cube.ide.mcu.externaltools.gnu-tools-for-stm32.11.3.rel1.win32_1.1.1.202309131626/tools/bin/../lib/gcc/arm-none-eabi/11.3.1/thumb/v7e-m+fp/hard\libgcc.a(_udivmoddi4.o)
 .ARM.attributes
                0x0000000000000503       0x1e C:/ST/STM32CubeIDE_1.11.2/STM32CubeIDE/plugins/com.st.stm32cube.ide.mcu.externaltools.gnu-tools-for-stm32.11.3.rel1.win32_1.1.1.202309131626/tools/bin/../lib/gcc/arm-none-eabi/11.3.1/thumb/v7e-m+fp/hard\libgcc.a(_dvmd_tls.o)
 .ARM.attributes
                0x0000000000000521       0x1e C:/ST/STM32CubeIDE_1.11.2/STM32CubeIDE/plugins/com.st.stm32cube.ide.mcu.externaltools.gnu-tools-for-stm32.11.3.rel1.win32_1.1.1.202309131626/tools/bin/../lib/gcc/arm-none-eabi/11.3.1/thumb/v7e-m+fp/hard/crtn.o
OUTPUT(CAN.elf elf32-littlearm)
LOAD linker stubs
LOAD C:/ST/STM32CubeIDE_1.11.2/STM32CubeIDE/plugins/com.st.stm32cube.ide.mcu.externaltools.gnu-tools-for-stm32.11.3.rel1.win32_1.1.1.202309131626/tools/bin/../lib/gcc/arm-none-eabi/11.3.1/../../../../arm-none-eabi/lib/thumb/v7e-m+fp/hard\libc.a
LOAD C:/ST/STM32CubeIDE_1.11.2/STM32CubeIDE/plugins/com.st.stm32cube.ide.mcu.externaltools.gnu-tools-for-stm32.11.3.rel1.win32_1.1.1.202309131626/tools/bin/../lib/gcc/arm-none-eabi/11.3.1/../../../../arm-none-eabi/lib/thumb/v7e-m+fp/hard\libm.a
LOAD C:/ST/STM32CubeIDE_1.11.2/STM32CubeIDE/plugins/com.st.stm32cube.ide.mcu.externaltools.gnu-tools-for-stm32.11.3.rel1.win32_1.1.1.202309131626/tools/bin/../lib/gcc/arm-none-eabi/11.3.1/thumb/v7e-m+fp/hard\libgcc.a

.comment        0x0000000000000000       0x43
 .comment       0x0000000000000000       0x43 C:/ST/STM32CubeIDE_1.11.2/STM32CubeIDE/plugins/com.st.stm32cube.ide.mcu.externaltools.gnu-tools-for-stm32.11.3.rel1.win32_1.1.1.202309131626/tools/bin/../lib/gcc/arm-none-eabi/11.3.1/thumb/v7e-m+fp/hard/crtbegin.o
                                         0x44 (size before relaxing)
 .comment       0x0000000000000043       0x44 ./Core/Src/main.o
 .comment       0x0000000000000043       0x44 ./Core/Src/stm32f4xx_hal_msp.o
 .comment       0x0000000000000043       0x44 ./Core/Src/stm32f4xx_it.o
 .comment       0x0000000000000043       0x44 ./Core/Src/system_stm32f4xx.o
 .comment       0x0000000000000043       0x44 ./Drivers/STM32F4xx_HAL_Driver/Src/stm32f4xx_hal.o
 .comment       0x0000000000000043       0x44 ./Drivers/STM32F4xx_HAL_Driver/Src/stm32f4xx_hal_can.o
 .comment       0x0000000000000043       0x44 ./Drivers/STM32F4xx_HAL_Driver/Src/stm32f4xx_hal_cortex.o
 .comment       0x0000000000000043       0x44 ./Drivers/STM32F4xx_HAL_Driver/Src/stm32f4xx_hal_gpio.o
 .comment       0x0000000000000043       0x44 ./Drivers/STM32F4xx_HAL_Driver/Src/stm32f4xx_hal_rcc.o
 .comment       0x0000000000000043       0x44 ./Drivers/STM32F4xx_HAL_Driver/Src/stm32f4xx_hal_tim.o
 .comment       0x0000000000000043       0x44 ./Drivers/STM32F4xx_HAL_Driver/Src/stm32f4xx_hal_tim_ex.o

.debug_info     0x0000000000000000     0xbf2f
 .debug_info    0x0000000000000000     0x1f45 ./Core/Src/main.o
 .debug_info    0x0000000000001f45     0x12f1 ./Core/Src/stm32f4xx_hal_msp.o
 .debug_info    0x0000000000003236     0x14c9 ./Core/Src/stm32f4xx_it.o
 .debug_info    0x00000000000046ff      0x512 ./Core/Src/system_stm32f4xx.o
 .debug_info    0x0000000000004c11       0x23 ./Core/Startup/startup_stm32f407vgtx.o
 .debug_info    0x0000000000004c34      0x948 ./Drivers/STM32F4xx_HAL_Driver/Src/stm32f4xx_hal.o
 .debug_info    0x000000000000557c      0xf03 ./Drivers/STM32F4xx_HAL_Driver/Src/stm32f4xx_hal_can.o
 .debug_info    0x000000000000647f      0xd46 ./Drivers/STM32F4xx_HAL_Driver/Src/stm32f4xx_hal_cortex.o
 .debug_info    0x00000000000071c5      0x6c3 ./Drivers/STM32F4xx_HAL_Driver/Src/stm32f4xx_hal_gpio.o
 .debug_info    0x0000000000007888      0x8b1 ./Drivers/STM32F4xx_HAL_Driver/Src/stm32f4xx_hal_rcc.o
 .debug_info    0x0000000000008139     0x2948 ./Drivers/STM32F4xx_HAL_Driver/Src/stm32f4xx_hal_tim.o
 .debug_info    0x000000000000aa81     0x14ae ./Drivers/STM32F4xx_HAL_Driver/Src/stm32f4xx_hal_tim_ex.o

.debug_abbrev   0x0000000000000000     0x1b73
 .debug_abbrev  0x0000000000000000      0x38d ./Core/Src/main.o
 .debug_abbrev  0x000000000000038d      0x24a ./Core/Src/stm32f4xx_hal_msp.o
 .debug_abbrev  0x00000000000005d7      0x386 ./Core/Src/stm32f4xx_it.o
 .debug_abbrev  0x000000000000095d      0x11a ./Core/Src/system_stm32f4xx.o
 .debug_abbrev  0x0000000000000a77       0x12 ./Core/Startup/startup_stm32f407vgtx.o
 .debug_abbrev  0x0000000000000a89      0x213 ./Drivers/STM32F4xx_HAL_Driver/Src/stm32f4xx_hal.o
 .debug_abbrev  0x0000000000000c9c      0x239 ./Drivers/STM32F4xx_HAL_Driver/Src/stm32f4xx_hal_can.o
 .debug_abbrev  0x0000000000000ed5      0x327 ./Drivers/STM32F4xx_HAL_Driver/Src/stm32f4xx_hal_cortex.o
 .debug_abbrev  0x00000000000011fc      0x1d4 ./Drivers/STM32F4xx_HAL_Driver/Src/stm32f4xx_hal_gpio.o
 .debug_abbrev  0x00000000000013d0      0x2b6 ./Drivers/STM32F4xx_HAL_Driver/Src/stm32f4xx_hal_rcc.o
 .debug_abbrev  0x0000000000001686      0x271 ./Drivers/STM32F4xx_HAL_Driver/Src/stm32f4xx_hal_tim.o
 .debug_abbrev  0x00000000000018f7      0x27c ./Drivers/STM32F4xx_HAL_Driver/Src/stm32f4xx_hal_tim_ex.o

.debug_aranges  0x0000000000000000      0xcd0
 .debug_aranges
                0x0000000000000000       0xe0 ./Core/Src/main.o
 .debug_aranges
                0x00000000000000e0       0x68 ./Core/Src/stm32f4xx_hal_msp.o
 .debug_aranges
                0x0000000000000148      0x1e0 ./Core/Src/stm32f4xx_it.o
 .debug_aranges
                0x0000000000000328       0x28 ./Core/Src/system_stm32f4xx.o
 .debug_aranges
                0x0000000000000350       0x28 ./Core/Startup/startup_stm32f407vgtx.o
 .debug_aranges
                0x0000000000000378       0xf0 ./Drivers/STM32F4xx_HAL_Driver/Src/stm32f4xx_hal.o
 .debug_aranges
                0x0000000000000468      0x138 ./Drivers/STM32F4xx_HAL_Driver/Src/stm32f4xx_hal_can.o
 .debug_aranges
                0x00000000000005a0      0x118 ./Drivers/STM32F4xx_HAL_Driver/Src/stm32f4xx_hal_cortex.o
 .debug_aranges
                0x00000000000006b8       0x58 ./Drivers/STM32F4xx_HAL_Driver/Src/stm32f4xx_hal_gpio.o
 .debug_aranges
                0x0000000000000710       0x88 ./Drivers/STM32F4xx_HAL_Driver/Src/stm32f4xx_hal_rcc.o
 .debug_aranges
                0x0000000000000798      0x3d0 ./Drivers/STM32F4xx_HAL_Driver/Src/stm32f4xx_hal_tim.o
 .debug_aranges
                0x0000000000000b68      0x168 ./Drivers/STM32F4xx_HAL_Driver/Src/stm32f4xx_hal_tim_ex.o

.debug_rnglists
                0x0000000000000000      0x9f7
 .debug_rnglists
                0x0000000000000000       0xb5 ./Core/Src/main.o
 .debug_rnglists
                0x00000000000000b5       0x4f ./Core/Src/stm32f4xx_hal_msp.o
 .debug_rnglists
                0x0000000000000104      0x171 ./Core/Src/stm32f4xx_it.o
 .debug_rnglists
                0x0000000000000275       0x1a ./Core/Src/system_stm32f4xx.o
 .debug_rnglists
                0x000000000000028f       0x19 ./Core/Startup/startup_stm32f407vgtx.o
 .debug_rnglists
                0x00000000000002a8       0xaf ./Drivers/STM32F4xx_HAL_Driver/Src/stm32f4xx_hal.o
 .debug_rnglists
                0x0000000000000357       0xee ./Drivers/STM32F4xx_HAL_Driver/Src/stm32f4xx_hal_can.o
 .debug_rnglists
                0x0000000000000445       0xce ./Drivers/STM32F4xx_HAL_Driver/Src/stm32f4xx_hal_cortex.o
 .debug_rnglists
                0x0000000000000513       0x3f ./Drivers/STM32F4xx_HAL_Driver/Src/stm32f4xx_hal_gpio.o
 .debug_rnglists
                0x0000000000000552       0x66 ./Drivers/STM32F4xx_HAL_Driver/Src/stm32f4xx_hal_rcc.o
 .debug_rnglists
                0x00000000000005b8      0x31a ./Drivers/STM32F4xx_HAL_Driver/Src/stm32f4xx_hal_tim.o
 .debug_rnglists
                0x00000000000008d2      0x125 ./Drivers/STM32F4xx_HAL_Driver/Src/stm32f4xx_hal_tim_ex.o

.debug_macro    0x0000000000000000    0x2106b
 .debug_macro   0x0000000000000000      0x20f ./Core/Src/main.o
 .debug_macro   0x000000000000020f      0xaa8 ./Core/Src/main.o
 .debug_macro   0x0000000000000cb7      0x29b ./Core/Src/main.o
 .debug_macro   0x0000000000000f52       0x2e ./Core/Src/main.o
 .debug_macro   0x0000000000000f80       0x2f ./Core/Src/main.o
 .debug_macro   0x0000000000000faf       0x22 ./Core/Src/main.o
 .debug_macro   0x0000000000000fd1       0x8e ./Core/Src/main.o
 .debug_macro   0x000000000000105f       0x51 ./Core/Src/main.o
 .debug_macro   0x00000000000010b0      0x103 ./Core/Src/main.o
 .debug_macro   0x00000000000011b3       0x6a ./Core/Src/main.o
 .debug_macro   0x000000000000121d      0x1df ./Core/Src/main.o
 .debug_macro   0x00000000000013fc       0x1c ./Core/Src/main.o
 .debug_macro   0x0000000000001418       0x22 ./Core/Src/main.o
 .debug_macro   0x000000000000143a       0xd9 ./Core/Src/main.o
 .debug_macro   0x0000000000001513     0x102d ./Core/Src/main.o
 .debug_macro   0x0000000000002540      0x11f ./Core/Src/main.o
 .debug_macro   0x000000000000265f    0x15e82 ./Core/Src/main.o
 .debug_macro   0x00000000000184e1       0x6d ./Core/Src/main.o
 .debug_macro   0x000000000001854e     0x367e ./Core/Src/main.o
 .debug_macro   0x000000000001bbcc      0x174 ./Core/Src/main.o
 .debug_macro   0x000000000001bd40       0x5c ./Core/Src/main.o
 .debug_macro   0x000000000001bd9c      0x96b ./Core/Src/main.o
 .debug_macro   0x000000000001c707      0x9fe ./Core/Src/main.o
 .debug_macro   0x000000000001d105      0x115 ./Core/Src/main.o
 .debug_macro   0x000000000001d21a      0x13e ./Core/Src/main.o
 .debug_macro   0x000000000001d358       0xa5 ./Core/Src/main.o
 .debug_macro   0x000000000001d3fd      0x174 ./Core/Src/main.o
 .debug_macro   0x000000000001d571      0x287 ./Core/Src/main.o
 .debug_macro   0x000000000001d7f8       0x5f ./Core/Src/main.o
 .debug_macro   0x000000000001d857      0x236 ./Core/Src/main.o
 .debug_macro   0x000000000001da8d      0x40f ./Core/Src/main.o
 .debug_macro   0x000000000001de9c      0x12c ./Core/Src/main.o
 .debug_macro   0x000000000001dfc8      0x21e ./Core/Src/main.o
 .debug_macro   0x000000000001e1e6       0x2e ./Core/Src/main.o
 .debug_macro   0x000000000001e214      0x11a ./Core/Src/main.o
 .debug_macro   0x000000000001e32e       0x7e ./Core/Src/main.o
 .debug_macro   0x000000000001e3ac       0x89 ./Core/Src/main.o
 .debug_macro   0x000000000001e435      0x8e6 ./Core/Src/main.o
 .debug_macro   0x000000000001ed1b       0x47 ./Core/Src/main.o
 .debug_macro   0x000000000001ed62      0x12d ./Core/Src/main.o
 .debug_macro   0x000000000001ee8f      0x458 ./Core/Src/main.o
 .debug_macro   0x000000000001f2e7       0xb8 ./Core/Src/main.o
 .debug_macro   0x000000000001f39f      0x1f0 ./Core/Src/stm32f4xx_hal_msp.o
 .debug_macro   0x000000000001f58f      0x2bd ./Core/Src/stm32f4xx_it.o
 .debug_macro   0x000000000001f84c       0x61 ./Core/Src/stm32f4xx_it.o
 .debug_macro   0x000000000001f8ad       0x2a ./Core/Src/stm32f4xx_it.o
 .debug_macro   0x000000000001f8d7       0x43 ./Core/Src/stm32f4xx_it.o
 .debug_macro   0x000000000001f91a       0x34 ./Core/Src/stm32f4xx_it.o
 .debug_macro   0x000000000001f94e       0x16 ./Core/Src/stm32f4xx_it.o
 .debug_macro   0x000000000001f964       0x43 ./Core/Src/stm32f4xx_it.o
 .debug_macro   0x000000000001f9a7       0x34 ./Core/Src/stm32f4xx_it.o
 .debug_macro   0x000000000001f9db       0x10 ./Core/Src/stm32f4xx_it.o
 .debug_macro   0x000000000001f9eb       0x58 ./Core/Src/stm32f4xx_it.o
 .debug_macro   0x000000000001fa43       0x8e ./Core/Src/stm32f4xx_it.o
 .debug_macro   0x000000000001fad1       0x1c ./Core/Src/stm32f4xx_it.o
 .debug_macro   0x000000000001faed      0x177 ./Core/Src/stm32f4xx_it.o
 .debug_macro   0x000000000001fc64      0x369 ./Core/Src/stm32f4xx_it.o
 .debug_macro   0x000000000001ffcd      0x19b ./Core/Src/stm32f4xx_it.o
 .debug_macro   0x0000000000020168      0x1ce ./Core/Src/system_stm32f4xx.o
 .debug_macro   0x0000000000020336      0x22e ./Drivers/STM32F4xx_HAL_Driver/Src/stm32f4xx_hal.o
 .debug_macro   0x0000000000020564      0x1d6 ./Drivers/STM32F4xx_HAL_Driver/Src/stm32f4xx_hal_can.o
 .debug_macro   0x000000000002073a      0x1ce ./Drivers/STM32F4xx_HAL_Driver/Src/stm32f4xx_hal_cortex.o
 .debug_macro   0x0000000000020908      0x1d4 ./Drivers/STM32F4xx_HAL_Driver/Src/stm32f4xx_hal_gpio.o
 .debug_macro   0x0000000000020adc      0x1f2 ./Drivers/STM32F4xx_HAL_Driver/Src/stm32f4xx_hal_rcc.o
 .debug_macro   0x0000000000020cce      0x1cf ./Drivers/STM32F4xx_HAL_Driver/Src/stm32f4xx_hal_tim.o
 .debug_macro   0x0000000000020e9d      0x1ce ./Drivers/STM32F4xx_HAL_Driver/Src/stm32f4xx_hal_tim_ex.o

.debug_line     0x0000000000000000     0xccc8
 .debug_line    0x0000000000000000     0x1160 ./Core/Src/main.o
 .debug_line    0x0000000000001160      0xa06 ./Core/Src/stm32f4xx_hal_msp.o
 .debug_line    0x0000000000001b66     0x15f5 ./Core/Src/stm32f4xx_it.o
 .debug_line    0x000000000000315b      0x7c7 ./Core/Src/system_stm32f4xx.o
 .debug_line    0x0000000000003922       0x7a ./Core/Startup/startup_stm32f407vgtx.o
 .debug_line    0x000000000000399c      0xa2d ./Drivers/STM32F4xx_HAL_Driver/Src/stm32f4xx_hal.o
 .debug_line    0x00000000000043c9     0x1199 ./Drivers/STM32F4xx_HAL_Driver/Src/stm32f4xx_hal_can.o
 .debug_line    0x0000000000005562      0xcdc ./Drivers/STM32F4xx_HAL_Driver/Src/stm32f4xx_hal_cortex.o
 .debug_line    0x000000000000623e      0xba1 ./Drivers/STM32F4xx_HAL_Driver/Src/stm32f4xx_hal_gpio.o
 .debug_line    0x0000000000006ddf      0xda6 ./Drivers/STM32F4xx_HAL_Driver/Src/stm32f4xx_hal_rcc.o
 .debug_line    0x0000000000007b85     0x3719 ./Drivers/STM32F4xx_HAL_Driver/Src/stm32f4xx_hal_tim.o
 .debug_line    0x000000000000b29e     0x1a2a ./Drivers/STM32F4xx_HAL_Driver/Src/stm32f4xx_hal_tim_ex.o

.debug_str      0x0000000000000000    0xcd25b
 .debug_str     0x0000000000000000    0xc6b8e ./Core/Src/main.o
                                      0xc6f98 (size before relaxing)
 .debug_str     0x00000000000c6b8e      0x641 ./Core/Src/stm32f4xx_hal_msp.o
                                      0xc68ad (size before relaxing)
 .debug_str     0x00000000000c71cf     0x3e20 ./Core/Src/stm32f4xx_it.o
                                      0xca51c (size before relaxing)
 .debug_str     0x00000000000cafef       0x87 ./Core/Src/system_stm32f4xx.o
                                      0xc3d25 (size before relaxing)
 .debug_str     0x00000000000cb076       0x34 ./Core/Startup/startup_stm32f407vgtx.o
                                         0x69 (size before relaxing)
 .debug_str     0x00000000000cb0aa      0x5f5 ./Drivers/STM32F4xx_HAL_Driver/Src/stm32f4xx_hal.o
                                      0xc48a9 (size before relaxing)
 .debug_str     0x00000000000cb69f      0x444 ./Drivers/STM32F4xx_HAL_Driver/Src/stm32f4xx_hal_can.o
                                      0xc4411 (size before relaxing)
 .debug_str     0x00000000000cbae3      0x322 ./Drivers/STM32F4xx_HAL_Driver/Src/stm32f4xx_hal_cortex.o
                                      0xc45dc (size before relaxing)
 .debug_str     0x00000000000cbe05      0x121 ./Drivers/STM32F4xx_HAL_Driver/Src/stm32f4xx_hal_gpio.o
                                      0xc3ea0 (size before relaxing)
 .debug_str     0x00000000000cbf26      0x233 ./Drivers/STM32F4xx_HAL_Driver/Src/stm32f4xx_hal_rcc.o
                                      0xc4159 (size before relaxing)
 .debug_str     0x00000000000cc159      0xc6f ./Drivers/STM32F4xx_HAL_Driver/Src/stm32f4xx_hal_tim.o
                                      0xc509f (size before relaxing)
 .debug_str     0x00000000000ccdc8      0x493 ./Drivers/STM32F4xx_HAL_Driver/Src/stm32f4xx_hal_tim_ex.o
                                      0xc48bb (size before relaxing)

.debug_frame    0x0000000000000000     0x3968
 .debug_frame   0x0000000000000000      0x35c ./Core/Src/main.o
 .debug_frame   0x000000000000035c      0x178 ./Core/Src/stm32f4xx_hal_msp.o
 .debug_frame   0x00000000000004d4      0x6cc ./Core/Src/stm32f4xx_it.o
 .debug_frame   0x0000000000000ba0       0x58 ./Core/Src/system_stm32f4xx.o
 .debug_frame   0x0000000000000bf8      0x374 ./Drivers/STM32F4xx_HAL_Driver/Src/stm32f4xx_hal.o
 .debug_frame   0x0000000000000f6c      0x5a0 ./Drivers/STM32F4xx_HAL_Driver/Src/stm32f4xx_hal_can.o
 .debug_frame   0x000000000000150c      0x498 ./Drivers/STM32F4xx_HAL_Driver/Src/stm32f4xx_hal_cortex.o
 .debug_frame   0x00000000000019a4      0x14c ./Drivers/STM32F4xx_HAL_Driver/Src/stm32f4xx_hal_gpio.o
 .debug_frame   0x0000000000001af0      0x1f4 ./Drivers/STM32F4xx_HAL_Driver/Src/stm32f4xx_hal_rcc.o
 .debug_frame   0x0000000000001ce4     0x11c4 ./Drivers/STM32F4xx_HAL_Driver/Src/stm32f4xx_hal_tim.o
 .debug_frame   0x0000000000002ea8      0x638 ./Drivers/STM32F4xx_HAL_Driver/Src/stm32f4xx_hal_tim_ex.o
 .debug_frame   0x00000000000034e0      0x144 C:/ST/STM32CubeIDE_1.11.2/STM32CubeIDE/plugins/com.st.stm32cube.ide.mcu.externaltools.gnu-tools-for-stm32.11.3.rel1.win32_1.1.1.202309131626/tools/bin/../lib/gcc/arm-none-eabi/11.3.1/../../../../arm-none-eabi/lib/thumb/v7e-m+fp/hard\libc_nano.a(libc_a-findfp.o)
 .debug_frame   0x0000000000003624       0x20 C:/ST/STM32CubeIDE_1.11.2/STM32CubeIDE/plugins/com.st.stm32cube.ide.mcu.externaltools.gnu-tools-for-stm32.11.3.rel1.win32_1.1.1.202309131626/tools/bin/../lib/gcc/arm-none-eabi/11.3.1/../../../../arm-none-eabi/lib/thumb/v7e-m+fp/hard\libc_nano.a(libc_a-memset.o)
 .debug_frame   0x0000000000003644       0x20 C:/ST/STM32CubeIDE_1.11.2/STM32CubeIDE/plugins/com.st.stm32cube.ide.mcu.externaltools.gnu-tools-for-stm32.11.3.rel1.win32_1.1.1.202309131626/tools/bin/../lib/gcc/arm-none-eabi/11.3.1/../../../../arm-none-eabi/lib/thumb/v7e-m+fp/hard\libc_nano.a(libc_a-errno.o)
 .debug_frame   0x0000000000003664       0x2c C:/ST/STM32CubeIDE_1.11.2/STM32CubeIDE/plugins/com.st.stm32cube.ide.mcu.externaltools.gnu-tools-for-stm32.11.3.rel1.win32_1.1.1.202309131626/tools/bin/../lib/gcc/arm-none-eabi/11.3.1/../../../../arm-none-eabi/lib/thumb/v7e-m+fp/hard\libc_nano.a(libc_a-init.o)
 .debug_frame   0x0000000000003690       0x3c C:/ST/STM32CubeIDE_1.11.2/STM32CubeIDE/plugins/com.st.stm32cube.ide.mcu.externaltools.gnu-tools-for-stm32.11.3.rel1.win32_1.1.1.202309131626/tools/bin/../lib/gcc/arm-none-eabi/11.3.1/../../../../arm-none-eabi/lib/thumb/v7e-m+fp/hard\libm.a(libm_a-w_sqrt.o)
 .debug_frame   0x00000000000036cc       0x38 C:/ST/STM32CubeIDE_1.11.2/STM32CubeIDE/plugins/com.st.stm32cube.ide.mcu.externaltools.gnu-tools-for-stm32.11.3.rel1.win32_1.1.1.202309131626/tools/bin/../lib/gcc/arm-none-eabi/11.3.1/../../../../arm-none-eabi/lib/thumb/v7e-m+fp/hard\libm.a(libm_a-e_sqrt.o)
 .debug_frame   0x0000000000003704       0xac C:/ST/STM32CubeIDE_1.11.2/STM32CubeIDE/plugins/com.st.stm32cube.ide.mcu.externaltools.gnu-tools-for-stm32.11.3.rel1.win32_1.1.1.202309131626/tools/bin/../lib/gcc/arm-none-eabi/11.3.1/thumb/v7e-m+fp/hard\libgcc.a(_arm_addsubdf3.o)
 .debug_frame   0x00000000000037b0       0x50 C:/ST/STM32CubeIDE_1.11.2/STM32CubeIDE/plugins/com.st.stm32cube.ide.mcu.externaltools.gnu-tools-for-stm32.11.3.rel1.win32_1.1.1.202309131626/tools/bin/../lib/gcc/arm-none-eabi/11.3.1/thumb/v7e-m+fp/hard\libgcc.a(_arm_muldivdf3.o)
 .debug_frame   0x0000000000003800       0xc4 C:/ST/STM32CubeIDE_1.11.2/STM32CubeIDE/plugins/com.st.stm32cube.ide.mcu.externaltools.gnu-tools-for-stm32.11.3.rel1.win32_1.1.1.202309131626/tools/bin/../lib/gcc/arm-none-eabi/11.3.1/thumb/v7e-m+fp/hard\libgcc.a(_arm_cmpdf2.o)
 .debug_frame   0x00000000000038c4       0x20 C:/ST/STM32CubeIDE_1.11.2/STM32CubeIDE/plugins/com.st.stm32cube.ide.mcu.externaltools.gnu-tools-for-stm32.11.3.rel1.win32_1.1.1.202309131626/tools/bin/../lib/gcc/arm-none-eabi/11.3.1/thumb/v7e-m+fp/hard\libgcc.a(_arm_unorddf2.o)
 .debug_frame   0x00000000000038e4       0x24 C:/ST/STM32CubeIDE_1.11.2/STM32CubeIDE/plugins/com.st.stm32cube.ide.mcu.externaltools.gnu-tools-for-stm32.11.3.rel1.win32_1.1.1.202309131626/tools/bin/../lib/gcc/arm-none-eabi/11.3.1/thumb/v7e-m+fp/hard\libgcc.a(_arm_truncdfsf2.o)
 .debug_frame   0x0000000000003908       0x2c C:/ST/STM32CubeIDE_1.11.2/STM32CubeIDE/plugins/com.st.stm32cube.ide.mcu.externaltools.gnu-tools-for-stm32.11.3.rel1.win32_1.1.1.202309131626/tools/bin/../lib/gcc/arm-none-eabi/11.3.1/thumb/v7e-m+fp/hard\libgcc.a(_aeabi_uldivmod.o)
 .debug_frame   0x0000000000003934       0x34 C:/ST/STM32CubeIDE_1.11.2/STM32CubeIDE/plugins/com.st.stm32cube.ide.mcu.externaltools.gnu-tools-for-stm32.11.3.rel1.win32_1.1.1.202309131626/tools/bin/../lib/gcc/arm-none-eabi/11.3.1/thumb/v7e-m+fp/hard\libgcc.a(_udivmoddi4.o)

.debug_line_str
                0x0000000000000000       0x5d
 .debug_line_str
                0x0000000000000000       0x5d ./Core/Startup/startup_stm32f407vgtx.o
                                         0x75 (size before relaxing)
