Archive member included to satisfy reference by file (symbol)

C:/ST/STM32CubeIDE_1.11.2/STM32CubeIDE/plugins/com.st.stm32cube.ide.mcu.externaltools.gnu-tools-for-stm32.11.3.rel1.win32_1.1.1.202309131626/tools/bin/../lib/gcc/arm-none-eabi/11.3.1/../../../../arm-none-eabi/lib/thumb/v7e-m+fp/hard\libc_nano.a(libc_a-exit.o)
                              C:/ST/STM32CubeIDE_1.11.2/STM32CubeIDE/plugins/com.st.stm32cube.ide.mcu.externaltools.gnu-tools-for-stm32.11.3.rel1.win32_1.1.1.202309131626/tools/bin/../lib/gcc/arm-none-eabi/11.3.1/../../../../arm-none-eabi/lib/thumb/v7e-m+fp/hard/crt0.o (exit)
C:/ST/STM32CubeIDE_1.11.2/STM32CubeIDE/plugins/com.st.stm32cube.ide.mcu.externaltools.gnu-tools-for-stm32.11.3.rel1.win32_1.1.1.202309131626/tools/bin/../lib/gcc/arm-none-eabi/11.3.1/../../../../arm-none-eabi/lib/thumb/v7e-m+fp/hard\libc_nano.a(libc_a-findfp.o)
                              C:/ST/STM32CubeIDE_1.11.2/STM32CubeIDE/plugins/com.st.stm32cube.ide.mcu.externaltools.gnu-tools-for-stm32.11.3.rel1.win32_1.1.1.202309131626/tools/bin/../lib/gcc/arm-none-eabi/11.3.1/../../../../arm-none-eabi/lib/thumb/v7e-m+fp/hard\libc_nano.a(libc_a-exit.o) (__stdio_exit_handler)
C:/ST/STM32CubeIDE_1.11.2/STM32CubeIDE/plugins/com.st.stm32cube.ide.mcu.externaltools.gnu-tools-for-stm32.11.3.rel1.win32_1.1.1.202309131626/tools/bin/../lib/gcc/arm-none-eabi/11.3.1/../../../../arm-none-eabi/lib/thumb/v7e-m+fp/hard\libc_nano.a(libc_a-fwalk.o)
                              C:/ST/STM32CubeIDE_1.11.2/STM32CubeIDE/plugins/com.st.stm32cube.ide.mcu.externaltools.gnu-tools-for-stm32.11.3.rel1.win32_1.1.1.202309131626/tools/bin/../lib/gcc/arm-none-eabi/11.3.1/../../../../arm-none-eabi/lib/thumb/v7e-m+fp/hard\libc_nano.a(libc_a-findfp.o) (_fwalk_sglue)
C:/ST/STM32CubeIDE_1.11.2/STM32CubeIDE/plugins/com.st.stm32cube.ide.mcu.externaltools.gnu-tools-for-stm32.11.3.rel1.win32_1.1.1.202309131626/tools/bin/../lib/gcc/arm-none-eabi/11.3.1/../../../../arm-none-eabi/lib/thumb/v7e-m+fp/hard\libc_nano.a(libc_a-stdio.o)
                              C:/ST/STM32CubeIDE_1.11.2/STM32CubeIDE/plugins/com.st.stm32cube.ide.mcu.externaltools.gnu-tools-for-stm32.11.3.rel1.win32_1.1.1.202309131626/tools/bin/../lib/gcc/arm-none-eabi/11.3.1/../../../../arm-none-eabi/lib/thumb/v7e-m+fp/hard\libc_nano.a(libc_a-findfp.o) (__sread)
C:/ST/STM32CubeIDE_1.11.2/STM32CubeIDE/plugins/com.st.stm32cube.ide.mcu.externaltools.gnu-tools-for-stm32.11.3.rel1.win32_1.1.1.202309131626/tools/bin/../lib/gcc/arm-none-eabi/11.3.1/../../../../arm-none-eabi/lib/thumb/v7e-m+fp/hard\libc_nano.a(libc_a-memset.o)
                              C:/ST/STM32CubeIDE_1.11.2/STM32CubeIDE/plugins/com.st.stm32cube.ide.mcu.externaltools.gnu-tools-for-stm32.11.3.rel1.win32_1.1.1.202309131626/tools/bin/../lib/gcc/arm-none-eabi/11.3.1/../../../../arm-none-eabi/lib/thumb/v7e-m+fp/hard/crt0.o (memset)
C:/ST/STM32CubeIDE_1.11.2/STM32CubeIDE/plugins/com.st.stm32cube.ide.mcu.externaltools.gnu-tools-for-stm32.11.3.rel1.win32_1.1.1.202309131626/tools/bin/../lib/gcc/arm-none-eabi/11.3.1/../../../../arm-none-eabi/lib/thumb/v7e-m+fp/hard\libc_nano.a(libc_a-closer.o)
                              C:/ST/STM32CubeIDE_1.11.2/STM32CubeIDE/plugins/com.st.stm32cube.ide.mcu.externaltools.gnu-tools-for-stm32.11.3.rel1.win32_1.1.1.202309131626/tools/bin/../lib/gcc/arm-none-eabi/11.3.1/../../../../arm-none-eabi/lib/thumb/v7e-m+fp/hard\libc_nano.a(libc_a-stdio.o) (_close_r)
C:/ST/STM32CubeIDE_1.11.2/STM32CubeIDE/plugins/com.st.stm32cube.ide.mcu.externaltools.gnu-tools-for-stm32.11.3.rel1.win32_1.1.1.202309131626/tools/bin/../lib/gcc/arm-none-eabi/11.3.1/../../../../arm-none-eabi/lib/thumb/v7e-m+fp/hard\libc_nano.a(libc_a-reent.o)
                              C:/ST/STM32CubeIDE_1.11.2/STM32CubeIDE/plugins/com.st.stm32cube.ide.mcu.externaltools.gnu-tools-for-stm32.11.3.rel1.win32_1.1.1.202309131626/tools/bin/../lib/gcc/arm-none-eabi/11.3.1/../../../../arm-none-eabi/lib/thumb/v7e-m+fp/hard\libc_nano.a(libc_a-closer.o) (errno)
C:/ST/STM32CubeIDE_1.11.2/STM32CubeIDE/plugins/com.st.stm32cube.ide.mcu.externaltools.gnu-tools-for-stm32.11.3.rel1.win32_1.1.1.202309131626/tools/bin/../lib/gcc/arm-none-eabi/11.3.1/../../../../arm-none-eabi/lib/thumb/v7e-m+fp/hard\libc_nano.a(libc_a-impure.o)
                              C:/ST/STM32CubeIDE_1.11.2/STM32CubeIDE/plugins/com.st.stm32cube.ide.mcu.externaltools.gnu-tools-for-stm32.11.3.rel1.win32_1.1.1.202309131626/tools/bin/../lib/gcc/arm-none-eabi/11.3.1/../../../../arm-none-eabi/lib/thumb/v7e-m+fp/hard\libc_nano.a(libc_a-reent.o) (_impure_ptr)
C:/ST/STM32CubeIDE_1.11.2/STM32CubeIDE/plugins/com.st.stm32cube.ide.mcu.externaltools.gnu-tools-for-stm32.11.3.rel1.win32_1.1.1.202309131626/tools/bin/../lib/gcc/arm-none-eabi/11.3.1/../../../../arm-none-eabi/lib/thumb/v7e-m+fp/hard\libc_nano.a(libc_a-lseekr.o)
[...]
Memory Configuration

Name             Origin             Length             Attributes
CCMRAM           0x0000000010000000 0x0000000000010000 xrw
RAM              0x0000000020000000 0x0000000000020000 xrw
FLASH            0x0000000008000000 0x0000000000100000 xr
*default*        0x0000000000000000 0xffffffffffffffff

Linker script and memory map

LOAD C:/ST/STM32CubeIDE_1.11.2/STM32CubeIDE/plugins/com.st.stm32cube.ide.mcu.externaltools.gnu-tools-for-stm32.11.3.rel1.win32_1.1.1.202309131626/tools/bin/../lib/gcc/arm-none-eabi/11.3.1/thumb/v7e-m+fp/hard/crti.o
LOAD C:/ST/STM32CubeIDE_1.11.2/STM32CubeIDE/plugins/com.st.stm32cube.ide.mcu.externaltools.gnu-tools-for-stm32.11.3.rel1.win32_1.1.1.202309131626/tools/bin/../lib/gcc/arm-none-eabi/11.3.1/thumb/v7e-m+fp/hard/crtbegin.o
LOAD C:/ST/STM32CubeIDE_1.11.2/STM32CubeIDE/plugins/com.st.stm32cube.ide.mcu.externaltools.gnu-tools-for-stm32.11.3.rel1.win32_1.1.1.202309131626/tools/bin/../lib/gcc/arm-none-eabi/11.3.1/../../../../arm-none-eabi/lib/thumb/v7e-m+fp/hard/crt0.o
LOAD ./Core/Src/main.o
LOAD ./Core/Src/stm32f4xx_hal_msp.o
LOAD ./Core/Src/stm32f4xx_it.o
LOAD ./Core/Src/syscalls.o
LOAD ./Core/Src/sysmem.o
LOAD ./Core/Src/system_stm32f4xx.o
LOAD ./Core/Startup/startup_stm32f407vgtx.o
LOAD ./Drivers/STM32F4xx_HAL_Driver/Src/stm32f4xx_hal.o
LOAD ./Drivers/STM32F4xx_HAL_Driver/Src/stm32f4xx_hal_can.o
LOAD ./Drivers/STM32F4xx_HAL_Driver/Src/stm32f4xx_hal_cortex.o
LOAD ./Drivers/STM32F4xx_HAL_Driver/Src/stm32f4xx_hal_dma.o
LOAD ./Drivers/STM32F4xx_HAL_Driver/Src/stm32f4xx_hal_dma_ex.o
LOAD ./Drivers/STM32F4xx_HAL_Driver/Src/stm32f4xx_hal_exti.o
LOAD ./Drivers/STM32F4xx_HAL_Driver/Src/stm32f4xx_hal_flash.o
LOAD ./Drivers/STM32F4xx_HAL_Driver/Src/stm32f4xx_hal_flash_ex.o
LOAD ./Drivers/STM32F4xx_HAL_Driver/Src/stm32f4xx_hal_flash_ramfunc.o
LOAD ./Drivers/STM32F4xx_HAL_Driver/Src/stm32f4xx_hal_gpio.o
LOAD ./Drivers/STM32F4xx_HAL_Driver/Src/stm32f4xx_hal_pwr.o
LOAD ./Drivers/STM32F4xx_HAL_Driver/Src/stm32f4xx_hal_pwr_ex.o
LOAD ./Drivers/STM32F4xx_HAL_Driver/Src/stm32f4xx_hal_rcc.o
LOAD ./Drivers/STM32F4xx_HAL_Driver/Src/stm32f4xx_hal_rcc_ex.o
LOAD ./Drivers/STM32F4xx_HAL_Driver/Src/stm32f4xx_hal_tim.o
LOAD ./Drivers/STM32F4xx_HAL_Driver/Src/stm32f4xx_hal_tim_ex.o
START GROUP
LOAD C:/ST/STM32CubeIDE_1.11.2/STM32CubeIDE/plugins/com.st.stm32cube.ide.mcu.externaltools.gnu-tools-for-stm32.11.3.rel1.win32_1.1.1.202309131626/tools/bin/../lib/gcc/arm-none-eabi/11.3.1/../../../../arm-none-eabi/lib/thumb/v7e-m+fp/hard\libc_nano.a
LOAD C:/ST/STM32CubeIDE_1.11.2/STM32CubeIDE/plugins/com.st.stm32cube.ide.mcu.externaltools.gnu-tools-for-stm32.11.3.rel1.win32_1.1.1.202309131626/tools/bin/../lib/gcc/arm-none-eabi/11.3.1/../../../../arm-none-eabi/lib/thumb/v7e-m+fp/hard\libm.a
END GROUP
START GROUP
LOAD C:/ST/STM32CubeIDE_1.11.2/STM32CubeIDE/plugins/com.st.stm32cube.ide.mcu.externaltools.gnu-tools-for-stm32.11.3.rel1.win32_1.1.1.202309131626/tools/bin/../lib/gcc/arm-none-eabi/11.3.1/thumb/v7e-m+fp/hard\libgcc.a
LOAD C:/ST/STM32CubeIDE_1.11.2/STM32CubeIDE/plugins/com.st.stm32cube.ide.mcu.externaltools.gnu-tools-for-stm32.11.3.rel1.win32_1.1.1.202309131626/tools/bin/../lib/gcc/arm-none-eabi/11.3.1/../../../../arm-none-eabi/lib/thumb/v7e-m+fp/hard\libc_nano.a
END GROUP
START GROUP
LOAD C:/ST/STM32CubeIDE_1.11.2/STM32CubeIDE/plugins/com.st.stm32cube.ide.mcu.externaltools.gnu-tools-for-stm32.11.3.rel1.win32_1.1.1.202309131626/tools/bin/../lib/gcc/arm-none-eabi/11.3.1/thumb/v7e-m+fp/hard\libgcc.a
LOAD C:/ST/STM32CubeIDE_1.11.2/STM32CubeIDE/plugins/com.st.stm32cube.ide.mcu.externaltools.gnu-tools-for-stm32.11.3.rel1.win32_1.1.1.202309131626/tools/bin/../lib/gcc/arm-none-eabi/11.3.1/../../../../arm-none-eabi/lib/thumb/v7e-m+fp/hard\libc_nano.a
LOAD C:/ST/STM32CubeIDE_1.11.2/STM32CubeIDE/plugins/com.st.stm32cube.ide.mcu.externaltools.gnu-tools-for-stm32.11.3.rel1.win32_1.1.1.202309131626/tools/bin/../lib/gcc/arm-none-eabi/11.3.1/../../../../arm-none-eabi/lib/thumb/v7e-m+fp/hard\libnosys.a
END GROUP
START GROUP
LOAD C:/ST/STM32CubeIDE_1.11.2/STM32CubeIDE/plugins/com.st.stm32cube.ide.mcu.externaltools.gnu-tools-for-stm32.11.3.rel1.win32_1.1.1.202309131626/tools/bin/../lib/gcc/arm-none-eabi/11.3.1/thumb/v7e-m+fp/hard\libgcc.a
LOAD C:/ST/STM32CubeIDE_1.11.2/STM32CubeIDE/plugins/com.st.stm32cube.ide.mcu.externaltools.gnu-tools-for-stm32.11.3.rel1.win32_1.1.1.202309131626/tools/bin/../lib/gcc/arm-none-eabi/11.3.1/../../../../arm-none-eabi/lib/thumb/v7e-m+fp/hard\libc_nano.a
LOAD C:/ST/STM32CubeIDE_1.11.2/STM32CubeIDE/plugins/com.st.stm32cube.ide.mcu.externaltools.gnu-tools-for-stm32.11.3.rel1.win32_1.1.1.202309131626/tools/bin/../lib/gcc/arm-none-eabi/11.3.1/../../../../arm-none-eabi/lib/thumb/v7e-m+fp/hard\libnosys.a
END GROUP
LOAD C:/ST/STM32CubeIDE_1.11.2/STM32CubeIDE/plugins/com.st.stm32cube.ide.mcu.externaltools.gnu-tools-for-stm32.11.3.rel1.win32_1.1.1.202309131626/tools/bin/../lib/gcc/arm-none-eabi/11.3.1/thumb/v7e-m+fp/hard/crtend.o
LOAD C:/ST/STM32CubeIDE_1.11.2/STM32CubeIDE/plugins/com.st.stm32cube.ide.mcu.externaltools.gnu-tools-for-stm32.11.3.rel1.win32_1.1.1.202309131626/tools/bin/../lib/gcc/arm-none-eabi/11.3.1/thumb/v7e-m+fp/hard/crtn.o
                0x0000000020020000                _estack = (ORIGIN (RAM) + LENGTH (RAM))
                0x0000000000000200                _Min_Heap_Size = 0x200
                0x0000000000000400                _Min_Stack_Size = 0x400

.isr_vector     0x0000000008000000      0x188
                0x0000000008000000                . = ALIGN (0x4)
 *(.isr_vector)
 .isr_vector    0x0000000008000000      0x188 ./Core/Startup/startup_stm32f407vgtx.o
                0x0000000008000000                g_pfnVectors
                0x0000000008000188                . = ALIGN (0x4)

.text           0x0000000008000188     0x6f70
                0x0000000008000188                . = ALIGN (0x4)
 *(.text)
 .text          0x0000000008000188       0x40 C:/ST/STM32CubeIDE_1.11.2/STM32CubeIDE/plugins/com.st.stm32cube.ide.mcu.externaltools.gnu-tools-for-stm32.11.3.rel1.win32_1.1.1.202309131626/tools/bin/../lib/gcc/arm-none-eabi/11.3.1/thumb/v7e-m+fp/hard/crtbegin.o
 .text          0x00000000080001c8      0x378 C:/ST/STM32CubeIDE_1.11.2/STM32CubeIDE/plugins/com.st.stm32cube.ide.mcu.externaltools.gnu-tools-for-stm32.11.3.rel1.win32_1.1.1.202309131626/tools/bin/../lib/gcc/arm-none-eabi/11.3.1/thumb/v7e-m+fp/hard\libgcc.a(_arm_addsubdf3.o)
                0x00000000080001c8                __aeabi_drsub
                0x00000000080001d0                __aeabi_dsub
                0x00000000080001d0                __subdf3
                0x00000000080001d4                __aeabi_dadd
                0x00000000080001d4                __adddf3
                0x000000000800044c                __floatunsidf
                0x000000000800044c                __aeabi_ui2d
                0x000000000800046c                __floatsidf
                0x000000000800046c                __aeabi_i2d
                0x0000000008000490                __aeabi_f2d
                0x0000000008000490                __extendsfdf2
                0x00000000080004d4                __floatundidf
                0x00000000080004d4                __aeabi_ul2d
                0x00000000080004e4                __floatdidf
                0x00000000080004e4                __aeabi_l2d
 .text          0x0000000008000540      0x424 C:/ST/STM32CubeIDE_1.11.2/STM32CubeIDE/plugins/com.st.stm32cube.ide.mcu.externaltools.gnu-tools-for-stm32.11.3.rel1.win32_1.1.1.202309131626/tools/bin/../lib/gcc/arm-none-eabi/11.3.1/thumb/v7e-m+fp/hard\libgcc.a(_arm_muldivdf3.o)
                0x0000000008000540                __aeabi_dmul
                0x0000000008000540                __muldf3
                0x0000000008000794                __divdf3
                0x0000000008000794                __aeabi_ddiv
 .text          0x0000000008000964      0x110 C:/ST/STM32CubeIDE_1.11.2/STM32CubeIDE/plugins/com.st.stm32cube.ide.mcu.externaltools.gnu-tools-for-stm32.11.3.rel1.win32_1.1.1.202309131626/tools/bin/../lib/gcc/arm-none-eabi/11.3.1/thumb/v7e-m+fp/hard\libgcc.a(_arm_cmpdf2.o)
                0x0000000008000964                __gtdf2
                0x0000000008000964                __gedf2
                0x000000000800096c                __ltdf2
                0x000000000800096c                __ledf2
                0x0000000008000974                __nedf2
                0x0000000008000974                __eqdf2
                0x0000000008000974                __cmpdf2
                0x00000000080009f0                __aeabi_cdrcmple
                0x0000000008000a00                __aeabi_cdcmpeq
                0x0000000008000a00                __aeabi_cdcmple
                0x0000000008000a10                __aeabi_dcmpeq
                0x0000000008000a24                __aeabi_dcmplt
                0x0000000008000a38                __aeabi_dcmple
                0x0000000008000a4c                __aeabi_dcmpge
                0x0000000008000a60                __aeabi_dcmpgt
 .text          0x0000000008000a74       0x2c C:/ST/STM32CubeIDE_1.11.2/STM32CubeIDE/plugins/com.st.stm32cube.ide.mcu.externaltools.gnu-tools-for-stm32.11.3.rel1.win32_1.1.1.202309131626/tools/bin/../lib/gcc/arm-none-eabi/11.3.1/thumb/v7e-m+fp/hard\libgcc.a(_arm_unorddf2.o)
                0x0000000008000a74                __unorddf2
                0x0000000008000a74                __aeabi_dcmpun
 .text          0x0000000008000aa0       0xa0 C:/ST/STM32CubeIDE_1.11.2/STM32CubeIDE/plugins/com.st.stm32cube.ide.mcu.externaltools.gnu-tools-for-stm32.11.3.rel1.win32_1.1.1.202309131626/tools/bin/../lib/gcc/arm-none-eabi/11.3.1/thumb/v7e-m+fp/hard\libgcc.a(_arm_truncdfsf2.o)
                0x0000000008000aa0                __truncdfsf2
                0x0000000008000aa0                __aeabi_d2f
 .text          0x0000000008000b40       0x30 C:/ST/STM32CubeIDE_1.11.2/STM32CubeIDE/plugins/com.st.stm32cube.ide.mcu.externaltools.gnu-tools-for-stm32.11.3.rel1.win32_1.1.1.202309131626/tools/bin/../lib/gcc/arm-none-eabi/11.3.1/thumb/v7e-m+fp/hard\libgcc.a(_aeabi_uldivmod.o)
                0x0000000008000b40                __aeabi_uldivmod
 .text          0x0000000008000b70      0x2c8 C:/ST/STM32CubeIDE_1.11.2/STM32CubeIDE/plugins/com.st.stm32cube.ide.mcu.externaltools.gnu-tools-for-stm32.11.3.rel1.win32_1.1.1.202309131626/tools/bin/../lib/gcc/arm-none-eabi/11.3.1/thumb/v7e-m+fp/hard\libgcc.a(_udivmoddi4.o)
                0x0000000008000b70                __udivmoddi4
 .text          0x0000000008000e38        0x4 C:/ST/STM32CubeIDE_1.11.2/STM32CubeIDE/plugins/com.st.stm32cube.ide.mcu.externaltools.gnu-tools-for-stm32.11.3.rel1.win32_1.1.1.202309131626/tools/bin/../lib/gcc/arm-none-eabi/11.3.1/thumb/v7e-m+fp/hard\libgcc.a(_dvmd_tls.o)
                0x0000000008000e38                __aeabi_idiv0
                0x0000000008000e38                __aeabi_ldiv0
 *(.text*)
 .text.__NVIC_SystemReset
                0x0000000008000e3c       0x2c ./Core/Src/main.o
 .text.main     0x0000000008000e68       0x60 ./Core/Src/main.o
                0x0000000008000e68                main
 .text.SystemClock_Config
                0x0000000008000ec8       0xd4 ./Core/Src/main.o
                0x0000000008000ec8                SystemClock_Config
 .text.MX_CAN1_Init
                0x0000000008000f9c       0xa4 ./Core/Src/main.o
 .text.MX_TIM2_Init
                0x0000000008001040       0xa8 ./Core/Src/main.o
 .text.MX_TIM3_Init
                0x00000000080010e8       0xfc ./Core/Src/main.o
 .text.MX_TIM4_Init
                0x00000000080011e4       0xec ./Core/Src/main.o
 .text.MX_TIM9_Init
                0x00000000080012d0       0x8c ./Core/Src/main.o
 .text.MX_TIM10_Init
                0x000000000800135c       0xa8 ./Core/Src/main.o
 .text.MX_TIM11_Init
                0x0000000008001404       0xa8 ./Core/Src/main.o
 .text.MX_TIM12_Init
                0x00000000080014ac       0x88 ./Core/Src/main.o
 .text.MX_TIM13_Init
                0x0000000008001534       0x94 ./Core/Src/main.o
 .text.MX_GPIO_Init
                0x00000000080015c8      0x1bc ./Core/Src/main.o
 .text.start_first_move
                0x0000000008001784       0x74 ./Core/Src/main.o
 .text.setup    0x00000000080017f8       0xb0 ./Core/Src/main.o
 .text.check_command
                0x00000000080018a8      0x314 ./Core/Src/main.o
 .text.move_axis
                0x0000000008001bbc      0x3f4 ./Core/Src/main.o
 .text.start_program
                0x0000000008001fb0       0x5c ./Core/Src/main.o
 .text.go_to_home_position
                0x000000000800200c      0x110 ./Core/Src/main.o
 .text.homing_cycle
                0x000000000800211c      0x188 ./Core/Src/main.o
 .text.measure_tool
                0x00000000080022a4       0xd8 ./Core/Src/main.o
 .text.send_position_message
                0x000000000800237c       0xa8 ./Core/Src/main.o
                0x000000000800237c                send_position_message
 .text.get_mailbox
                0x0000000008002424       0x28 ./Core/Src/main.o
 .text.is_mailbox_empty
                0x000000000800244c       0x30 ./Core/Src/main.o
 .text.Error_Handler
                0x000000000800247c        0xa ./Core/Src/main.o
                0x000000000800247c                Error_Handler
 *fill*         0x0000000008002486        0x2 
 .text.HAL_MspInit
                0x0000000008002488       0x50 ./Core/Src/stm32f4xx_hal_msp.o
                0x0000000008002488                HAL_MspInit
 .text.HAL_CAN_MspInit
                0x00000000080024d8       0xa0 ./Core/Src/stm32f4xx_hal_msp.o
                0x00000000080024d8                HAL_CAN_MspInit
 .text.HAL_TIM_Encoder_MspInit
                0x0000000008002578       0x8c ./Core/Src/stm32f4xx_hal_msp.o
                0x0000000008002578                HAL_TIM_Encoder_MspInit
 .text.HAL_TIM_Base_MspInit
                0x0000000008002604      0x140 ./Core/Src/stm32f4xx_hal_msp.o
                0x0000000008002604                HAL_TIM_Base_MspInit
 .text.HAL_TIM_OC_MspInit
                0x0000000008002744       0x8c ./Core/Src/stm32f4xx_hal_msp.o
                0x0000000008002744                HAL_TIM_OC_MspInit
 .text.HAL_TIM_MspPostInit
                0x00000000080027d0      0x1b0 ./Core/Src/stm32f4xx_hal_msp.o
                0x00000000080027d0                HAL_TIM_MspPostInit
 .text.NMI_Handler
                0x0000000008002980        0x6 ./Core/Src/stm32f4xx_it.o
                0x0000000008002980                NMI_Handler
 .text.HardFault_Handler
                0x0000000008002986        0x6 ./Core/Src/stm32f4xx_it.o
                0x0000000008002986                HardFault_Handler
 .text.MemManage_Handler
                0x000000000800298c        0x6 ./Core/Src/stm32f4xx_it.o
                0x000000000800298c                MemManage_Handler
 .text.BusFault_Handler
                0x0000000008002992        0x6 ./Core/Src/stm32f4xx_it.o
                0x0000000008002992                BusFault_Handler
 .text.UsageFault_Handler
                0x0000000008002998        0x6 ./Core/Src/stm32f4xx_it.o
                0x0000000008002998                UsageFault_Handler
 .text.SVC_Handler
                0x000000000800299e        0xe ./Core/Src/stm32f4xx_it.o
                0x000000000800299e                SVC_Handler
 .text.DebugMon_Handler
                0x00000000080029ac        0xe ./Core/Src/stm32f4xx_it.o
                0x00000000080029ac                DebugMon_Handler
 .text.PendSV_Handler
                0x00000000080029ba        0xe ./Core/Src/stm32f4xx_it.o
                0x00000000080029ba                PendSV_Handler
 .text.SysTick_Handler
                0x00000000080029c8        0xc ./Core/Src/stm32f4xx_it.o
                0x00000000080029c8                SysTick_Handler
 .text.CAN1_RX0_IRQHandler
                0x00000000080029d4       0x28 ./Core/Src/stm32f4xx_it.o
                0x00000000080029d4                CAN1_RX0_IRQHandler
 .text.TIM1_BRK_TIM9_IRQHandler
                0x00000000080029fc       0x1c ./Core/Src/stm32f4xx_it.o
                0x00000000080029fc                TIM1_BRK_TIM9_IRQHandler
 .text.TIM1_UP_TIM10_IRQHandler
                0x0000000008002a18       0x1c ./Core/Src/stm32f4xx_it.o
                0x0000000008002a18                TIM1_UP_TIM10_IRQHandler
 .text.TIM1_TRG_COM_TIM11_IRQHandler
                0x0000000008002a34       0x1c ./Core/Src/stm32f4xx_it.o
                0x0000000008002a34                TIM1_TRG_COM_TIM11_IRQHandler
 .text.TIM3_IRQHandler
                0x0000000008002a50       0x1c ./Core/Src/stm32f4xx_it.o
                0x0000000008002a50                TIM3_IRQHandler
 .text.TIM4_IRQHandler
                0x0000000008002a6c       0x1c ./Core/Src/stm32f4xx_it.o
                0x0000000008002a6c                TIM4_IRQHandler
 .text.TIM8_BRK_TIM12_IRQHandler
                0x0000000008002a88       0x48 ./Core/Src/stm32f4xx_it.o
                0x0000000008002a88                TIM8_BRK_TIM12_IRQHandler
 .text.TIM8_UP_TIM13_IRQHandler
                0x0000000008002ad0       0x18 ./Core/Src/stm32f4xx_it.o
                0x0000000008002ad0                TIM8_UP_TIM13_IRQHandler
 .text.get_data
                0x0000000008002ae8      0x534 ./Core/Src/stm32f4xx_it.o
 .text.handle_mc_data_part_1
                0x000000000800301c       0x50 ./Core/Src/stm32f4xx_it.o
 .text.handle_mc_data_part_2
                0x000000000800306c       0x54 ./Core/Src/stm32f4xx_it.o
 .text.handle_mc_data_part_3
                0x00000000080030c0       0x50 ./Core/Src/stm32f4xx_it.o
 .text.handle_mc_data_part_4
                0x0000000008003110       0xcc ./Core/Src/stm32f4xx_it.o
 .text.request_receiving_data
                0x00000000080031dc       0x60 ./Core/Src/stm32f4xx_it.o
                0x00000000080031dc                request_receiving_data
 .text.update_standpoint_x
                0x000000000800323c       0x34 ./Core/Src/stm32f4xx_it.o
 .text.check_target_reached_x
                0x0000000008003270       0x44 ./Core/Src/stm32f4xx_it.o
 .text.update_standpoint_y
                0x00000000080032b4       0x34 ./Core/Src/stm32f4xx_it.o
 .text.check_target_reached_y
                0x00000000080032e8       0x44 ./Core/Src/stm32f4xx_it.o
 .text.update_standpoint_z
                0x000000000800332c       0x34 ./Core/Src/stm32f4xx_it.o
 .text.check_target_reached_z
                0x0000000008003360       0x44 ./Core/Src/stm32f4xx_it.o
 .text.update_standpoint_b
                0x00000000080033a4       0x34 ./Core/Src/stm32f4xx_it.o
 .text.check_target_reached_b
                0x00000000080033d8       0x44 ./Core/Src/stm32f4xx_it.o
 .text.update_standpoint_c
                0x000000000800341c       0x34 ./Core/Src/stm32f4xx_it.o
 .text.check_target_reached_c
                0x0000000008003450       0x44 ./Core/Src/stm32f4xx_it.o
 .text.prepare_next_move
                0x0000000008003494      0x120 ./Core/Src/stm32f4xx_it.o
 .text.set_timer_speeds
                0x00000000080035b4      0x4e8 ./Core/Src/stm32f4xx_it.o
 .text.set_targets
                0x0000000008003a9c       0x98 ./Core/Src/stm32f4xx_it.o
 .text.calc_prescaler
                0x0000000008003b34       0xc0 ./Core/Src/stm32f4xx_it.o
 .text.start_motors
                0x0000000008003bf4       0xb4 ./Core/Src/stm32f4xx_it.o
 .text.x_axis_start
                0x0000000008003ca8       0x28 ./Core/Src/stm32f4xx_it.o
 .text.y_axis_start
                0x0000000008003cd0       0x28 ./Core/Src/stm32f4xx_it.o
 .text.z_axis_start
                0x0000000008003cf8       0x28 ./Core/Src/stm32f4xx_it.o
 .text.xy_axis_start
                0x0000000008003d20       0x38 ./Core/Src/stm32f4xx_it.o
 .text.xz_axis_start
                0x0000000008003d58       0x38 ./Core/Src/stm32f4xx_it.o
 .text.yz_axis_start
                0x0000000008003d90       0x38 ./Core/Src/stm32f4xx_it.o
 .text.xyz_axis_start
                0x0000000008003dc8       0x48 ./Core/Src/stm32f4xx_it.o
 .text.b_axis_start
                0x0000000008003e10       0x28 ./Core/Src/stm32f4xx_it.o
 .text.c_axis_start
                0x0000000008003e38       0x28 ./Core/Src/stm32f4xx_it.o
 .text.save_targets
                0x0000000008003e60       0x60 ./Core/Src/stm32f4xx_it.o
 .text.manual_motor_controll
                0x0000000008003ec0       0x84 ./Core/Src/stm32f4xx_it.o
 .text.toggle_pin_x_axis
                0x0000000008003f44       0xf0 ./Core/Src/stm32f4xx_it.o
 .text.toggle_pin_y_axis
                0x0000000008004034       0xe4 ./Core/Src/stm32f4xx_it.o
 .text.toggle_pin_z_axis
                0x0000000008004118      0x16c ./Core/Src/stm32f4xx_it.o
 .text.toggle_pin_b_axis
                0x0000000008004284       0x80 ./Core/Src/stm32f4xx_it.o
 .text.toggle_pin_c_axis
                0x0000000008004304       0x88 ./Core/Src/stm32f4xx_it.o
 .text.toggle_pin_y_left_axis
                0x000000000800438c      0x138 ./Core/Src/stm32f4xx_it.o
 .text.toggle_pin_y_right_axis
                0x00000000080044c4      0x134 ./Core/Src/stm32f4xx_it.o
 .text.wait     0x00000000080045f8       0x24 ./Core/Src/stm32f4xx_it.o
 .text.SystemInit
                0x000000000800461c       0x24 ./Core/Src/system_stm32f4xx.o
                0x000000000800461c                SystemInit
 .text.Reset_Handler
                0x0000000008004640       0x50 ./Core/Startup/startup_stm32f407vgtx.o
                0x0000000008004640                Reset_Handler
 .text.Default_Handler
                0x0000000008004690        0x2 ./Core/Startup/startup_stm32f407vgtx.o
                0x0000000008004690                RTC_Alarm_IRQHandler
                0x0000000008004690                HASH_RNG_IRQHandler
                0x0000000008004690                EXTI2_IRQHandler
                0x0000000008004690                TIM8_CC_IRQHandler
                0x0000000008004690                TIM1_CC_IRQHandler
                0x0000000008004690                DMA2_Stream5_IRQHandler
                0x0000000008004690                DMA1_Stream5_IRQHandler
                0x0000000008004690                PVD_IRQHandler
                0x0000000008004690                SDIO_IRQHandler
                0x0000000008004690                TAMP_STAMP_IRQHandler
                0x0000000008004690                CAN2_RX1_IRQHandler
                0x0000000008004690                EXTI3_IRQHandler
                0x0000000008004690                TIM8_TRG_COM_TIM14_IRQHandler
                0x0000000008004690                I2C3_ER_IRQHandler
                0x0000000008004690                EXTI0_IRQHandler
                0x0000000008004690                I2C2_EV_IRQHandler
                0x0000000008004690                DMA1_Stream2_IRQHandler
                0x0000000008004690                FPU_IRQHandler
                0x0000000008004690                OTG_HS_WKUP_IRQHandler
                0x0000000008004690                CAN2_SCE_IRQHandler
                0x0000000008004690                DMA2_Stream2_IRQHandler
                0x0000000008004690                SPI1_IRQHandler
                0x0000000008004690                TIM6_DAC_IRQHandler
                0x0000000008004690                DCMI_IRQHandler
                0x0000000008004690                CAN2_RX0_IRQHandler
                0x0000000008004690                DMA2_Stream3_IRQHandler
                0x0000000008004690                USART6_IRQHandler
                0x0000000008004690                USART3_IRQHandler
                0x0000000008004690                CAN1_RX1_IRQHandler
                0x0000000008004690                UART5_IRQHandler
                0x0000000008004690                DMA2_Stream0_IRQHandler
                0x0000000008004690                I2C1_EV_IRQHandler
                0x0000000008004690                DMA1_Stream6_IRQHandler
                0x0000000008004690                DMA1_Stream1_IRQHandler
                0x0000000008004690                UART4_IRQHandler
                0x0000000008004690                RCC_IRQHandler
                0x0000000008004690                Default_Handler
                0x0000000008004690                EXTI15_10_IRQHandler
                0x0000000008004690                ADC_IRQHandler
                0x0000000008004690                DMA1_Stream7_IRQHandler
                0x0000000008004690                TIM7_IRQHandler
                0x0000000008004690                CAN2_TX_IRQHandler
                0x0000000008004690                TIM5_IRQHandler
                0x0000000008004690                DMA2_Stream7_IRQHandler
                0x0000000008004690                I2C3_EV_IRQHandler
                0x0000000008004690                EXTI9_5_IRQHandler
                0x0000000008004690                RTC_WKUP_IRQHandler
                0x0000000008004690                ETH_WKUP_IRQHandler
                0x0000000008004690                SPI2_IRQHandler
                0x0000000008004690                OTG_HS_EP1_IN_IRQHandler
                0x0000000008004690                DMA1_Stream0_IRQHandler
                0x0000000008004690                CAN1_TX_IRQHandler
                0x0000000008004690                EXTI4_IRQHandler
                0x0000000008004690                FSMC_IRQHandler
                0x0000000008004690                ETH_IRQHandler
                0x0000000008004690                OTG_HS_EP1_OUT_IRQHandler
                0x0000000008004690                WWDG_IRQHandler
                0x0000000008004690                TIM2_IRQHandler
                0x0000000008004690                OTG_FS_WKUP_IRQHandler
                0x0000000008004690                OTG_HS_IRQHandler
                0x0000000008004690                EXTI1_IRQHandler
                0x0000000008004690                USART2_IRQHandler
                0x0000000008004690                I2C2_ER_IRQHandler
                0x0000000008004690                DMA2_Stream1_IRQHandler
                0x0000000008004690                CAN1_SCE_IRQHandler
                0x0000000008004690                FLASH_IRQHandler
                0x0000000008004690                DMA2_Stream4_IRQHandler
                0x0000000008004690                USART1_IRQHandler
                0x0000000008004690                OTG_FS_IRQHandler
                0x0000000008004690                SPI3_IRQHandler
                0x0000000008004690                DMA1_Stream4_IRQHandler
                0x0000000008004690                I2C1_ER_IRQHandler
                0x0000000008004690                DMA2_Stream6_IRQHandler
                0x0000000008004690                DMA1_Stream3_IRQHandler
 *fill*         0x0000000008004692        0x2 
 .text.HAL_Init
                0x0000000008004694       0x44 ./Drivers/STM32F4xx_HAL_Driver/Src/stm32f4xx_hal.o
                0x0000000008004694                HAL_Init
 .text.HAL_InitTick
                0x00000000080046d8       0x60 ./Drivers/STM32F4xx_HAL_Driver/Src/stm32f4xx_hal.o
                0x00000000080046d8                HAL_InitTick
 .text.HAL_IncTick
                0x0000000008004738       0x28 ./Drivers/STM32F4xx_HAL_Driver/Src/stm32f4xx_hal.o
                0x0000000008004738                HAL_IncTick
 .text.HAL_GetTick
                0x0000000008004760       0x18 ./Drivers/STM32F4xx_HAL_Driver/Src/stm32f4xx_hal.o
                0x0000000008004760                HAL_GetTick
 .text.HAL_CAN_Init
                0x0000000008004778      0x1f6 ./Drivers/STM32F4xx_HAL_Driver/Src/stm32f4xx_hal_can.o
                0x0000000008004778                HAL_CAN_Init
 *fill*         0x000000000800496e        0x2 
 .text.HAL_CAN_ConfigFilter
                0x0000000008004970      0x1c0 ./Drivers/STM32F4xx_HAL_Driver/Src/stm32f4xx_hal_can.o
                0x0000000008004970                HAL_CAN_ConfigFilter
 .text.HAL_CAN_Start
                0x0000000008004b30       0x88 ./Drivers/STM32F4xx_HAL_Driver/Src/stm32f4xx_hal_can.o
                0x0000000008004b30                HAL_CAN_Start
 .text.HAL_CAN_ActivateNotification
                0x0000000008004bb8       0x4c ./Drivers/STM32F4xx_HAL_Driver/Src/stm32f4xx_hal_can.o
                0x0000000008004bb8                HAL_CAN_ActivateNotification
 .text.HAL_CAN_IRQHandler
                0x0000000008004c04      0x36e ./Drivers/STM32F4xx_HAL_Driver/Src/stm32f4xx_hal_can.o
                0x0000000008004c04                HAL_CAN_IRQHandler
 .text.HAL_CAN_TxMailbox0CompleteCallback
                0x0000000008004f72       0x14 ./Drivers/STM32F4xx_HAL_Driver/Src/stm32f4xx_hal_can.o
                0x0000000008004f72                HAL_CAN_TxMailbox0CompleteCallback
 .text.HAL_CAN_TxMailbox1CompleteCallback
                0x0000000008004f86       0x14 ./Drivers/STM32F4xx_HAL_Driver/Src/stm32f4xx_hal_can.o
                0x0000000008004f86                HAL_CAN_TxMailbox1CompleteCallback
 .text.HAL_CAN_TxMailbox2CompleteCallback
                0x0000000008004f9a       0x14 ./Drivers/STM32F4xx_HAL_Driver/Src/stm32f4xx_hal_can.o
                0x0000000008004f9a                HAL_CAN_TxMailbox2CompleteCallback
 .text.HAL_CAN_TxMailbox0AbortCallback
                0x0000000008004fae       0x14 ./Drivers/STM32F4xx_HAL_Driver/Src/stm32f4xx_hal_can.o
                0x0000000008004fae                HAL_CAN_TxMailbox0AbortCallback
 .text.HAL_CAN_TxMailbox1AbortCallback
                0x0000000008004fc2       0x14 ./Drivers/STM32F4xx_HAL_Driver/Src/stm32f4xx_hal_can.o
                0x0000000008004fc2                HAL_CAN_TxMailbox1AbortCallback
 .text.HAL_CAN_TxMailbox2AbortCallback
                0x0000000008004fd6       0x14 ./Drivers/STM32F4xx_HAL_Driver/Src/stm32f4xx_hal_can.o
                0x0000000008004fd6                HAL_CAN_TxMailbox2AbortCallback
 .text.HAL_CAN_RxFifo0MsgPendingCallback
                0x0000000008004fea       0x14 ./Drivers/STM32F4xx_HAL_Driver/Src/stm32f4xx_hal_can.o
                0x0000000008004fea                HAL_CAN_RxFifo0MsgPendingCallback
 .text.HAL_CAN_RxFifo0FullCallback
                0x0000000008004ffe       0x14 ./Drivers/STM32F4xx_HAL_Driver/Src/stm32f4xx_hal_can.o
                0x0000000008004ffe                HAL_CAN_RxFifo0FullCallback
 .text.HAL_CAN_RxFifo1MsgPendingCallback
                0x0000000008005012       0x14 ./Drivers/STM32F4xx_HAL_Driver/Src/stm32f4xx_hal_can.o
                0x0000000008005012                HAL_CAN_RxFifo1MsgPendingCallback
 .text.HAL_CAN_RxFifo1FullCallback
                0x0000000008005026       0x14 ./Drivers/STM32F4xx_HAL_Driver/Src/stm32f4xx_hal_can.o
                0x0000000008005026                HAL_CAN_RxFifo1FullCallback
 .text.HAL_CAN_SleepCallback
                0x000000000800503a       0x14 ./Drivers/STM32F4xx_HAL_Driver/Src/stm32f4xx_hal_can.o
                0x000000000800503a                HAL_CAN_SleepCallback
 .text.HAL_CAN_WakeUpFromRxMsgCallback
                0x000000000800504e       0x14 ./Drivers/STM32F4xx_HAL_Driver/Src/stm32f4xx_hal_can.o
                0x000000000800504e                HAL_CAN_WakeUpFromRxMsgCallback
 .text.HAL_CAN_ErrorCallback
                0x0000000008005062       0x14 ./Drivers/STM32F4xx_HAL_Driver/Src/stm32f4xx_hal_can.o
                0x0000000008005062                HAL_CAN_ErrorCallback
 *fill*         0x0000000008005076        0x2 
 .text.__NVIC_SetPriorityGrouping
                0x0000000008005078       0x48 ./Drivers/STM32F4xx_HAL_Driver/Src/stm32f4xx_hal_cortex.o
 .text.__NVIC_GetPriorityGrouping
                0x00000000080050c0       0x1c ./Drivers/STM32F4xx_HAL_Driver/Src/stm32f4xx_hal_cortex.o
 .text.__NVIC_EnableIRQ
                0x00000000080050dc       0x3c ./Drivers/STM32F4xx_HAL_Driver/Src/stm32f4xx_hal_cortex.o
 .text.__NVIC_SetPriority
                0x0000000008005118       0x54 ./Drivers/STM32F4xx_HAL_Driver/Src/stm32f4xx_hal_cortex.o
 .text.NVIC_EncodePriority
                0x000000000800516c       0x66 ./Drivers/STM32F4xx_HAL_Driver/Src/stm32f4xx_hal_cortex.o
 *fill*         0x00000000080051d2        0x2 
 .text.SysTick_Config
                0x00000000080051d4       0x44 ./Drivers/STM32F4xx_HAL_Driver/Src/stm32f4xx_hal_cortex.o
 .text.HAL_NVIC_SetPriorityGrouping
                0x0000000008005218       0x16 ./Drivers/STM32F4xx_HAL_Driver/Src/stm32f4xx_hal_cortex.o
                0x0000000008005218                HAL_NVIC_SetPriorityGrouping
 .text.HAL_NVIC_SetPriority
                0x000000000800522e       0x38 ./Drivers/STM32F4xx_HAL_Driver/Src/stm32f4xx_hal_cortex.o
                0x000000000800522e                HAL_NVIC_SetPriority
 .text.HAL_NVIC_EnableIRQ
                0x0000000008005266       0x1c ./Drivers/STM32F4xx_HAL_Driver/Src/stm32f4xx_hal_cortex.o
                0x0000000008005266                HAL_NVIC_EnableIRQ
 .text.HAL_SYSTICK_Config
                0x0000000008005282       0x18 ./Drivers/STM32F4xx_HAL_Driver/Src/stm32f4xx_hal_cortex.o
                0x0000000008005282                HAL_SYSTICK_Config
 *fill*         0x000000000800529a        0x2 
 .text.HAL_GPIO_Init
                0x000000000800529c      0x338 ./Drivers/STM32F4xx_HAL_Driver/Src/stm32f4xx_hal_gpio.o
                0x000000000800529c                HAL_GPIO_Init
 .text.HAL_GPIO_WritePin
                0x00000000080055d4       0x32 ./Drivers/STM32F4xx_HAL_Driver/Src/stm32f4xx_hal_gpio.o
                0x00000000080055d4                HAL_GPIO_WritePin
 *fill*         0x0000000008005606        0x2 
 .text.HAL_RCC_OscConfig
                0x0000000008005608      0x4f0 ./Drivers/STM32F4xx_HAL_Driver/Src/stm32f4xx_hal_rcc.o
                0x0000000008005608                HAL_RCC_OscConfig
 .text.HAL_RCC_ClockConfig
                0x0000000008005af8      0x1cc ./Drivers/STM32F4xx_HAL_Driver/Src/stm32f4xx_hal_rcc.o
                0x0000000008005af8                HAL_RCC_ClockConfig
 .text.HAL_RCC_GetSysClockFreq
                0x0000000008005cc4      0x20c ./Drivers/STM32F4xx_HAL_Driver/Src/stm32f4xx_hal_rcc.o
                0x0000000008005cc4                HAL_RCC_GetSysClockFreq
 .text.HAL_TIM_Base_Init
                0x0000000008005ed0       0x9e ./Drivers/STM32F4xx_HAL_Driver/Src/stm32f4xx_hal_tim.o
                0x0000000008005ed0                HAL_TIM_Base_Init
 .text.HAL_TIM_OC_Init
                0x0000000008005f6e       0x9e ./Drivers/STM32F4xx_HAL_Driver/Src/stm32f4xx_hal_tim.o
                0x0000000008005f6e                HAL_TIM_OC_Init
 .text.HAL_TIM_Encoder_Init
                0x000000000800600c      0x14c ./Drivers/STM32F4xx_HAL_Driver/Src/stm32f4xx_hal_tim.o
                0x000000000800600c                HAL_TIM_Encoder_Init
 .text.HAL_TIM_Encoder_Start
                0x0000000008006158      0x11c ./Drivers/STM32F4xx_HAL_Driver/Src/stm32f4xx_hal_tim.o
                0x0000000008006158                HAL_TIM_Encoder_Start
 .text.HAL_TIM_IRQHandler
                0x0000000008006274      0x210 ./Drivers/STM32F4xx_HAL_Driver/Src/stm32f4xx_hal_tim.o
                0x0000000008006274                HAL_TIM_IRQHandler
 .text.HAL_TIM_OC_ConfigChannel
                0x0000000008006484       0xb8 ./Drivers/STM32F4xx_HAL_Driver/Src/stm32f4xx_hal_tim.o
                0x0000000008006484                HAL_TIM_OC_ConfigChannel
 .text.HAL_TIM_ConfigClockSource
                0x000000000800653c      0x18e ./Drivers/STM32F4xx_HAL_Driver/Src/stm32f4xx_hal_tim.o
                0x000000000800653c                HAL_TIM_ConfigClockSource
 .text.HAL_TIM_PeriodElapsedCallback
                0x00000000080066ca       0x14 ./Drivers/STM32F4xx_HAL_Driver/Src/stm32f4xx_hal_tim.o
                0x00000000080066ca                HAL_TIM_PeriodElapsedCallback
 .text.HAL_TIM_OC_DelayElapsedCallback
                0x00000000080066de       0x14 ./Drivers/STM32F4xx_HAL_Driver/Src/stm32f4xx_hal_tim.o
                0x00000000080066de                HAL_TIM_OC_DelayElapsedCallback
 .text.HAL_TIM_IC_CaptureCallback
                0x00000000080066f2       0x14 ./Drivers/STM32F4xx_HAL_Driver/Src/stm32f4xx_hal_tim.o
                0x00000000080066f2                HAL_TIM_IC_CaptureCallback
 .text.HAL_TIM_PWM_PulseFinishedCallback
                0x0000000008006706       0x14 ./Drivers/STM32F4xx_HAL_Driver/Src/stm32f4xx_hal_tim.o
                0x0000000008006706                HAL_TIM_PWM_PulseFinishedCallback
 .text.HAL_TIM_TriggerCallback
                0x000000000800671a       0x14 ./Drivers/STM32F4xx_HAL_Driver/Src/stm32f4xx_hal_tim.o
                0x000000000800671a                HAL_TIM_TriggerCallback
 *fill*         0x000000000800672e        0x2 
 .text.TIM_Base_SetConfig
                0x0000000008006730      0x140 ./Drivers/STM32F4xx_HAL_Driver/Src/stm32f4xx_hal_tim.o
                0x0000000008006730                TIM_Base_SetConfig
 .text.TIM_OC1_SetConfig
                0x0000000008006870       0xe0 ./Drivers/STM32F4xx_HAL_Driver/Src/stm32f4xx_hal_tim.o
 .text.TIM_OC2_SetConfig
                0x0000000008006950       0xec ./Drivers/STM32F4xx_HAL_Driver/Src/stm32f4xx_hal_tim.o
                0x0000000008006950                TIM_OC2_SetConfig
 .text.TIM_OC3_SetConfig
                0x0000000008006a3c       0xe8 ./Drivers/STM32F4xx_HAL_Driver/Src/stm32f4xx_hal_tim.o
 .text.TIM_OC4_SetConfig
                0x0000000008006b24       0xac ./Drivers/STM32F4xx_HAL_Driver/Src/stm32f4xx_hal_tim.o
 .text.TIM_TI1_ConfigInputStage
                0x0000000008006bd0       0x5e ./Drivers/STM32F4xx_HAL_Driver/Src/stm32f4xx_hal_tim.o
 .text.TIM_TI2_ConfigInputStage
                0x0000000008006c2e       0x60 ./Drivers/STM32F4xx_HAL_Driver/Src/stm32f4xx_hal_tim.o
 .text.TIM_ITRx_SetConfig
                0x0000000008006c8e       0x36 ./Drivers/STM32F4xx_HAL_Driver/Src/stm32f4xx_hal_tim.o
 .text.TIM_ETR_SetConfig
                0x0000000008006cc4       0x40 ./Drivers/STM32F4xx_HAL_Driver/Src/stm32f4xx_hal_tim.o
                0x0000000008006cc4                TIM_ETR_SetConfig
 .text.TIM_CCxChannelCmd
                0x0000000008006d04       0x4a ./Drivers/STM32F4xx_HAL_Driver/Src/stm32f4xx_hal_tim.o
                0x0000000008006d04                TIM_CCxChannelCmd
 *fill*         0x0000000008006d4e        0x2 
 .text.HAL_TIMEx_MasterConfigSynchronization
                0x0000000008006d50       0xf8 ./Drivers/STM32F4xx_HAL_Driver/Src/stm32f4xx_hal_tim_ex.o
                0x0000000008006d50                HAL_TIMEx_MasterConfigSynchronization
 .text.HAL_TIMEx_CommutCallback
                0x0000000008006e48       0x14 ./Drivers/STM32F4xx_HAL_Driver/Src/stm32f4xx_hal_tim_ex.o
                0x0000000008006e48                HAL_TIMEx_CommutCallback
 .text.HAL_TIMEx_BreakCallback
                0x0000000008006e5c       0x14 ./Drivers/STM32F4xx_HAL_Driver/Src/stm32f4xx_hal_tim_ex.o
                0x0000000008006e5c                HAL_TIMEx_BreakCallback
 .text.memset   0x0000000008006e70       0x10 C:/ST/STM32CubeIDE_1.11.2/STM32CubeIDE/plugins/com.st.stm32cube.ide.mcu.externaltools.gnu-tools-for-stm32.11.3.rel1.win32_1.1.1.202309131626/tools/bin/../lib/gcc/arm-none-eabi/11.3.1/../../../../arm-none-eabi/lib/thumb/v7e-m+fp/hard\libc_nano.a(libc_a-memset.o)
                0x0000000008006e70                memset
 .text.__errno  0x0000000008006e80        0xc C:/ST/STM32CubeIDE_1.11.2/STM32CubeIDE/plugins/com.st.stm32cube.ide.mcu.externaltools.gnu-tools-for-stm32.11.3.rel1.win32_1.1.1.202309131626/tools/bin/../lib/gcc/arm-none-eabi/11.3.1/../../../../arm-none-eabi/lib/thumb/v7e-m+fp/hard\libc_nano.a(libc_a-errno.o)
                0x0000000008006e80                __errno
 .text.__libc_init_array
                0x0000000008006e8c       0x48 C:/ST/STM32CubeIDE_1.11.2/STM32CubeIDE/plugins/com.st.stm32cube.ide.mcu.externaltools.gnu-tools-for-stm32.11.3.rel1.win32_1.1.1.202309131626/tools/bin/../lib/gcc/arm-none-eabi/11.3.1/../../../../arm-none-eabi/lib/thumb/v7e-m+fp/hard\libc_nano.a(libc_a-init.o)
                0x0000000008006e8c                __libc_init_array
 .text.sqrt     0x0000000008006ed4       0x58 C:/ST/STM32CubeIDE_1.11.2/STM32CubeIDE/plugins/com.st.stm32cube.ide.mcu.externaltools.gnu-tools-for-stm32.11.3.rel1.win32_1.1.1.202309131626/tools/bin/../lib/gcc/arm-none-eabi/11.3.1/../../../../arm-none-eabi/lib/thumb/v7e-m+fp/hard\libm.a(libm_a-w_sqrt.o)
                0x0000000008006ed4                sqrt
 .text.__ieee754_sqrt
                0x0000000008006f2c      0x1b4 C:/ST/STM32CubeIDE_1.11.2/STM32CubeIDE/plugins/com.st.stm32cube.ide.mcu.externaltools.gnu-tools-for-stm32.11.3.rel1.win32_1.1.1.202309131626/tools/bin/../lib/gcc/arm-none-eabi/11.3.1/../../../../arm-none-eabi/lib/thumb/v7e-m+fp/hard\libm.a(libm_a-e_sqrt.o)
                0x0000000008006f2c                __ieee754_sqrt
 *(.glue_7)
 .glue_7        0x00000000080070e0        0x0 linker stubs
 *(.glue_7t)
 .glue_7t       0x00000000080070e0        0x0 linker stubs
 *(.eh_frame)
 .eh_frame      0x00000000080070e0        0x0 C:/ST/STM32CubeIDE_1.11.2/STM32CubeIDE/plugins/com.st.stm32cube.ide.mcu.externaltools.gnu-tools-for-stm32.11.3.rel1.win32_1.1.1.202309131626/tools/bin/../lib/gcc/arm-none-eabi/11.3.1/thumb/v7e-m+fp/hard/crtbegin.o
 *(.init)
 .init          0x00000000080070e0        0x4 C:/ST/STM32CubeIDE_1.11.2/STM32CubeIDE/plugins/com.st.stm32cube.ide.mcu.externaltools.gnu-tools-for-stm32.11.3.rel1.win32_1.1.1.202309131626/tools/bin/../lib/gcc/arm-none-eabi/11.3.1/thumb/v7e-m+fp/hard/crti.o
                0x00000000080070e0                _init
 .init          0x00000000080070e4        0x8 C:/ST/STM32CubeIDE_1.11.2/STM32CubeIDE/plugins/com.st.stm32cube.ide.mcu.externaltools.gnu-tools-for-stm32.11.3.rel1.win32_1.1.1.202309131626/tools/bin/../lib/gcc/arm-none-eabi/11.3.1/thumb/v7e-m+fp/hard/crtn.o
 *(.fini)
 .fini          0x00000000080070ec        0x4 C:/ST/STM32CubeIDE_1.11.2/STM32CubeIDE/plugins/com.st.stm32cube.ide.mcu.externaltools.gnu-tools-for-stm32.11.3.rel1.win32_1.1.1.202309131626/tools/bin/../lib/gcc/arm-none-eabi/11.3.1/thumb/v7e-m+fp/hard/crti.o
                0x00000000080070ec                _fini
 .fini          0x00000000080070f0        0x8 C:/ST/STM32CubeIDE_1.11.2/STM32CubeIDE/plugins/com.st.stm32cube.ide.mcu.externaltools.gnu-tools-for-stm32.11.3.rel1.win32_1.1.1.202309131626/tools/bin/../lib/gcc/arm-none-eabi/11.3.1/thumb/v7e-m+fp/hard/crtn.o
                0x00000000080070f8                . = ALIGN (0x4)
                0x00000000080070f8                _etext = .

.vfp11_veneer   0x00000000080070f8        0x0
 .vfp11_veneer  0x00000000080070f8        0x0 linker stubs

.v4_bx          0x00000000080070f8        0x0
 .v4_bx         0x00000000080070f8        0x0 linker stubs

.iplt           0x00000000080070f8        0x0
 .iplt          0x00000000080070f8        0x0 C:/ST/STM32CubeIDE_1.11.2/STM32CubeIDE/plugins/com.st.stm32cube.ide.mcu.externaltools.gnu-tools-for-stm32.11.3.rel1.win32_1.1.1.202309131626/tools/bin/../lib/gcc/arm-none-eabi/11.3.1/thumb/v7e-m+fp/hard/crtbegin.o

.rodata         0x00000000080070f8       0x10
                0x00000000080070f8                . = ALIGN (0x4)
 *(.rodata)
 *(.rodata*)
 .rodata.AHBPrescTable
                0x00000000080070f8       0x10 ./Core/Src/system_stm32f4xx.o
                0x00000000080070f8                AHBPrescTable
                0x0000000008007108                . = ALIGN (0x4)

.ARM.extab      0x0000000008007108        0x0
                0x0000000008007108                . = ALIGN (0x4)
 *(.ARM.extab* .gnu.linkonce.armextab.*)
                0x0000000008007108                . = ALIGN (0x4)

.ARM            0x0000000008007108        0x8
                0x0000000008007108                . = ALIGN (0x4)
                0x0000000008007108                __exidx_start = .
 *(.ARM.exidx*)
 .ARM.exidx     0x0000000008007108        0x8 C:/ST/STM32CubeIDE_1.11.2/STM32CubeIDE/plugins/com.st.stm32cube.ide.mcu.externaltools.gnu-tools-for-stm32.11.3.rel1.win32_1.1.1.202309131626/tools/bin/../lib/gcc/arm-none-eabi/11.3.1/thumb/v7e-m+fp/hard\libgcc.a(_udivmoddi4.o)
                0x0000000008007110                __exidx_end = .
                0x0000000008007110                . = ALIGN (0x4)

.rel.dyn        0x0000000008007110        0x0
 .rel.iplt      0x0000000008007110        0x0 C:/ST/STM32CubeIDE_1.11.2/STM32CubeIDE/plugins/com.st.stm32cube.ide.mcu.externaltools.gnu-tools-for-stm32.11.3.rel1.win32_1.1.1.202309131626/tools/bin/../lib/gcc/arm-none-eabi/11.3.1/thumb/v7e-m+fp/hard/crtbegin.o

.preinit_array  0x0000000008007110        0x0
                0x0000000008007110                . = ALIGN (0x4)
                0x0000000008007110                PROVIDE (__preinit_array_start = .)
 *(.preinit_array*)
                0x0000000008007110                PROVIDE (__preinit_array_end = .)
                0x0000000008007110                . = ALIGN (0x4)

.init_array     0x0000000008007110        0x4
                0x0000000008007110                . = ALIGN (0x4)
                0x0000000008007110                PROVIDE (__init_array_start = .)
 *(SORT_BY_NAME(.init_array.*))
 *(.init_array*)
 .init_array    0x0000000008007110        0x4 C:/ST/STM32CubeIDE_1.11.2/STM32CubeIDE/plugins/com.st.stm32cube.ide.mcu.externaltools.gnu-tools-for-stm32.11.3.rel1.win32_1.1.1.202309131626/tools/bin/../lib/gcc/arm-none-eabi/11.3.1/thumb/v7e-m+fp/hard/crtbegin.o
                0x0000000008007114                PROVIDE (__init_array_end = .)
                0x0000000008007114                . = ALIGN (0x4)

.fini_array     0x0000000008007114        0x4
                0x0000000008007114                . = ALIGN (0x4)
                [!provide]                        PROVIDE (__fini_array_start = .)
 *(SORT_BY_NAME(.fini_array.*))
 *(.fini_array*)
 .fini_array    0x0000000008007114        0x4 C:/ST/STM32CubeIDE_1.11.2/STM32CubeIDE/plugins/com.st.stm32cube.ide.mcu.externaltools.gnu-tools-for-stm32.11.3.rel1.win32_1.1.1.202309131626/tools/bin/../lib/gcc/arm-none-eabi/11.3.1/thumb/v7e-m+fp/hard/crtbegin.o
                [!provide]                        PROVIDE (__fini_array_end = .)
                0x0000000008007118                . = ALIGN (0x4)
                0x0000000008007118                _sidata = LOADADDR (.data)

.data           0x0000000020000000       0x78 load address 0x0000000008007118
                0x0000000020000000                . = ALIGN (0x4)
                0x0000000020000000                _sdata = .
 *(.data)
 *(.data*)
 .data.fifo_read_ctr
                0x0000000020000000        0x4 ./Core/Src/main.o
                0x0000000020000000                fifo_read_ctr
 .data.timer_speed
                0x0000000020000004        0x2 ./Core/Src/main.o
                0x0000000020000004                timer_speed
 *fill*         0x0000000020000006        0x2 
 .data.increment
                0x0000000020000008        0x4 ./Core/Src/main.o
                0x0000000020000008                increment
 .data.SystemCoreClock
                0x000000002000000c        0x4 ./Core/Src/system_stm32f4xx.o
                0x000000002000000c                SystemCoreClock
 .data.uwTickPrio
                0x0000000020000010        0x4 ./Drivers/STM32F4xx_HAL_Driver/Src/stm32f4xx_hal.o
                0x0000000020000010                uwTickPrio
 .data.uwTickFreq
                0x0000000020000014        0x1 ./Drivers/STM32F4xx_HAL_Driver/Src/stm32f4xx_hal.o
                0x0000000020000014                uwTickFreq
 *fill*         0x0000000020000015        0x3 
 .data._impure_data
                0x0000000020000018       0x4c C:/ST/STM32CubeIDE_1.11.2/STM32CubeIDE/plugins/com.st.stm32cube.ide.mcu.externaltools.gnu-tools-for-stm32.11.3.rel1.win32_1.1.1.202309131626/tools/bin/../lib/gcc/arm-none-eabi/11.3.1/../../../../arm-none-eabi/lib/thumb/v7e-m+fp/hard\libc_nano.a(libc_a-impure.o)
                0x0000000020000018                _impure_data
 .data._impure_ptr
                0x0000000020000064        0x4 C:/ST/STM32CubeIDE_1.11.2/STM32CubeIDE/plugins/com.st.stm32cube.ide.mcu.externaltools.gnu-tools-for-stm32.11.3.rel1.win32_1.1.1.202309131626/tools/bin/../lib/gcc/arm-none-eabi/11.3.1/../../../../arm-none-eabi/lib/thumb/v7e-m+fp/hard\libc_nano.a(libc_a-impure.o)
                0x0000000020000064                _impure_ptr
 .data.one      0x0000000020000068        0x8 C:/ST/STM32CubeIDE_1.11.2/STM32CubeIDE/plugins/com.st.stm32cube.ide.mcu.externaltools.gnu-tools-for-stm32.11.3.rel1.win32_1.1.1.202309131626/tools/bin/../lib/gcc/arm-none-eabi/11.3.1/../../../../arm-none-eabi/lib/thumb/v7e-m+fp/hard\libm.a(libm_a-e_sqrt.o)
 .data.tiny     0x0000000020000070        0x8 C:/ST/STM32CubeIDE_1.11.2/STM32CubeIDE/plugins/com.st.stm32cube.ide.mcu.externaltools.gnu-tools-for-stm32.11.3.rel1.win32_1.1.1.202309131626/tools/bin/../lib/gcc/arm-none-eabi/11.3.1/../../../../arm-none-eabi/lib/thumb/v7e-m+fp/hard\libm.a(libm_a-e_sqrt.o)
 *(.RamFunc)
 *(.RamFunc*)
                0x0000000020000078                . = ALIGN (0x4)
                0x0000000020000078                _edata = .
                0x0000000008007190                _siccmram = LOADADDR (.ccmram)

.igot.plt       0x0000000020000078        0x0 load address 0x0000000008007190
 .igot.plt      0x0000000020000078        0x0 C:/ST/STM32CubeIDE_1.11.2/STM32CubeIDE/plugins/com.st.stm32cube.ide.mcu.externaltools.gnu-tools-for-stm32.11.3.rel1.win32_1.1.1.202309131626/tools/bin/../lib/gcc/arm-none-eabi/11.3.1/thumb/v7e-m+fp/hard/crtbegin.o

.ccmram         0x0000000010000000        0x0 load address 0x0000000008007190
                0x0000000010000000                . = ALIGN (0x4)
                0x0000000010000000                _sccmram = .
 *(.ccmram)
 *(.ccmram*)
                0x0000000010000000                . = ALIGN (0x4)
                0x0000000010000000                _eccmram = .
                0x0000000010000000                . = ALIGN (0x4)

.bss            0x0000000020000078    0x17b68
                0x0000000020000078                _sbss = .
                0x0000000020000078                __bss_start__ = _sbss
 *(.bss)
 .bss           0x0000000020000078       0x1c C:/ST/STM32CubeIDE_1.11.2/STM32CubeIDE/plugins/com.st.stm32cube.ide.mcu.externaltools.gnu-tools-for-stm32.11.3.rel1.win32_1.1.1.202309131626/tools/bin/../lib/gcc/arm-none-eabi/11.3.1/thumb/v7e-m+fp/hard/crtbegin.o
 *(.bss*)
 .bss.hcan1     0x0000000020000094       0x28 ./Core/Src/main.o
                0x0000000020000094                hcan1
 .bss.htim2     0x00000000200000bc       0x48 ./Core/Src/main.o
                0x00000000200000bc                htim2
 .bss.htim3     0x0000000020000104       0x48 ./Core/Src/main.o
                0x0000000020000104                htim3
 .bss.htim4     0x000000002000014c       0x48 ./Core/Src/main.o
                0x000000002000014c                htim4
 .bss.htim9     0x0000000020000194       0x48 ./Core/Src/main.o
                0x0000000020000194                htim9
 .bss.htim10    0x00000000200001dc       0x48 ./Core/Src/main.o
                0x00000000200001dc                htim10
 .bss.htim11    0x0000000020000224       0x48 ./Core/Src/main.o
                0x0000000020000224                htim11
 .bss.htim12    0x000000002000026c       0x48 ./Core/Src/main.o
                0x000000002000026c                htim12
 .bss.htim13    0x00000000200002b4       0x48 ./Core/Src/main.o
                0x00000000200002b4                htim13
 .bss.tx_header
                0x00000000200002fc       0x18 ./Core/Src/main.o
                0x00000000200002fc                tx_header
 .bss.fifo_buffer
                0x0000000020000314    0x17700 ./Core/Src/main.o
                0x0000000020000314                fifo_buffer
 .bss.fifo_write_ctr
                0x0000000020017a14        0x4 ./Core/Src/main.o
                0x0000000020017a14                fifo_write_ctr
 .bss.flags_global_mc
                0x0000000020017a18        0x4 ./Core/Src/main.o
                0x0000000020017a18                flags_global_mc
 .bss.commands  0x0000000020017a1c        0x4 ./Core/Src/main.o
                0x0000000020017a1c                commands
 .bss.motor_start_status
                0x0000000020017a20        0x4 ./Core/Src/main.o
                0x0000000020017a20                motor_start_status
 .bss.motor_x_direction
                0x0000000020017a24        0x4 ./Core/Src/main.o
                0x0000000020017a24                motor_x_direction
 .bss.motor_y_direction
                0x0000000020017a28        0x4 ./Core/Src/main.o
                0x0000000020017a28                motor_y_direction
 .bss.motor_z_direction
                0x0000000020017a2c        0x4 ./Core/Src/main.o
                0x0000000020017a2c                motor_z_direction
 .bss.motor_b_direction
                0x0000000020017a30        0x4 ./Core/Src/main.o
                0x0000000020017a30                motor_b_direction
 .bss.motor_c_direction
                0x0000000020017a34        0x4 ./Core/Src/main.o
                0x0000000020017a34                motor_c_direction
 .bss.x_target  0x0000000020017a38        0x4 ./Core/Src/main.o
                0x0000000020017a38                x_target
 .bss.y_target  0x0000000020017a3c        0x4 ./Core/Src/main.o
                0x0000000020017a3c                y_target
 .bss.z_target  0x0000000020017a40        0x4 ./Core/Src/main.o
                0x0000000020017a40                z_target
 .bss.b_target  0x0000000020017a44        0x4 ./Core/Src/main.o
                0x0000000020017a44                b_target
 .bss.c_target  0x0000000020017a48        0x4 ./Core/Src/main.o
                0x0000000020017a48                c_target
 .bss.y_target_left
                0x0000000020017a4c        0x4 ./Core/Src/main.o
                0x0000000020017a4c                y_target_left
 .bss.y_target_right
                0x0000000020017a50        0x4 ./Core/Src/main.o
                0x0000000020017a50                y_target_right
 .bss.x_standpoint
                0x0000000020017a54        0x4 ./Core/Src/main.o
                0x0000000020017a54                x_standpoint
 .bss.y_standpoint
                0x0000000020017a58        0x4 ./Core/Src/main.o
                0x0000000020017a58                y_standpoint
 .bss.z_standpoint
                0x0000000020017a5c        0x4 ./Core/Src/main.o
                0x0000000020017a5c                z_standpoint
 .bss.b_standpoint
                0x0000000020017a60        0x4 ./Core/Src/main.o
                0x0000000020017a60                b_standpoint
 .bss.c_standpoint
                0x0000000020017a64        0x4 ./Core/Src/main.o
                0x0000000020017a64                c_standpoint
 .bss.y_standpoint_left
                0x0000000020017a68        0x4 ./Core/Src/main.o
                0x0000000020017a68                y_standpoint_left
 .bss.y_standpoint_right
                0x0000000020017a6c        0x4 ./Core/Src/main.o
                0x0000000020017a6c                y_standpoint_right
 .bss.gcode_line_number
                0x0000000020017a70        0x4 ./Core/Src/main.o
                0x0000000020017a70                gcode_line_number
 .bss.x_standpoint_previous
                0x0000000020017a74        0x4 ./Core/Src/main.o
                0x0000000020017a74                x_standpoint_previous
 .bss.y_standpoint_previous
                0x0000000020017a78        0x4 ./Core/Src/main.o
                0x0000000020017a78                y_standpoint_previous
 .bss.z_standpoint_previous
                0x0000000020017a7c        0x4 ./Core/Src/main.o
                0x0000000020017a7c                z_standpoint_previous
 .bss.b_standpoint_previous
                0x0000000020017a80        0x4 ./Core/Src/main.o
                0x0000000020017a80                b_standpoint_previous
 .bss.c_standpoint_previous
                0x0000000020017a84        0x4 ./Core/Src/main.o
                0x0000000020017a84                c_standpoint_previous
 .bss.motor_start
                0x0000000020017a88        0x4 ./Core/Src/stm32f4xx_it.o
 .bss.debug_ctr
                0x0000000020017a8c        0x4 ./Core/Src/stm32f4xx_it.o
 .bss.delay_ctr.4
                0x0000000020017a90        0x4 ./Core/Src/stm32f4xx_it.o
 .bss.delay_ctr.3
                0x0000000020017a94        0x4 ./Core/Src/stm32f4xx_it.o
 .bss.delay_ctr.2
                0x0000000020017a98        0x4 ./Core/Src/stm32f4xx_it.o
 .bss.delay_ctr.1
                0x0000000020017a9c        0x4 ./Core/Src/stm32f4xx_it.o
 .bss.delay_ctr.0
                0x0000000020017aa0        0x4 ./Core/Src/stm32f4xx_it.o
 .bss.uwTick    0x0000000020017aa4        0x4 ./Drivers/STM32F4xx_HAL_Driver/Src/stm32f4xx_hal.o
                0x0000000020017aa4                uwTick
 .bss.__sf      0x0000000020017aa8      0x138 C:/ST/STM32CubeIDE_1.11.2/STM32CubeIDE/plugins/com.st.stm32cube.ide.mcu.externaltools.gnu-tools-for-stm32.11.3.rel1.win32_1.1.1.202309131626/tools/bin/../lib/gcc/arm-none-eabi/11.3.1/../../../../arm-none-eabi/lib/thumb/v7e-m+fp/hard\libc_nano.a(libc_a-findfp.o)
                0x0000000020017aa8                __sf
 *(COMMON)
                0x0000000020017be0                . = ALIGN (0x4)
                0x0000000020017be0                _ebss = .
                0x0000000020017be0                __bss_end__ = _ebss

._user_heap_stack
                0x0000000020017be0      0x600
                0x0000000020017be0                . = ALIGN (0x8)
                [!provide]                        PROVIDE (end = .)
                0x0000000020017be0                PROVIDE (_end = .)
                0x0000000020017de0                . = (. + _Min_Heap_Size)
 *fill*         0x0000000020017be0      0x200 
                0x00000000200181e0                . = (. + _Min_Stack_Size)
 *fill*         0x0000000020017de0      0x400 
                0x00000000200181e0                . = ALIGN (0x8)

/DISCARD/
 libc.a(*)
 libm.a(*)
 libgcc.a(*)

.ARM.attributes
                0x0000000000000000       0x30
 *(.ARM.attributes)
 .ARM.attributes
                0x0000000000000000       0x1e C:/ST/STM32CubeIDE_1.11.2/STM32CubeIDE/plugins/com.st.stm32cube.ide.mcu.externaltools.gnu-tools-for-stm32.11.3.rel1.win32_1.1.1.202309131626/tools/bin/../lib/gcc/arm-none-eabi/11.3.1/thumb/v7e-m+fp/hard/crti.o
 .ARM.attributes
                0x000000000000001e       0x34 C:/ST/STM32CubeIDE_1.11.2/STM32CubeIDE/plugins/com.st.stm32cube.ide.mcu.externaltools.gnu-tools-for-stm32.11.3.rel1.win32_1.1.1.202309131626/tools/bin/../lib/gcc/arm-none-eabi/11.3.1/thumb/v7e-m+fp/hard/crtbegin.o
 .ARM.attributes
                0x0000000000000052       0x34 ./Core/Src/main.o
 .ARM.attributes
                0x0000000000000086       0x34 ./Core/Src/stm32f4xx_hal_msp.o
 .ARM.attributes
                0x00000000000000ba       0x34 ./Core/Src/stm32f4xx_it.o
 .ARM.attributes
                0x00000000000000ee       0x34 ./Core/Src/system_stm32f4xx.o
 .ARM.attributes
                0x0000000000000122       0x21 ./Core/Startup/startup_stm32f407vgtx.o
 .ARM.attributes
                0x0000000000000143       0x34 ./Drivers/STM32F4xx_HAL_Driver/Src/stm32f4xx_hal.o
 .ARM.attributes
                0x0000000000000177       0x34 ./Drivers/STM32F4xx_HAL_Driver/Src/stm32f4xx_hal_can.o
 .ARM.attributes
                0x00000000000001ab       0x34 ./Drivers/STM32F4xx_HAL_Driver/Src/stm32f4xx_hal_cortex.o
 .ARM.attributes
                0x00000000000001df       0x34 ./Drivers/STM32F4xx_HAL_Driver/Src/stm32f4xx_hal_gpio.o
 .ARM.attributes
                0x0000000000000213       0x34 ./Drivers/STM32F4xx_HAL_Driver/Src/stm32f4xx_hal_rcc.o
 .ARM.attributes
                0x0000000000000247       0x34 ./Drivers/STM32F4xx_HAL_Driver/Src/stm32f4xx_hal_tim.o
 .ARM.attributes
                0x000000000000027b       0x34 ./Drivers/STM32F4xx_HAL_Driver/Src/stm32f4xx_hal_tim_ex.o
 .ARM.attributes
                0x00000000000002af       0x34 C:/ST/STM32CubeIDE_1.11.2/STM32CubeIDE/plugins/com.st.stm32cube.ide.mcu.externaltools.gnu-tools-for-stm32.11.3.rel1.win32_1.1.1.202309131626/tools/bin/../lib/gcc/arm-none-eabi/11.3.1/../../../../arm-none-eabi/lib/thumb/v7e-m+fp/hard\libc_nano.a(libc_a-findfp.o)
 .ARM.attributes
                0x00000000000002e3       0x34 C:/ST/STM32CubeIDE_1.11.2/STM32CubeIDE/plugins/com.st.stm32cube.ide.mcu.externaltools.gnu-tools-for-stm32.11.3.rel1.win32_1.1.1.202309131626/tools/bin/../lib/gcc/arm-none-eabi/11.3.1/../../../../arm-none-eabi/lib/thumb/v7e-m+fp/hard\libc_nano.a(libc_a-memset.o)
 .ARM.attributes
                0x0000000000000317       0x34 C:/ST/STM32CubeIDE_1.11.2/STM32CubeIDE/plugins/com.st.stm32cube.ide.mcu.externaltools.gnu-tools-for-stm32.11.3.rel1.win32_1.1.1.202309131626/tools/bin/../lib/gcc/arm-none-eabi/11.3.1/../../../../arm-none-eabi/lib/thumb/v7e-m+fp/hard\libc_nano.a(libc_a-impure.o)
 .ARM.attributes
                0x000000000000034b       0x34 C:/ST/STM32CubeIDE_1.11.2/STM32CubeIDE/plugins/com.st.stm32cube.ide.mcu.externaltools.gnu-tools-for-stm32.11.3.rel1.win32_1.1.1.202309131626/tools/bin/../lib/gcc/arm-none-eabi/11.3.1/../../../../arm-none-eabi/lib/thumb/v7e-m+fp/hard\libc_nano.a(libc_a-errno.o)
 .ARM.attributes
                0x000000000000037f       0x34 C:/ST/STM32CubeIDE_1.11.2/STM32CubeIDE/plugins/com.st.stm32cube.ide.mcu.externaltools.gnu-tools-for-stm32.11.3.rel1.win32_1.1.1.202309131626/tools/bin/../lib/gcc/arm-none-eabi/11.3.1/../../../../arm-none-eabi/lib/thumb/v7e-m+fp/hard\libc_nano.a(libc_a-init.o)
 .ARM.attributes
                0x00000000000003b3       0x34 C:/ST/STM32CubeIDE_1.11.2/STM32CubeIDE/plugins/com.st.stm32cube.ide.mcu.externaltools.gnu-tools-for-stm32.11.3.rel1.win32_1.1.1.202309131626/tools/bin/../lib/gcc/arm-none-eabi/11.3.1/../../../../arm-none-eabi/lib/thumb/v7e-m+fp/hard\libm.a(libm_a-w_sqrt.o)
 .ARM.attributes
                0x00000000000003e7       0x34 C:/ST/STM32CubeIDE_1.11.2/STM32CubeIDE/plugins/com.st.stm32cube.ide.mcu.externaltools.gnu-tools-for-stm32.11.3.rel1.win32_1.1.1.202309131626/tools/bin/../lib/gcc/arm-none-eabi/11.3.1/../../../../arm-none-eabi/lib/thumb/v7e-m+fp/hard\libm.a(libm_a-e_sqrt.o)
 .ARM.attributes
                0x000000000000041b       0x1e C:/ST/STM32CubeIDE_1.11.2/STM32CubeIDE/plugins/com.st.stm32cube.ide.mcu.externaltools.gnu-tools-for-stm32.11.3.rel1.win32_1.1.1.202309131626/tools/bin/../lib/gcc/arm-none-eabi/11.3.1/thumb/v7e-m+fp/hard\libgcc.a(_arm_addsubdf3.o)
 .ARM.attributes
                0x0000000000000439       0x1e C:/ST/STM32CubeIDE_1.11.2/STM32CubeIDE/plugins/com.st.stm32cube.ide.mcu.externaltools.gnu-tools-for-stm32.11.3.rel1.win32_1.1.1.202309131626/tools/bin/../lib/gcc/arm-none-eabi/11.3.1/thumb/v7e-m+fp/hard\libgcc.a(_arm_muldivdf3.o)
 .ARM.attributes
                0x0000000000000457       0x1e C:/ST/STM32CubeIDE_1.11.2/STM32CubeIDE/plugins/com.st.stm32cube.ide.mcu.externaltools.gnu-tools-for-stm32.11.3.rel1.win32_1.1.1.202309131626/tools/bin/../lib/gcc/arm-none-eabi/11.3.1/thumb/v7e-m+fp/hard\libgcc.a(_arm_cmpdf2.o)
 .ARM.attributes
                0x0000000000000475       0x1e C:/ST/STM32CubeIDE_1.11.2/STM32CubeIDE/plugins/com.st.stm32cube.ide.mcu.externaltools.gnu-tools-for-stm32.11.3.rel1.win32_1.1.1.202309131626/tools/bin/../lib/gcc/arm-none-eabi/11.3.1/thumb/v7e-m+fp/hard\libgcc.a(_arm_unorddf2.o)
 .ARM.attributes
                0x0000000000000493       0x1e C:/ST/STM32CubeIDE_1.11.2/STM32CubeIDE/plugins/com.st.stm32cube.ide.mcu.externaltools.gnu-tools-for-stm32.11.3.rel1.win32_1.1.1.202309131626/tools/bin/../lib/gcc/arm-none-eabi/11.3.1/thumb/v7e-m+fp/hard\libgcc.a(_arm_truncdfsf2.o)
 .ARM.attributes
                0x00000000000004b1       0x1e C:/ST/STM32CubeIDE_1.11.2/STM32CubeIDE/plugins/com.st.stm32cube.ide.mcu.externaltools.gnu-tools-for-stm32.11.3.rel1.win32_1.1.1.202309131626/tools/bin/../lib/gcc/arm-none-eabi/11.3.1/thumb/v7e-m+fp/hard\libgcc.a(_aeabi_uldivmod.o)
 .ARM.attributes
                0x00000000000004cf       0x34 C:/ST/STM32CubeIDE_1.11.2/STM32CubeIDE/plugins/com.st.stm32cube.ide.mcu.externaltools.gnu-tools-for-stm32.11.3.rel1.win32_1.1.1.202309131626/tools/bin/../lib/gcc/arm-none-eabi/11.3.1/thumb/v7e-m+fp/hard\libgcc.a(_udivmoddi4.o)
 .ARM.attributes
                0x0000000000000503       0x1e C:/ST/STM32CubeIDE_1.11.2/STM32CubeIDE/plugins/com.st.stm32cube.ide.mcu.externaltools.gnu-tools-for-stm32.11.3.rel1.win32_1.1.1.202309131626/tools/bin/../lib/gcc/arm-none-eabi/11.3.1/thumb/v7e-m+fp/hard\libgcc.a(_dvmd_tls.o)
 .ARM.attributes
                0x0000000000000521       0x1e C:/ST/STM32CubeIDE_1.11.2/STM32CubeIDE/plugins/com.st.stm32cube.ide.mcu.externaltools.gnu-tools-for-stm32.11.3.rel1.win32_1.1.1.202309131626/tools/bin/../lib/gcc/arm-none-eabi/11.3.1/thumb/v7e-m+fp/hard/crtn.o
OUTPUT(CAN.elf elf32-littlearm)
LOAD linker stubs
LOAD C:/ST/STM32CubeIDE_1.11.2/STM32CubeIDE/plugins/com.st.stm32cube.ide.mcu.externaltools.gnu-tools-for-stm32.11.3.rel1.win32_1.1.1.202309131626/tools/bin/../lib/gcc/arm-none-eabi/11.3.1/../../../../arm-none-eabi/lib/thumb/v7e-m+fp/hard\libc.a
LOAD C:/ST/STM32CubeIDE_1.11.2/STM32CubeIDE/plugins/com.st.stm32cube.ide.mcu.externaltools.gnu-tools-for-stm32.11.3.rel1.win32_1.1.1.202309131626/tools/bin/../lib/gcc/arm-none-eabi/11.3.1/../../../../arm-none-eabi/lib/thumb/v7e-m+fp/hard\libm.a
LOAD C:/ST/STM32CubeIDE_1.11.2/STM32CubeIDE/plugins/com.st.stm32cube.ide.mcu.externaltools.gnu-tools-for-stm32.11.3.rel1.win32_1.1.1.202309131626/tools/bin/../lib/gcc/arm-none-eabi/11.3.1/thumb/v7e-m+fp/hard\libgcc.a

.comment        0x0000000000000000       0x43
 .comment       0x0000000000000000       0x43 C:/ST/STM32CubeIDE_1.11.2/STM32CubeIDE/plugins/com.st.stm32cube.ide.mcu.externaltools.gnu-tools-for-stm32.11.3.rel1.win32_1.1.1.202309131626/tools/bin/../lib/gcc/arm-none-eabi/11.3.1/thumb/v7e-m+fp/hard/crtbegin.o
                                         0x44 (size before relaxing)
 .comment       0x0000000000000043       0x44 ./Core/Src/main.o
 .comment       0x0000000000000043       0x44 ./Core/Src/stm32f4xx_hal_msp.o
 .comment       0x0000000000000043       0x44 ./Core/Src/stm32f4xx_it.o
 .comment       0x0000000000000043       0x44 ./Core/Src/system_stm32f4xx.o
 .comment       0x0000000000000043       0x44 ./Drivers/STM32F4xx_HAL_Driver/Src/stm32f4xx_hal.o
 .comment       0x0000000000000043       0x44 ./Drivers/STM32F4xx_HAL_Driver/Src/stm32f4xx_hal_can.o
 .comment       0x0000000000000043       0x44 ./Drivers/STM32F4xx_HAL_Driver/Src/stm32f4xx_hal_cortex.o
 .comment       0x0000000000000043       0x44 ./Drivers/STM32F4xx_HAL_Driver/Src/stm32f4xx_hal_gpio.o
 .comment       0x0000000000000043       0x44 ./Drivers/STM32F4xx_HAL_Driver/Src/stm32f4xx_hal_rcc.o
 .comment       0x0000000000000043       0x44 ./Drivers/STM32F4xx_HAL_Driver/Src/stm32f4xx_hal_tim.o
 .comment       0x0000000000000043       0x44 ./Drivers/STM32F4xx_HAL_Driver/Src/stm32f4xx_hal_tim_ex.o

.debug_info     0x0000000000000000     0xc252
 .debug_info    0x0000000000000000     0x2104 ./Core/Src/main.o
 .debug_info    0x0000000000002104     0x12f1 ./Core/Src/stm32f4xx_hal_msp.o
 .debug_info    0x00000000000033f5     0x162d ./Core/Src/stm32f4xx_it.o
 .debug_info    0x0000000000004a22      0x512 ./Core/Src/system_stm32f4xx.o
 .debug_info    0x0000000000004f34       0x23 ./Core/Startup/startup_stm32f407vgtx.o
 .debug_info    0x0000000000004f57      0x948 ./Drivers/STM32F4xx_HAL_Driver/Src/stm32f4xx_hal.o
 .debug_info    0x000000000000589f      0xf03 ./Drivers/STM32F4xx_HAL_Driver/Src/stm32f4xx_hal_can.o
 .debug_info    0x00000000000067a2      0xd46 ./Drivers/STM32F4xx_HAL_Driver/Src/stm32f4xx_hal_cortex.o
 .debug_info    0x00000000000074e8      0x6c3 ./Drivers/STM32F4xx_HAL_Driver/Src/stm32f4xx_hal_gpio.o
 .debug_info    0x0000000000007bab      0x8b1 ./Drivers/STM32F4xx_HAL_Driver/Src/stm32f4xx_hal_rcc.o
 .debug_info    0x000000000000845c     0x2948 ./Drivers/STM32F4xx_HAL_Driver/Src/stm32f4xx_hal_tim.o
 .debug_info    0x000000000000ada4     0x14ae ./Drivers/STM32F4xx_HAL_Driver/Src/stm32f4xx_hal_tim_ex.o

.debug_abbrev   0x0000000000000000     0x1b87
 .debug_abbrev  0x0000000000000000      0x38c ./Core/Src/main.o
 .debug_abbrev  0x000000000000038c      0x24a ./Core/Src/stm32f4xx_hal_msp.o
 .debug_abbrev  0x00000000000005d6      0x39b ./Core/Src/stm32f4xx_it.o
 .debug_abbrev  0x0000000000000971      0x11a ./Core/Src/system_stm32f4xx.o
 .debug_abbrev  0x0000000000000a8b       0x12 ./Core/Startup/startup_stm32f407vgtx.o
 .debug_abbrev  0x0000000000000a9d      0x213 ./Drivers/STM32F4xx_HAL_Driver/Src/stm32f4xx_hal.o
 .debug_abbrev  0x0000000000000cb0      0x239 ./Drivers/STM32F4xx_HAL_Driver/Src/stm32f4xx_hal_can.o
 .debug_abbrev  0x0000000000000ee9      0x327 ./Drivers/STM32F4xx_HAL_Driver/Src/stm32f4xx_hal_cortex.o
 .debug_abbrev  0x0000000000001210      0x1d4 ./Drivers/STM32F4xx_HAL_Driver/Src/stm32f4xx_hal_gpio.o
 .debug_abbrev  0x00000000000013e4      0x2b6 ./Drivers/STM32F4xx_HAL_Driver/Src/stm32f4xx_hal_rcc.o
 .debug_abbrev  0x000000000000169a      0x271 ./Drivers/STM32F4xx_HAL_Driver/Src/stm32f4xx_hal_tim.o
 .debug_abbrev  0x000000000000190b      0x27c ./Drivers/STM32F4xx_HAL_Driver/Src/stm32f4xx_hal_tim_ex.o

.debug_aranges  0x0000000000000000      0xcd0
 .debug_aranges
                0x0000000000000000       0xe0 ./Core/Src/main.o
 .debug_aranges
                0x00000000000000e0       0x68 ./Core/Src/stm32f4xx_hal_msp.o
 .debug_aranges
                0x0000000000000148      0x1e0 ./Core/Src/stm32f4xx_it.o
 .debug_aranges
                0x0000000000000328       0x28 ./Core/Src/system_stm32f4xx.o
 .debug_aranges
                0x0000000000000350       0x28 ./Core/Startup/startup_stm32f407vgtx.o
 .debug_aranges
                0x0000000000000378       0xf0 ./Drivers/STM32F4xx_HAL_Driver/Src/stm32f4xx_hal.o
 .debug_aranges
                0x0000000000000468      0x138 ./Drivers/STM32F4xx_HAL_Driver/Src/stm32f4xx_hal_can.o
 .debug_aranges
                0x00000000000005a0      0x118 ./Drivers/STM32F4xx_HAL_Driver/Src/stm32f4xx_hal_cortex.o
 .debug_aranges
                0x00000000000006b8       0x58 ./Drivers/STM32F4xx_HAL_Driver/Src/stm32f4xx_hal_gpio.o
 .debug_aranges
                0x0000000000000710       0x88 ./Drivers/STM32F4xx_HAL_Driver/Src/stm32f4xx_hal_rcc.o
 .debug_aranges
                0x0000000000000798      0x3d0 ./Drivers/STM32F4xx_HAL_Driver/Src/stm32f4xx_hal_tim.o
 .debug_aranges
                0x0000000000000b68      0x168 ./Drivers/STM32F4xx_HAL_Driver/Src/stm32f4xx_hal_tim_ex.o

.debug_rnglists
                0x0000000000000000      0x9f8
 .debug_rnglists
                0x0000000000000000       0xb5 ./Core/Src/main.o
 .debug_rnglists
                0x00000000000000b5       0x4f ./Core/Src/stm32f4xx_hal_msp.o
 .debug_rnglists
                0x0000000000000104      0x172 ./Core/Src/stm32f4xx_it.o
 .debug_rnglists
                0x0000000000000276       0x1a ./Core/Src/system_stm32f4xx.o
 .debug_rnglists
                0x0000000000000290       0x19 ./Core/Startup/startup_stm32f407vgtx.o
 .debug_rnglists
                0x00000000000002a9       0xaf ./Drivers/STM32F4xx_HAL_Driver/Src/stm32f4xx_hal.o
 .debug_rnglists
                0x0000000000000358       0xee ./Drivers/STM32F4xx_HAL_Driver/Src/stm32f4xx_hal_can.o
 .debug_rnglists
                0x0000000000000446       0xce ./Drivers/STM32F4xx_HAL_Driver/Src/stm32f4xx_hal_cortex.o
 .debug_rnglists
                0x0000000000000514       0x3f ./Drivers/STM32F4xx_HAL_Driver/Src/stm32f4xx_hal_gpio.o
 .debug_rnglists
                0x0000000000000553       0x66 ./Drivers/STM32F4xx_HAL_Driver/Src/stm32f4xx_hal_rcc.o
 .debug_rnglists
                0x00000000000005b9      0x31a ./Drivers/STM32F4xx_HAL_Driver/Src/stm32f4xx_hal_tim.o
 .debug_rnglists
                0x00000000000008d3      0x125 ./Drivers/STM32F4xx_HAL_Driver/Src/stm32f4xx_hal_tim_ex.o

.debug_macro    0x0000000000000000    0x21118
 .debug_macro   0x0000000000000000      0x215 ./Core/Src/main.o
 .debug_macro   0x0000000000000215      0xaa8 ./Core/Src/main.o
 .debug_macro   0x0000000000000cbd      0x29b ./Core/Src/main.o
 .debug_macro   0x0000000000000f58       0x2e ./Core/Src/main.o
 .debug_macro   0x0000000000000f86       0x2f ./Core/Src/main.o
 .debug_macro   0x0000000000000fb5       0x22 ./Core/Src/main.o
 .debug_macro   0x0000000000000fd7       0x8e ./Core/Src/main.o
 .debug_macro   0x0000000000001065       0x51 ./Core/Src/main.o
 .debug_macro   0x00000000000010b6      0x103 ./Core/Src/main.o
 .debug_macro   0x00000000000011b9       0x6a ./Core/Src/main.o
 .debug_macro   0x0000000000001223      0x1df ./Core/Src/main.o
 .debug_macro   0x0000000000001402       0x1c ./Core/Src/main.o
 .debug_macro   0x000000000000141e       0x22 ./Core/Src/main.o
 .debug_macro   0x0000000000001440       0xd9 ./Core/Src/main.o
 .debug_macro   0x0000000000001519     0x102d ./Core/Src/main.o
 .debug_macro   0x0000000000002546      0x11f ./Core/Src/main.o
 .debug_macro   0x0000000000002665    0x15e82 ./Core/Src/main.o
 .debug_macro   0x00000000000184e7       0x6d ./Core/Src/main.o
 .debug_macro   0x0000000000018554     0x367e ./Core/Src/main.o
 .debug_macro   0x000000000001bbd2      0x174 ./Core/Src/main.o
 .debug_macro   0x000000000001bd46       0x5c ./Core/Src/main.o
 .debug_macro   0x000000000001bda2      0x96b ./Core/Src/main.o
 .debug_macro   0x000000000001c70d      0x9fe ./Core/Src/main.o
 .debug_macro   0x000000000001d10b      0x115 ./Core/Src/main.o
 .debug_macro   0x000000000001d220      0x13e ./Core/Src/main.o
 .debug_macro   0x000000000001d35e       0xa5 ./Core/Src/main.o
 .debug_macro   0x000000000001d403      0x174 ./Core/Src/main.o
 .debug_macro   0x000000000001d577      0x287 ./Core/Src/main.o
 .debug_macro   0x000000000001d7fe       0x5f ./Core/Src/main.o
 .debug_macro   0x000000000001d85d      0x236 ./Core/Src/main.o
 .debug_macro   0x000000000001da93      0x40f ./Core/Src/main.o
 .debug_macro   0x000000000001dea2      0x12c ./Core/Src/main.o
 .debug_macro   0x000000000001dfce      0x21e ./Core/Src/main.o
 .debug_macro   0x000000000001e1ec       0x2e ./Core/Src/main.o
 .debug_macro   0x000000000001e21a      0x11a ./Core/Src/main.o
 .debug_macro   0x000000000001e334       0x7e ./Core/Src/main.o
 .debug_macro   0x000000000001e3b2       0x89 ./Core/Src/main.o
 .debug_macro   0x000000000001e43b      0x8e6 ./Core/Src/main.o
 .debug_macro   0x000000000001ed21       0x47 ./Core/Src/main.o
 .debug_macro   0x000000000001ed68      0x12d ./Core/Src/main.o
 .debug_macro   0x000000000001ee95      0x4f3 ./Core/Src/main.o
 .debug_macro   0x000000000001f388       0xb8 ./Core/Src/main.o
 .debug_macro   0x000000000001f440      0x1f6 ./Core/Src/stm32f4xx_hal_msp.o
 .debug_macro   0x000000000001f636      0x2c3 ./Core/Src/stm32f4xx_it.o
 .debug_macro   0x000000000001f8f9       0x61 ./Core/Src/stm32f4xx_it.o
 .debug_macro   0x000000000001f95a       0x2a ./Core/Src/stm32f4xx_it.o
 .debug_macro   0x000000000001f984       0x43 ./Core/Src/stm32f4xx_it.o
 .debug_macro   0x000000000001f9c7       0x34 ./Core/Src/stm32f4xx_it.o
 .debug_macro   0x000000000001f9fb       0x16 ./Core/Src/stm32f4xx_it.o
 .debug_macro   0x000000000001fa11       0x43 ./Core/Src/stm32f4xx_it.o
 .debug_macro   0x000000000001fa54       0x34 ./Core/Src/stm32f4xx_it.o
 .debug_macro   0x000000000001fa88       0x10 ./Core/Src/stm32f4xx_it.o
 .debug_macro   0x000000000001fa98       0x58 ./Core/Src/stm32f4xx_it.o
 .debug_macro   0x000000000001faf0       0x8e ./Core/Src/stm32f4xx_it.o
 .debug_macro   0x000000000001fb7e       0x1c ./Core/Src/stm32f4xx_it.o
 .debug_macro   0x000000000001fb9a      0x177 ./Core/Src/stm32f4xx_it.o
 .debug_macro   0x000000000001fd11      0x369 ./Core/Src/stm32f4xx_it.o
 .debug_macro   0x000000000002007a      0x19b ./Core/Src/stm32f4xx_it.o
 .debug_macro   0x0000000000020215      0x1ce ./Core/Src/system_stm32f4xx.o
 .debug_macro   0x00000000000203e3      0x22e ./Drivers/STM32F4xx_HAL_Driver/Src/stm32f4xx_hal.o
 .debug_macro   0x0000000000020611      0x1d6 ./Drivers/STM32F4xx_HAL_Driver/Src/stm32f4xx_hal_can.o
 .debug_macro   0x00000000000207e7      0x1ce ./Drivers/STM32F4xx_HAL_Driver/Src/stm32f4xx_hal_cortex.o
 .debug_macro   0x00000000000209b5      0x1d4 ./Drivers/STM32F4xx_HAL_Driver/Src/stm32f4xx_hal_gpio.o
 .debug_macro   0x0000000000020b89      0x1f2 ./Drivers/STM32F4xx_HAL_Driver/Src/stm32f4xx_hal_rcc.o
 .debug_macro   0x0000000000020d7b      0x1cf ./Drivers/STM32F4xx_HAL_Driver/Src/stm32f4xx_hal_tim.o
 .debug_macro   0x0000000000020f4a      0x1ce ./Drivers/STM32F4xx_HAL_Driver/Src/stm32f4xx_hal_tim_ex.o

.debug_line     0x0000000000000000     0xcf51
 .debug_line    0x0000000000000000     0x1286 ./Core/Src/main.o
 .debug_line    0x0000000000001286      0xa15 ./Core/Src/stm32f4xx_hal_msp.o
 .debug_line    0x0000000000001c9b     0x1749 ./Core/Src/stm32f4xx_it.o
 .debug_line    0x00000000000033e4      0x7c7 ./Core/Src/system_stm32f4xx.o
 .debug_line    0x0000000000003bab       0x7a ./Core/Startup/startup_stm32f407vgtx.o
 .debug_line    0x0000000000003c25      0xa2d ./Drivers/STM32F4xx_HAL_Driver/Src/stm32f4xx_hal.o
 .debug_line    0x0000000000004652     0x1199 ./Drivers/STM32F4xx_HAL_Driver/Src/stm32f4xx_hal_can.o
 .debug_line    0x00000000000057eb      0xcdc ./Drivers/STM32F4xx_HAL_Driver/Src/stm32f4xx_hal_cortex.o
 .debug_line    0x00000000000064c7      0xba1 ./Drivers/STM32F4xx_HAL_Driver/Src/stm32f4xx_hal_gpio.o
 .debug_line    0x0000000000007068      0xda6 ./Drivers/STM32F4xx_HAL_Driver/Src/stm32f4xx_hal_rcc.o
 .debug_line    0x0000000000007e0e     0x3719 ./Drivers/STM32F4xx_HAL_Driver/Src/stm32f4xx_hal_tim.o
 .debug_line    0x000000000000b527     0x1a2a ./Drivers/STM32F4xx_HAL_Driver/Src/stm32f4xx_hal_tim_ex.o

.debug_str      0x0000000000000000    0xcdcf2
 .debug_str     0x0000000000000000    0xc75f0 ./Core/Src/main.o
                                      0xc79fa (size before relaxing)
 .debug_str     0x00000000000c75f0      0x641 ./Core/Src/stm32f4xx_hal_msp.o
                                      0xc6d74 (size before relaxing)
 .debug_str     0x00000000000c7c31     0x3e55 ./Core/Src/stm32f4xx_it.o
                                      0xcaf39 (size before relaxing)
 .debug_str     0x00000000000cba86       0x87 ./Core/Src/system_stm32f4xx.o
                                      0xc3d25 (size before relaxing)
 .debug_str     0x00000000000cbb0d       0x34 ./Core/Startup/startup_stm32f407vgtx.o
                                         0x69 (size before relaxing)
 .debug_str     0x00000000000cbb41      0x5f5 ./Drivers/STM32F4xx_HAL_Driver/Src/stm32f4xx_hal.o
                                      0xc48a9 (size before relaxing)
 .debug_str     0x00000000000cc136      0x444 ./Drivers/STM32F4xx_HAL_Driver/Src/stm32f4xx_hal_can.o
                                      0xc4411 (size before relaxing)
 .debug_str     0x00000000000cc57a      0x322 ./Drivers/STM32F4xx_HAL_Driver/Src/stm32f4xx_hal_cortex.o
                                      0xc45dc (size before relaxing)
 .debug_str     0x00000000000cc89c      0x121 ./Drivers/STM32F4xx_HAL_Driver/Src/stm32f4xx_hal_gpio.o
                                      0xc3ea0 (size before relaxing)
 .debug_str     0x00000000000cc9bd      0x233 ./Drivers/STM32F4xx_HAL_Driver/Src/stm32f4xx_hal_rcc.o
                                      0xc4159 (size before relaxing)
 .debug_str     0x00000000000ccbf0      0xc6f ./Drivers/STM32F4xx_HAL_Driver/Src/stm32f4xx_hal_tim.o
                                      0xc509f (size before relaxing)
 .debug_str     0x00000000000cd85f      0x493 ./Drivers/STM32F4xx_HAL_Driver/Src/stm32f4xx_hal_tim_ex.o
                                      0xc48bb (size before relaxing)

.debug_frame    0x0000000000000000     0x3974
 .debug_frame   0x0000000000000000      0x36c ./Core/Src/main.o
 .debug_frame   0x000000000000036c      0x178 ./Core/Src/stm32f4xx_hal_msp.o
 .debug_frame   0x00000000000004e4      0x6c8 ./Core/Src/stm32f4xx_it.o
 .debug_frame   0x0000000000000bac       0x58 ./Core/Src/system_stm32f4xx.o
 .debug_frame   0x0000000000000c04      0x374 ./Drivers/STM32F4xx_HAL_Driver/Src/stm32f4xx_hal.o
 .debug_frame   0x0000000000000f78      0x5a0 ./Drivers/STM32F4xx_HAL_Driver/Src/stm32f4xx_hal_can.o
 .debug_frame   0x0000000000001518      0x498 ./Drivers/STM32F4xx_HAL_Driver/Src/stm32f4xx_hal_cortex.o
 .debug_frame   0x00000000000019b0      0x14c ./Drivers/STM32F4xx_HAL_Driver/Src/stm32f4xx_hal_gpio.o
 .debug_frame   0x0000000000001afc      0x1f4 ./Drivers/STM32F4xx_HAL_Driver/Src/stm32f4xx_hal_rcc.o
 .debug_frame   0x0000000000001cf0     0x11c4 ./Drivers/STM32F4xx_HAL_Driver/Src/stm32f4xx_hal_tim.o
 .debug_frame   0x0000000000002eb4      0x638 ./Drivers/STM32F4xx_HAL_Driver/Src/stm32f4xx_hal_tim_ex.o
 .debug_frame   0x00000000000034ec      0x144 C:/ST/STM32CubeIDE_1.11.2/STM32CubeIDE/plugins/com.st.stm32cube.ide.mcu.externaltools.gnu-tools-for-stm32.11.3.rel1.win32_1.1.1.202309131626/tools/bin/../lib/gcc/arm-none-eabi/11.3.1/../../../../arm-none-eabi/lib/thumb/v7e-m+fp/hard\libc_nano.a(libc_a-findfp.o)
 .debug_frame   0x0000000000003630       0x20 C:/ST/STM32CubeIDE_1.11.2/STM32CubeIDE/plugins/com.st.stm32cube.ide.mcu.externaltools.gnu-tools-for-stm32.11.3.rel1.win32_1.1.1.202309131626/tools/bin/../lib/gcc/arm-none-eabi/11.3.1/../../../../arm-none-eabi/lib/thumb/v7e-m+fp/hard\libc_nano.a(libc_a-memset.o)
 .debug_frame   0x0000000000003650       0x20 C:/ST/STM32CubeIDE_1.11.2/STM32CubeIDE/plugins/com.st.stm32cube.ide.mcu.externaltools.gnu-tools-for-stm32.11.3.rel1.win32_1.1.1.202309131626/tools/bin/../lib/gcc/arm-none-eabi/11.3.1/../../../../arm-none-eabi/lib/thumb/v7e-m+fp/hard\libc_nano.a(libc_a-errno.o)
 .debug_frame   0x0000000000003670       0x2c C:/ST/STM32CubeIDE_1.11.2/STM32CubeIDE/plugins/com.st.stm32cube.ide.mcu.externaltools.gnu-tools-for-stm32.11.3.rel1.win32_1.1.1.202309131626/tools/bin/../lib/gcc/arm-none-eabi/11.3.1/../../../../arm-none-eabi/lib/thumb/v7e-m+fp/hard\libc_nano.a(libc_a-init.o)
 .debug_frame   0x000000000000369c       0x3c C:/ST/STM32CubeIDE_1.11.2/STM32CubeIDE/plugins/com.st.stm32cube.ide.mcu.externaltools.gnu-tools-for-stm32.11.3.rel1.win32_1.1.1.202309131626/tools/bin/../lib/gcc/arm-none-eabi/11.3.1/../../../../arm-none-eabi/lib/thumb/v7e-m+fp/hard\libm.a(libm_a-w_sqrt.o)
 .debug_frame   0x00000000000036d8       0x38 C:/ST/STM32CubeIDE_1.11.2/STM32CubeIDE/plugins/com.st.stm32cube.ide.mcu.externaltools.gnu-tools-for-stm32.11.3.rel1.win32_1.1.1.202309131626/tools/bin/../lib/gcc/arm-none-eabi/11.3.1/../../../../arm-none-eabi/lib/thumb/v7e-m+fp/hard\libm.a(libm_a-e_sqrt.o)
 .debug_frame   0x0000000000003710       0xac C:/ST/STM32CubeIDE_1.11.2/STM32CubeIDE/plugins/com.st.stm32cube.ide.mcu.externaltools.gnu-tools-for-stm32.11.3.rel1.win32_1.1.1.202309131626/tools/bin/../lib/gcc/arm-none-eabi/11.3.1/thumb/v7e-m+fp/hard\libgcc.a(_arm_addsubdf3.o)
 .debug_frame   0x00000000000037bc       0x50 C:/ST/STM32CubeIDE_1.11.2/STM32CubeIDE/plugins/com.st.stm32cube.ide.mcu.externaltools.gnu-tools-for-stm32.11.3.rel1.win32_1.1.1.202309131626/tools/bin/../lib/gcc/arm-none-eabi/11.3.1/thumb/v7e-m+fp/hard\libgcc.a(_arm_muldivdf3.o)
 .debug_frame   0x000000000000380c       0xc4 C:/ST/STM32CubeIDE_1.11.2/STM32CubeIDE/plugins/com.st.stm32cube.ide.mcu.externaltools.gnu-tools-for-stm32.11.3.rel1.win32_1.1.1.202309131626/tools/bin/../lib/gcc/arm-none-eabi/11.3.1/thumb/v7e-m+fp/hard\libgcc.a(_arm_cmpdf2.o)
 .debug_frame   0x00000000000038d0       0x20 C:/ST/STM32CubeIDE_1.11.2/STM32CubeIDE/plugins/com.st.stm32cube.ide.mcu.externaltools.gnu-tools-for-stm32.11.3.rel1.win32_1.1.1.202309131626/tools/bin/../lib/gcc/arm-none-eabi/11.3.1/thumb/v7e-m+fp/hard\libgcc.a(_arm_unorddf2.o)
 .debug_frame   0x00000000000038f0       0x24 C:/ST/STM32CubeIDE_1.11.2/STM32CubeIDE/plugins/com.st.stm32cube.ide.mcu.externaltools.gnu-tools-for-stm32.11.3.rel1.win32_1.1.1.202309131626/tools/bin/../lib/gcc/arm-none-eabi/11.3.1/thumb/v7e-m+fp/hard\libgcc.a(_arm_truncdfsf2.o)
 .debug_frame   0x0000000000003914       0x2c C:/ST/STM32CubeIDE_1.11.2/STM32CubeIDE/plugins/com.st.stm32cube.ide.mcu.externaltools.gnu-tools-for-stm32.11.3.rel1.win32_1.1.1.202309131626/tools/bin/../lib/gcc/arm-none-eabi/11.3.1/thumb/v7e-m+fp/hard\libgcc.a(_aeabi_uldivmod.o)
 .debug_frame   0x0000000000003940       0x34 C:/ST/STM32CubeIDE_1.11.2/STM32CubeIDE/plugins/com.st.stm32cube.ide.mcu.externaltools.gnu-tools-for-stm32.11.3.rel1.win32_1.1.1.202309131626/tools/bin/../lib/gcc/arm-none-eabi/11.3.1/thumb/v7e-m+fp/hard\libgcc.a(_udivmoddi4.o)

.debug_line_str
                0x0000000000000000       0x5d
 .debug_line_str
                0x0000000000000000       0x5d ./Core/Startup/startup_stm32f407vgtx.o
                                         0x75 (size before relaxing)
