../Core/Src/stm32f4xx_it.c:197:6:NMI_Handler	0	static
../Core/Src/stm32f4xx_it.c:212:6:HardFault_Handler	0	static
../Core/Src/stm32f4xx_it.c:227:6:MemManage_Handler	0	static
../Core/Src/stm32f4xx_it.c:242:6:BusFault_Handler	0	static
../Core/Src/stm32f4xx_it.c:257:6:UsageFault_Handler	0	static
../Core/Src/stm32f4xx_it.c:272:6:SVC_Handler	0	static
../Core/Src/stm32f4xx_it.c:285:6:DebugMon_Handler	0	static
../Core/Src/stm32f4xx_it.c:298:6:PendSV_Handler	0	static
../Core/Src/stm32f4xx_it.c:311:6:SysTick_Handler	0	static
../Core/Src/stm32f4xx_it.c:457:6:TIM8_UP_TIM13_IRQHandler	24	static
../Core/Src/stm32f4xx_it.c:738:6:request_receiving_data	0	static
../Core/Src/stm32f4xx_it.c:332:6:CAN1_RX0_IRQHandler	16	static
../Core/Src/stm32f4xx_it.c:858:20:prepare_next_move	56	static
../Core/Src/stm32f4xx_it.c:361:6:TIM1_BRK_TIM9_IRQHandler	8	static
../Core/Src/stm32f4xx_it.c:376:6:TIM1_UP_TIM10_IRQHandler	8	static
../Core/Src/stm32f4xx_it.c:812:20:check_target_reached_z	0	static
../Core/Src/stm32f4xx_it.c:391:6:TIM1_TRG_COM_TIM11_IRQHandler	8	static
../Core/Src/stm32f4xx_it.c:437:6:TIM8_BRK_TIM12_IRQHandler	8	static
../Core/Src/stm32f4xx_it.c:406:6:TIM3_IRQHandler	8	static
../Core/Src/stm32f4xx_it.c:421:6:TIM4_IRQHandler	8	static
