../Drivers/CMSIS/Include/core_cm4.h:1939:34:__NVIC_SystemReset	4	static,ignoring_inline_asm
../Core/Src/main.c:162:5:main	8	static
../Core/Src/main.c:229:6:SystemClock_Config	88	static
../Core/Src/main.c:275:13:MX_CAN1_Init	48	static
../Core/Src/main.c:324:13:MX_TIM2_Init	56	static
../Core/Src/main.c:373:13:MX_TIM3_Init	64	static
../Core/Src/main.c:434:13:MX_TIM4_Init	64	static
../Core/Src/main.c:493:13:MX_TIM9_Init	40	static
../Core/Src/main.c:535:13:MX_TIM10_Init	40	static
../Core/Src/main.c:582:13:MX_TIM11_Init	40	static
../Core/Src/main.c:629:13:MX_TIM12_Init	40	static
../Core/Src/main.c:670:13:MX_TIM13_Init	40	static
../Core/Src/main.c:715:13:MX_GPIO_Init	56	static
../Core/Src/main.c:791:13:start_first_move	8	static
../Core/Src/main.c:821:13:setup	8	static
../Core/Src/main.c:846:13:check_command	24	static
../Core/Src/main.c:971:13:move_axis	128	static
../Core/Src/main.c:1112:13:start_program	8	static
../Core/Src/main.c:1124:6:go_to_home_position	8	static
../Core/Src/main.c:1151:13:homing_cycle	8	static
../Core/Src/main.c:1188:13:measure_tool	16	static
../Core/Src/main.c:1213:6:send_position_message	32	static
../Core/Src/main.c:1229:12:get_mailbox	16	static
../Core/Src/main.c:1236:12:is_mailbox_empty	24	static
../Core/Src/main.c:1253:6:Error_Handler	4	static,ignoring_inline_asm
