../Drivers/CMSIS/Include/core_cm4.h:1939:34:__NVIC_SystemReset	4	static,ignoring_inline_asm
../Core/Src/main.c:167:5:main	8	static
../Core/Src/main.c:233:6:SystemClock_Config	88	static
../Core/Src/main.c:279:13:MX_CAN1_Init	48	static
../Core/Src/main.c:328:13:MX_TIM2_Init	56	static
../Core/Src/main.c:377:13:MX_TIM3_Init	64	static
../Core/Src/main.c:438:13:MX_TIM4_Init	64	static
../Core/Src/main.c:497:13:MX_TIM9_Init	40	static
../Core/Src/main.c:539:13:MX_TIM10_Init	40	static
../Core/Src/main.c:586:13:MX_TIM11_Init	40	static
../Core/Src/main.c:633:13:MX_TIM12_Init	40	static
../Core/Src/main.c:674:13:MX_TIM13_Init	40	static
../Core/Src/main.c:719:13:MX_GPIO_Init	56	static
../Core/Src/main.c:803:13:start_first_move	8	static
../Core/Src/main.c:833:13:setup	8	static
../Core/Src/main.c:860:13:check_command	24	static
../Core/Src/main.c:1010:13:move_axis	144	static
../Core/Src/main.c:1204:13:start_program	8	static
../Core/Src/main.c:1216:6:go_to_home_position	16	static
../Core/Src/main.c:1254:13:homing_cycle	16	static
../Core/Src/main.c:1310:13:measure_tool	16	static
../Core/Src/main.c:1335:6:send_position_message	32	static
../Core/Src/main.c:1351:12:get_mailbox	16	static
../Core/Src/main.c:1358:12:is_mailbox_empty	24	static
../Core/Src/main.c:1375:6:Error_Handler	4	static,ignoring_inline_asm
