../Core/Src/stm32f4xx_it.c:191:6:NMI_Handler	4	static
../Core/Src/stm32f4xx_it.c:206:6:HardFault_Handler	4	static
../Core/Src/stm32f4xx_it.c:221:6:MemManage_Handler	4	static
../Core/Src/stm32f4xx_it.c:236:6:BusFault_Handler	4	static
../Core/Src/stm32f4xx_it.c:251:6:UsageFault_Handler	4	static
../Core/Src/stm32f4xx_it.c:266:6:SVC_Handler	4	static
../Core/Src/stm32f4xx_it.c:279:6:DebugMon_Handler	4	static
../Core/Src/stm32f4xx_it.c:292:6:PendSV_Handler	4	static
../Core/Src/stm32f4xx_it.c:305:6:SysTick_Handler	8	static
../Core/Src/stm32f4xx_it.c:326:6:CAN1_RX0_IRQHandler	8	static
../Core/Src/stm32f4xx_it.c:355:6:TIM1_BRK_TIM9_IRQHandler	8	static
../Core/Src/stm32f4xx_it.c:370:6:TIM1_UP_TIM10_IRQHandler	8	static
../Core/Src/stm32f4xx_it.c:385:6:TIM1_TRG_COM_TIM11_IRQHandler	8	static
../Core/Src/stm32f4xx_it.c:400:6:TIM3_IRQHandler	8	static
../Core/Src/stm32f4xx_it.c:415:6:TIM4_IRQHandler	8	static
../Core/Src/stm32f4xx_it.c:431:6:TIM8_BRK_TIM12_IRQHandler	8	static
../Core/Src/stm32f4xx_it.c:451:6:TIM8_UP_TIM13_IRQHandler	8	static
../Core/Src/stm32f4xx_it.c:466:20:get_data	8	static
../Core/Src/stm32f4xx_it.c:589:20:handle_mc_data_part_1	4	static
../Core/Src/stm32f4xx_it.c:597:20:handle_mc_data_part_2	4	static
../Core/Src/stm32f4xx_it.c:605:20:handle_mc_data_part_3	4	static
../Core/Src/stm32f4xx_it.c:613:20:handle_mc_data_part_4	8	static
../Core/Src/stm32f4xx_it.c:654:20:store_data	4	static
../Core/Src/stm32f4xx_it.c:714:6:request_receiving_data	4	static
../Core/Src/stm32f4xx_it.c:734:20:update_standpoint_x	4	static
../Core/Src/stm32f4xx_it.c:742:20:check_target_reached_x	8	static
../Core/Src/stm32f4xx_it.c:752:20:update_standpoint_y	4	static
../Core/Src/stm32f4xx_it.c:760:20:check_target_reached_y	8	static
../Core/Src/stm32f4xx_it.c:769:20:update_standpoint_z	4	static
../Core/Src/stm32f4xx_it.c:777:20:check_target_reached_z	8	static
../Core/Src/stm32f4xx_it.c:786:20:update_standpoint_b	4	static
../Core/Src/stm32f4xx_it.c:795:20:check_target_reached_b	8	static
../Core/Src/stm32f4xx_it.c:804:20:update_standpoint_c	4	static
../Core/Src/stm32f4xx_it.c:813:20:check_target_reached_c	8	static
../Core/Src/stm32f4xx_it.c:823:20:prepare_next_move	16	static
../Core/Src/stm32f4xx_it.c:874:12:set_timer_speeds	64	static
../Core/Src/stm32f4xx_it.c:1039:20:set_targets	4	static
../Core/Src/stm32f4xx_it.c:1051:13:calc_prescaler	32	static
../Core/Src/stm32f4xx_it.c:1097:20:start_motors	8	static
../Core/Src/stm32f4xx_it.c:1121:20:x_axis_start	4	static
../Core/Src/stm32f4xx_it.c:1126:20:y_axis_start	4	static
../Core/Src/stm32f4xx_it.c:1131:20:z_axis_start	4	static
../Core/Src/stm32f4xx_it.c:1136:20:xy_axis_start	4	static
../Core/Src/stm32f4xx_it.c:1143:20:xz_axis_start	4	static
../Core/Src/stm32f4xx_it.c:1150:20:yz_axis_start	4	static
../Core/Src/stm32f4xx_it.c:1157:20:xyz_axis_start	4	static
../Core/Src/stm32f4xx_it.c:1167:20:b_axis_start	4	static
../Core/Src/stm32f4xx_it.c:1173:20:c_axis_start	4	static
../Core/Src/stm32f4xx_it.c:1179:20:save_targets	4	static
../Core/Src/stm32f4xx_it.c:1189:20:manual_motor_controll	8	static
../Core/Src/stm32f4xx_it.c:1203:20:toggle_pin_x_axis	8	static
../Core/Src/stm32f4xx_it.c:1240:20:toggle_pin_y_axis	8	static
../Core/Src/stm32f4xx_it.c:1276:20:toggle_pin_z_axis	8	static
../Core/Src/stm32f4xx_it.c:1326:20:toggle_pin_b_axis	4	static
../Core/Src/stm32f4xx_it.c:1357:20:toggle_pin_c_axis	4	static
../Core/Src/stm32f4xx_it.c:1388:20:wait	16	static
