../Core/Src/stm32f4xx_it.c:192:6:NMI_Handler	4	static
../Core/Src/stm32f4xx_it.c:207:6:HardFault_Handler	4	static
../Core/Src/stm32f4xx_it.c:222:6:MemManage_Handler	4	static
../Core/Src/stm32f4xx_it.c:237:6:BusFault_Handler	4	static
../Core/Src/stm32f4xx_it.c:252:6:UsageFault_Handler	4	static
../Core/Src/stm32f4xx_it.c:267:6:SVC_Handler	4	static
../Core/Src/stm32f4xx_it.c:280:6:DebugMon_Handler	4	static
../Core/Src/stm32f4xx_it.c:293:6:PendSV_Handler	4	static
../Core/Src/stm32f4xx_it.c:306:6:SysTick_Handler	8	static
../Core/Src/stm32f4xx_it.c:327:6:CAN1_RX0_IRQHandler	8	static
../Core/Src/stm32f4xx_it.c:356:6:TIM1_BRK_TIM9_IRQHandler	8	static
../Core/Src/stm32f4xx_it.c:371:6:TIM1_UP_TIM10_IRQHandler	8	static
../Core/Src/stm32f4xx_it.c:386:6:TIM1_TRG_COM_TIM11_IRQHandler	8	static
../Core/Src/stm32f4xx_it.c:401:6:TIM3_IRQHandler	8	static
../Core/Src/stm32f4xx_it.c:416:6:TIM4_IRQHandler	8	static
../Core/Src/stm32f4xx_it.c:432:6:TIM8_BRK_TIM12_IRQHandler	8	static
../Core/Src/stm32f4xx_it.c:452:6:TIM8_UP_TIM13_IRQHandler	8	static
../Core/Src/stm32f4xx_it.c:467:20:get_data	8	static
../Core/Src/stm32f4xx_it.c:581:20:handle_mc_data_part_1	4	static
../Core/Src/stm32f4xx_it.c:589:20:handle_mc_data_part_2	4	static
../Core/Src/stm32f4xx_it.c:597:20:handle_mc_data_part_3	4	static
../Core/Src/stm32f4xx_it.c:605:20:handle_mc_data_part_4	8	static
../Core/Src/stm32f4xx_it.c:646:20:store_data	4	static
../Core/Src/stm32f4xx_it.c:667:20:send_data	8	static
../Core/Src/stm32f4xx_it.c:693:6:request_receiving_data	4	static
../Core/Src/stm32f4xx_it.c:710:20:update_standpoint_x	4	static
../Core/Src/stm32f4xx_it.c:718:20:check_target_reached_x	8	static
../Core/Src/stm32f4xx_it.c:728:20:update_standpoint_y	4	static
../Core/Src/stm32f4xx_it.c:736:20:check_target_reached_y	8	static
../Core/Src/stm32f4xx_it.c:745:20:update_standpoint_z	4	static
../Core/Src/stm32f4xx_it.c:753:20:check_target_reached_z	8	static
../Core/Src/stm32f4xx_it.c:762:20:update_standpoint_b	4	static
../Core/Src/stm32f4xx_it.c:771:20:check_target_reached_b	8	static
../Core/Src/stm32f4xx_it.c:780:20:update_standpoint_c	4	static
../Core/Src/stm32f4xx_it.c:789:20:check_target_reached_c	8	static
../Core/Src/stm32f4xx_it.c:802:20:prepare_next_move	16	static
../Core/Src/stm32f4xx_it.c:853:12:set_timer_speeds	64	static
../Core/Src/stm32f4xx_it.c:1018:20:set_targets	4	static
../Core/Src/stm32f4xx_it.c:1030:13:calc_prescaler	32	static
../Core/Src/stm32f4xx_it.c:1076:20:start_motors	8	static
../Core/Src/stm32f4xx_it.c:1100:20:x_axis_start	4	static
../Core/Src/stm32f4xx_it.c:1105:20:y_axis_start	4	static
../Core/Src/stm32f4xx_it.c:1110:20:z_axis_start	4	static
../Core/Src/stm32f4xx_it.c:1115:20:xy_axis_start	4	static
../Core/Src/stm32f4xx_it.c:1122:20:xz_axis_start	4	static
../Core/Src/stm32f4xx_it.c:1129:20:yz_axis_start	4	static
../Core/Src/stm32f4xx_it.c:1136:20:xyz_axis_start	4	static
../Core/Src/stm32f4xx_it.c:1146:20:b_axis_start	4	static
../Core/Src/stm32f4xx_it.c:1152:20:c_axis_start	4	static
../Core/Src/stm32f4xx_it.c:1158:20:save_targets	4	static
../Core/Src/stm32f4xx_it.c:1168:20:manual_motor_controll	8	static
../Core/Src/stm32f4xx_it.c:1183:20:toggle_pin_x_axis	8	static
../Core/Src/stm32f4xx_it.c:1213:20:toggle_pin_y_axis	8	static
../Core/Src/stm32f4xx_it.c:1242:20:toggle_pin_z_axis	8	static
../Core/Src/stm32f4xx_it.c:1285:20:toggle_pin_b_axis	4	static
../Core/Src/stm32f4xx_it.c:1316:20:toggle_pin_c_axis	4	static
../Core/Src/stm32f4xx_it.c:1347:20:wait	16	static
