../Core/Src/stm32f4xx_it.c:197:6:NMI_Handler	4	static
../Core/Src/stm32f4xx_it.c:212:6:HardFault_Handler	4	static
../Core/Src/stm32f4xx_it.c:227:6:MemManage_Handler	4	static
../Core/Src/stm32f4xx_it.c:242:6:BusFault_Handler	4	static
../Core/Src/stm32f4xx_it.c:257:6:UsageFault_Handler	4	static
../Core/Src/stm32f4xx_it.c:272:6:SVC_Handler	4	static
../Core/Src/stm32f4xx_it.c:285:6:DebugMon_Handler	4	static
../Core/Src/stm32f4xx_it.c:298:6:PendSV_Handler	4	static
../Core/Src/stm32f4xx_it.c:311:6:SysTick_Handler	8	static
../Core/Src/stm32f4xx_it.c:332:6:CAN1_RX0_IRQHandler	8	static
../Core/Src/stm32f4xx_it.c:361:6:TIM1_BRK_TIM9_IRQHandler	8	static
../Core/Src/stm32f4xx_it.c:376:6:TIM1_UP_TIM10_IRQHandler	8	static
../Core/Src/stm32f4xx_it.c:391:6:TIM1_TRG_COM_TIM11_IRQHandler	8	static
../Core/Src/stm32f4xx_it.c:406:6:TIM3_IRQHandler	8	static
../Core/Src/stm32f4xx_it.c:421:6:TIM4_IRQHandler	8	static
../Core/Src/stm32f4xx_it.c:437:6:TIM8_BRK_TIM12_IRQHandler	8	static
../Core/Src/stm32f4xx_it.c:457:6:TIM8_UP_TIM13_IRQHandler	8	static
../Core/Src/stm32f4xx_it.c:472:20:get_data	8	static
../Core/Src/stm32f4xx_it.c:611:20:handle_mc_data_part_1	4	static
../Core/Src/stm32f4xx_it.c:619:20:handle_mc_data_part_2	4	static
../Core/Src/stm32f4xx_it.c:627:20:handle_mc_data_part_3	4	static
../Core/Src/stm32f4xx_it.c:635:20:handle_mc_data_part_4	8	static
../Core/Src/stm32f4xx_it.c:738:6:request_receiving_data	4	static
../Core/Src/stm32f4xx_it.c:769:20:update_standpoint_x	4	static
../Core/Src/stm32f4xx_it.c:777:20:check_target_reached_x	8	static
../Core/Src/stm32f4xx_it.c:787:20:update_standpoint_y	4	static
../Core/Src/stm32f4xx_it.c:795:20:check_target_reached_y	8	static
../Core/Src/stm32f4xx_it.c:804:20:update_standpoint_z	4	static
../Core/Src/stm32f4xx_it.c:812:20:check_target_reached_z	8	static
../Core/Src/stm32f4xx_it.c:821:20:update_standpoint_b	4	static
../Core/Src/stm32f4xx_it.c:830:20:check_target_reached_b	8	static
../Core/Src/stm32f4xx_it.c:839:20:update_standpoint_c	4	static
../Core/Src/stm32f4xx_it.c:848:20:check_target_reached_c	8	static
../Core/Src/stm32f4xx_it.c:858:20:prepare_next_move	16	static
../Core/Src/stm32f4xx_it.c:925:12:set_timer_speeds	64	static
../Core/Src/stm32f4xx_it.c:1101:20:set_targets	4	static
../Core/Src/stm32f4xx_it.c:1113:13:calc_prescaler	32	static
../Core/Src/stm32f4xx_it.c:1159:20:start_motors	8	static
../Core/Src/stm32f4xx_it.c:1186:20:x_axis_start	4	static
../Core/Src/stm32f4xx_it.c:1191:20:y_axis_start	4	static
../Core/Src/stm32f4xx_it.c:1196:20:z_axis_start	4	static
../Core/Src/stm32f4xx_it.c:1201:20:xy_axis_start	4	static
../Core/Src/stm32f4xx_it.c:1208:20:xz_axis_start	4	static
../Core/Src/stm32f4xx_it.c:1215:20:yz_axis_start	4	static
../Core/Src/stm32f4xx_it.c:1222:20:xyz_axis_start	4	static
../Core/Src/stm32f4xx_it.c:1231:20:b_axis_start	4	static
../Core/Src/stm32f4xx_it.c:1237:20:c_axis_start	4	static
../Core/Src/stm32f4xx_it.c:1242:20:save_targets	4	static
../Core/Src/stm32f4xx_it.c:1251:20:manual_motor_controll	8	static
../Core/Src/stm32f4xx_it.c:1269:20:toggle_pin_x_axis	8	static
../Core/Src/stm32f4xx_it.c:1306:20:toggle_pin_y_axis	8	static
../Core/Src/stm32f4xx_it.c:1341:20:toggle_pin_z_axis	8	static
../Core/Src/stm32f4xx_it.c:1390:20:toggle_pin_b_axis	4	static
../Core/Src/stm32f4xx_it.c:1421:20:toggle_pin_c_axis	4	static
../Core/Src/stm32f4xx_it.c:1452:20:toggle_pin_y_left_axis	8	static
../Core/Src/stm32f4xx_it.c:1499:20:toggle_pin_y_right_axis	8	static
../Core/Src/stm32f4xx_it.c:1544:20:wait	16	static
